Symbol="SPIR"
AssetType="Common Stock"
Name="Spire Global Inc"
Description="Spire Global, Inc. develops a hardware and smart analytics platform that tracks oceans, skies, and weather. The company is headquartered in San Francisco, California with additional offices in Boulder, Colorado; Washington, D.C.; Glasgow, United Kingdom; Luxembourg; and Singapore."
CIK="1816017"
Exchange="NYSE"
Currency="USD"
Country="USA"
Sector="TECHNOLOGY"
Industry="COMMUNICATIONS SERVICES, NEC"
Address="8000 TOWERS CRESCENT DRIVE, SUITE 1225, VIENNA, VA, US"
FiscalYearEnd="December"
LatestQuarter="2023-03-31"
MarketCapitalization="89668000"
EBITDA="-45575000"
PERatio="None"
PEGRatio="None"
BookValue="0.643"
DividendPerShare="0"
DividendYield="0"
EPS="-0.74"
RevenuePerShareTTM="0.611"
ProfitMargin="-1.103"
OperatingMarginTTM="-0.729"
ReturnOnAssetsTTM="-0.144"
ReturnOnEquityTTM="-0.688"
RevenueTTM="86366000"
GrossProfitTTM="39941000"
DilutedEPSTTM="-0.74"
QuarterlyEarningsGrowthYOY="0"
QuarterlyRevenueGrowthYOY="0.337"
AnalystTargetPrice="2.8"
TrailingPE="-"
ForwardPE="-"
PriceToSalesRatioTTM="2.306"
PriceToBookRatio="1.453"
EVToRevenue="2.793"
EVToEBITDA="4.745"
Beta="1.058"
num_52WeekHigh="1.71"
num_52WeekLow="0.35"
num_50DayMovingAverage="0.655"
num_200DayMovingAverage="0.957"
SharesOutstanding="146063000"
DividendDate="None"
ExDividendDate="None"
symbol="SPIR"
open="0.61"
high="0.70"
low="0.58"
price="0.68"
volume="2020066.00"
latest_trading_day="2023-07-12"
previous_close="0.61"
change="0.07"
change_percent="10.7509%"
aroon_positive_momentum_days="0"
aroon_negative_momentum_days="88"
trend_strength="Absent or Weak Trend"
buying_signal="High Volatility / Hold Signal"
volume_analysis="Target Volume"
value_analysis="Expected Range"
Aroon_change="FALSE"
Aroon_momentum="12"
Volume_recent_avg="1147901"
Change_recent_avg="-0.01"
Delta_recent_avg="0.07"
Variance_recent_avg="0.03"
Change_ratio_recent_avg="-2.06"
RSI_change="FALSE"
ADX_change="FALSE"

event="FALSE"
Aroon_signal="negative"
Aroon_change="FALSE"
Aroon_momentum_positive="12"
Aroon_momentum_negative="88"
image_negative_thumbnail_id_1="504"
image_negative_url_1="https://hehge.com/wp-content/uploads/sites/16/2023/06/MI_Finance_Negative_Landscape_0101.jpeg"
image_negative_thumbnail_id_2="98"
image_negative_url_2="https://hehge.com/wp-content/uploads/sites/16/2023/05/MI_Finance_Negative_Landscape_0078.jpeg"
image_neutral_thumbnail_id_1="576"
image_neutral_url_1="https://hehge.com/wp-content/uploads/sites/16/2023/06/MI_Finance_Neutral_Landscape_0023.jpeg"
image_neutral_thumbnail_id_2="588"
image_neutral_url_2="https://hehge.com/wp-content/uploads/sites/16/2023/06/MI_Finance_Neutral_Landscape_0011.jpeg"
image_positive_thumbnail_id_1="681"
image_positive_url_1="https://hehge.com/wp-content/uploads/sites/16/2023/06/MI_Finance_Positive_Landscape_0027.jpeg"
image_positive_thumbnail_id_2="987"
image_positive_url_2="https://hehge.com/wp-content/uploads/sites/16/2023/06/MI_Finance_Positive_Landscape_0149.jpeg"
image_professor_thumbnail_id_1="1188"
image_professor_url_1="https://hehge.com/wp-content/uploads/sites/16/2023/06/MI_Finance_Professor_Landscape_0022.jpeg"
image_professor_thumbnail_id_2="1190"
image_professor_url_2="https://hehge.com/wp-content/uploads/sites/16/2023/06/MI_Finance_Professor_Landscape_0024.jpeg"
