Symbol="EGHT"
AssetType="Common Stock"
Name="8x8 Inc Common Stock"
Description="8x8, Inc. provides enterprise-class voice, video, chat, contact center and contact center application programmable interface (API) software solutions for small and medium-sized businesses, medium-sized and large businesses, government agencies, and other organizations to world level. The company is headquartered in Campbell, California."
CIK="1023731"
Exchange="NASDAQ"
Currency="USD"
Country="USA"
Sector="TECHNOLOGY"
Industry="SERVICES-COMPUTER PROCESSING & DATA PREPARATION"
Address="2125 O'NEL DRIVE, SAN JOSE, CA, US"
FiscalYearEnd="March"
LatestQuarter="2023-03-31"
MarketCapitalization="524802000"
EBITDA="-34750000"
PERatio="None"
PEGRatio="0.532"
BookValue="0.871"
DividendPerShare="0"
DividendYield="0"
EPS="-0.63"
RevenuePerShareTTM="6.42"
ProfitMargin="-0.0983"
OperatingMarginTTM="-0.0891"
ReturnOnAssetsTTM="-0.0473"
ReturnOnEquityTTM="-0.518"
RevenueTTM="743938000"
GrossProfitTTM="390572000"
DilutedEPSTTM="-0.63"
QuarterlyEarningsGrowthYOY="0"
QuarterlyRevenueGrowthYOY="0.017"
AnalystTargetPrice="5.33"
TrailingPE="-"
ForwardPE="14.24"
PriceToSalesRatioTTM="0.75"
PriceToBookRatio="6.19"
EVToRevenue="1.391"
EVToEBITDA="-12.96"
Beta="1.267"
num_52WeekHigh="6.49"
num_52WeekLow="2.5"
num_50DayMovingAverage="4.078"
num_200DayMovingAverage="4.248"
SharesOutstanding="116364000"
DividendDate="None"
ExDividendDate="None"
symbol="EGHT"
open="4.33"
high="4.52"
low="4.33"
price="4.51"
volume="941119.00"
latest_trading_day="2023-07-28"
previous_close="4.24"
change="0.27"
change_percent="6.3679%"
aroon_positive_momentum_days="40"
aroon_negative_momentum_days="0"
trend_strength="Absent or Weak Trend"
buying_signal="Strong Buy Signal"
volume_analysis="Target Volume"
value_analysis="Expected Range"
Aroon_change="FALSE"
Aroon_momentum="40"
Volume_recent_avg="1517552"
Change_recent_avg="-0.01"
Delta_recent_avg="0.22"
Variance_recent_avg="0.11"
Change_ratio_recent_avg="-0.22"
RSI_change="FALSE"
ADX_change="FALSE"

event="FALSE"
Aroon_signal="positive"
Aroon_change="FALSE"
Aroon_momentum_positive="40"
Aroon_momentum_negative="60"
image_negative_thumbnail_id_1="96"
image_negative_url_1="https://hehge.com/wp-content/uploads/sites/16/2023/05/MI_Finance_Negative_Landscape_0080.jpeg"
image_negative_thumbnail_id_2="1089"
image_negative_url_2="https://hehge.com/wp-content/uploads/sites/16/2023/06/MI_Finance_Negative_Landscape_0122.jpeg"
image_neutral_thumbnail_id_1="536"
image_neutral_url_1="https://hehge.com/wp-content/uploads/sites/16/2023/06/MI_Finance_Neutral_Landscape_0063.jpeg"
image_neutral_thumbnail_id_2="556"
image_neutral_url_2="https://hehge.com/wp-content/uploads/sites/16/2023/06/MI_Finance_Neutral_Landscape_0043.jpeg"
image_positive_thumbnail_id_1="996"
image_positive_url_1="https://hehge.com/wp-content/uploads/sites/16/2023/06/MI_Finance_Positive_Landscape_0158.jpeg"
image_positive_thumbnail_id_2="968"
image_positive_url_2="https://hehge.com/wp-content/uploads/sites/16/2023/06/MI_Finance_Positive_Landscape_0130.jpeg"
image_professor_thumbnail_id_1="1182"
image_professor_url_1="https://hehge.com/wp-content/uploads/sites/16/2023/06/MI_Finance_Professor_Landscape_0016.jpeg"
image_professor_thumbnail_id_2="1183"
image_professor_url_2="https://hehge.com/wp-content/uploads/sites/16/2023/06/MI_Finance_Professor_Landscape_0017.jpeg"
