Symbol="CHKP"
AssetType="Common Stock"
Name="Check Point Software Technologies Ltd"
Description="Check Point Software Technologies Ltd. develops, markets and supports a range of IT security products and services globally. The company is headquartered in Tel Aviv, Israel."
CIK="1015922"
Exchange="NASDAQ"
Currency="USD"
Country="USA"
Sector="TECHNOLOGY"
Industry="SERVICES-PREPACKAGED SOFTWARE"
Address="5 HA' SOLELIM STREET, TEL AVIV, ISRAEL, IL"
FiscalYearEnd="December"
LatestQuarter="2023-06-30"
MarketCapitalization="15358511000"
EBITDA="923000000"
PERatio="19.27"
PEGRatio="3.253"
BookValue="23.95"
DividendPerShare="0"
DividendYield="0"
EPS="6.6"
RevenuePerShareTTM="19.55"
ProfitMargin="0.354"
OperatingMarginTTM="0.378"
ReturnOnAssetsTTM="0.101"
ReturnOnEquityTTM="0.287"
RevenueTTM="2371000000"
GrossProfitTTM="2037400000"
DilutedEPSTTM="6.6"
QuarterlyEarningsGrowthYOY="0.25"
QuarterlyRevenueGrowthYOY="0.031"
AnalystTargetPrice="137.79"
TrailingPE="19.27"
ForwardPE="16.26"
PriceToSalesRatioTTM="7.11"
PriceToBookRatio="5.66"
EVToRevenue="6.5"
EVToEBITDA="16.32"
Beta="0.659"
num_52WeekHigh="135.93"
num_52WeekLow="107.54"
num_50DayMovingAverage="126.98"
num_200DayMovingAverage="126.97"
SharesOutstanding="120762000"
DividendDate="None"
ExDividendDate="None"
symbol="CHKP"
open="132.16"
high="132.16"
low="126.92"
price="127.18"
volume="1144273.00"
latest_trading_day="2023-08-04"
previous_close="131.96"
change="-4.78"
change_percent="-3.6223%"
aroon_positive_momentum_days="32"
aroon_negative_momentum_days="0"
trend_strength="Absent or Weak Trend"
buying_signal="Strong Buy Signal"
volume_analysis="Target Volume"
value_analysis="Expected Range"
Aroon_change="FALSE"
Aroon_momentum="32"
Volume_recent_avg="910346"
Change_recent_avg="0.14"
Delta_recent_avg="2.29"
Variance_recent_avg="1.15"
Change_ratio_recent_avg="0.11"
RSI_change="FALSE"
ADX_change="FALSE"

event="FALSE"
Aroon_signal="positive"
Aroon_change="FALSE"
Aroon_momentum_positive="32"
Aroon_momentum_negative="68"
image_negative_thumbnail_id_1="507"
image_negative_url_1="https://hehge.com/wp-content/uploads/sites/16/2023/06/MI_Finance_Negative_Landscape_0098.jpeg"
image_negative_thumbnail_id_2="144"
image_negative_url_2="https://hehge.com/wp-content/uploads/sites/16/2023/05/MI_Finance_Negative_Landscape_0032.jpeg"
image_neutral_thumbnail_id_1="590"
image_neutral_url_1="https://hehge.com/wp-content/uploads/sites/16/2023/06/MI_Finance_Neutral_Landscape_0009.jpeg"
image_neutral_thumbnail_id_2="549"
image_neutral_url_2="https://hehge.com/wp-content/uploads/sites/16/2023/06/MI_Finance_Neutral_Landscape_0050.jpeg"
image_positive_thumbnail_id_1="1012"
image_positive_url_1="https://hehge.com/wp-content/uploads/sites/16/2023/06/MI_Finance_Positive_Landscape_0174.jpeg"
image_positive_thumbnail_id_2="679"
image_positive_url_2="https://hehge.com/wp-content/uploads/sites/16/2023/06/MI_Finance_Positive_Landscape_0029.jpeg"
image_professor_thumbnail_id_1="1200"
image_professor_url_1="https://hehge.com/wp-content/uploads/sites/16/2023/06/MI_Finance_Professor_Landscape_0034.jpeg"
image_professor_thumbnail_id_2="1188"
image_professor_url_2="https://hehge.com/wp-content/uploads/sites/16/2023/06/MI_Finance_Professor_Landscape_0022.jpeg"
