Symbol="ARBEW"
AssetType="Common Stock"
Name="Arbe Robotics Ltd. Warrant"
Description="None"
CIK="1861841"
Exchange="NASDAQ"
Currency="USD"
Country="USA"
Sector="TECHNOLOGY"
Industry="SERVICES-COMPUTER INTEGRATED SYSTEMS DESIGN"
Address="107 HA'HASHMONAIM ST, TEL AVIV, IL"
FiscalYearEnd="December"
LatestQuarter="2023-03-31"
MarketCapitalization="None"
EBITDA="-47219000"
PERatio="None"
PEGRatio="None"
BookValue="0.642"
DividendPerShare="0"
DividendYield="0"
EPS="-1.342"
RevenuePerShareTTM="0.043"
ProfitMargin="0"
OperatingMarginTTM="-15.93"
ReturnOnAssetsTTM="-0.412"
ReturnOnEquityTTM="-0.737"
RevenueTTM="2996000"
GrossProfitTTM="0"
DilutedEPSTTM="-1.342"
QuarterlyEarningsGrowthYOY="0"
QuarterlyRevenueGrowthYOY="-0.595"
AnalystTargetPrice="None"
TrailingPE="-"
ForwardPE="-"
PriceToSalesRatioTTM="-"
PriceToBookRatio="-"
EVToRevenue="-"
EVToEBITDA="-"
Beta="-0.359"
num_52WeekHigh="0.916"
num_52WeekLow="0.15"
num_50DayMovingAverage="0"
num_200DayMovingAverage="0"
SharesOutstanding="0"
DividendDate="None"
ExDividendDate="None"
symbol="ARBEW"
open="0.31"
high="0.31"
low="0.31"
price="0.31"
volume="359.00"
latest_trading_day="2023-08-04"
previous_close="0.31"
change="0.00"
change_percent="0.0000%"
aroon_positive_momentum_days="41"
aroon_negative_momentum_days="0"
trend_strength="Absent or Weak Trend"
buying_signal="Weak Buy Signal"
volume_analysis="Target Volume"
value_analysis="Expected Range"
Aroon_change="FALSE"
Aroon_momentum="41"
Volume_recent_avg="8470"
Change_recent_avg="0.01"
Delta_recent_avg="0.04"
Variance_recent_avg="0.02"
Change_ratio_recent_avg="-0.36"
RSI_change="FALSE"
ADX_change="FALSE"

event="FALSE"
Aroon_signal="positive"
Aroon_change="FALSE"
Aroon_momentum_positive="41"
Aroon_momentum_negative="59"
image_negative_thumbnail_id_1="147"
image_negative_url_1="https://hehge.com/wp-content/uploads/sites/16/2023/05/MI_Finance_Negative_Landscape_0029.jpeg"
image_negative_thumbnail_id_2="141"
image_negative_url_2="https://hehge.com/wp-content/uploads/sites/16/2023/05/MI_Finance_Negative_Landscape_0035.jpeg"
image_neutral_thumbnail_id_1="432"
image_neutral_url_1="https://hehge.com/wp-content/uploads/sites/16/2023/05/MI_Finance_Neutral_Landscape_0019.jpeg"
image_neutral_thumbnail_id_2="570"
image_neutral_url_2="https://hehge.com/wp-content/uploads/sites/16/2023/06/MI_Finance_Neutral_Landscape_0029.jpeg"
image_positive_thumbnail_id_1="704"
image_positive_url_1="https://hehge.com/wp-content/uploads/sites/16/2023/06/MI_Finance_Positive_Landscape_0004.jpeg"
image_positive_thumbnail_id_2="971"
image_positive_url_2="https://hehge.com/wp-content/uploads/sites/16/2023/06/MI_Finance_Positive_Landscape_0133.jpeg"
image_professor_thumbnail_id_1="1168"
image_professor_url_1="https://hehge.com/wp-content/uploads/sites/16/2023/06/MI_Finance_Professor_Landscape_0002.jpeg"
image_professor_thumbnail_id_2="1170"
image_professor_url_2="https://hehge.com/wp-content/uploads/sites/16/2023/06/MI_Finance_Professor_Landscape_0004.jpeg"
