Symbol="UIS"
AssetType="Common Stock"
Name="Unisys Corporation"
Description="Unisys Corporation is a global information technology services company. The company is headquartered in Blue Bell, Pennsylvania."
CIK="746838"
Exchange="NYSE"
Currency="USD"
Country="USA"
Sector="TECHNOLOGY"
Industry="SERVICES-COMPUTER INTEGRATED SYSTEMS DESIGN"
Address="801 LAKEVIEW DRIVE, SUITE 100, BLUE BELL, PA, US"
FiscalYearEnd="December"
LatestQuarter="2023-03-31"
MarketCapitalization="367260000"
EBITDA="192800000"
PERatio="None"
PEGRatio="-0.52"
BookValue="0.245"
DividendPerShare="0"
DividendYield="0"
EPS="-3.41"
RevenuePerShareTTM="30.23"
ProfitMargin="-0.109"
OperatingMarginTTM="0.0652"
ReturnOnAssetsTTM="0.0385"
ReturnOnEquityTTM="0"
RevenueTTM="2049600000"
GrossProfitTTM="556300000"
DilutedEPSTTM="-3.41"
QuarterlyEarningsGrowthYOY="0"
QuarterlyRevenueGrowthYOY="0.156"
AnalystTargetPrice="5.5"
TrailingPE="-"
ForwardPE="116.28"
PriceToSalesRatioTTM="0.159"
PriceToBookRatio="-"
EVToRevenue="0.262"
EVToEBITDA="-9.18"
Beta="0.675"
num_52WeekHigh="14.62"
num_52WeekLow="3.05"
num_50DayMovingAverage="4.459"
num_200DayMovingAverage="4.93"
SharesOutstanding="68264000"
DividendDate="None"
ExDividendDate="1990-06-18"
symbol="UIS"
open="5.60"
high="5.71"
low="5.37"
price="5.38"
volume="619312.00"
latest_trading_day="2023-07-27"
previous_close="5.57"
change="-0.19"
change_percent="-3.4111%"
aroon_positive_momentum_days="36"
aroon_negative_momentum_days="0"
trend_strength="Absent or Weak Trend"
buying_signal="Strong Buy Signal"
volume_analysis="Target Volume"
value_analysis="Expected Range"
Aroon_change="FALSE"
Aroon_momentum="36"
Volume_recent_avg="1204557"
Change_recent_avg="0.01"
Delta_recent_avg="0.23"
Variance_recent_avg="0.11"
Change_ratio_recent_avg="-0.16"
RSI_change="FALSE"
ADX_change="FALSE"

event="FALSE"
Aroon_signal="positive"
Aroon_change="FALSE"
Aroon_momentum_positive="36"
Aroon_momentum_negative="64"
image_negative_thumbnail_id_1="1132"
image_negative_url_1="https://hehge.com/wp-content/uploads/sites/16/2023/06/MI_Finance_Negative_Landscape_0165.jpeg"
image_negative_thumbnail_id_2="1129"
image_negative_url_2="https://hehge.com/wp-content/uploads/sites/16/2023/06/MI_Finance_Negative_Landscape_0162.jpeg"
image_neutral_thumbnail_id_1="573"
image_neutral_url_1="https://hehge.com/wp-content/uploads/sites/16/2023/06/MI_Finance_Neutral_Landscape_0026.jpeg"
image_neutral_thumbnail_id_2="544"
image_neutral_url_2="https://hehge.com/wp-content/uploads/sites/16/2023/06/MI_Finance_Neutral_Landscape_0055.jpeg"
image_positive_thumbnail_id_1="700"
image_positive_url_1="https://hehge.com/wp-content/uploads/sites/16/2023/06/MI_Finance_Positive_Landscape_0008.jpeg"
image_positive_thumbnail_id_2="679"
image_positive_url_2="https://hehge.com/wp-content/uploads/sites/16/2023/06/MI_Finance_Positive_Landscape_0029.jpeg"
image_professor_thumbnail_id_1="1168"
image_professor_url_1="https://hehge.com/wp-content/uploads/sites/16/2023/06/MI_Finance_Professor_Landscape_0002.jpeg"
image_professor_thumbnail_id_2="1202"
image_professor_url_2="https://hehge.com/wp-content/uploads/sites/16/2023/06/MI_Finance_Professor_Landscape_0036.jpeg"
