Symbol="TME"
AssetType="Common Stock"
Name="Tencent Music Entertainment Group"
Description="Tencent Music Entertainment Group operates online music entertainment platforms providing music streaming, online karaoke and live streaming services in the People's Republic of China. "
CIK="1744676"
Exchange="NYSE"
Currency="USD"
Country="China"
Sector="TECHNOLOGY"
Industry="RADIO BROADCASTING STATIONS"
Address="UNIT 3, BUILDING D, KEXING SCIENCE PARK, KEJIZHONGSAN AVENUE, HI-TECH PARK, NANSHAN DISTRICT, SHENZHEN, CHINA"
FiscalYearEnd="December"
LatestQuarter="2023-03-31"
MarketCapitalization="12154983000"
EBITDA="5001000000"
PERatio="18.72"
PEGRatio="1.383"
BookValue="32.67"
DividendPerShare="0"
DividendYield="0"
EPS="0.36"
RevenuePerShareTTM="18.13"
ProfitMargin="0.147"
OperatingMarginTTM="0.143"
ReturnOnAssetsTTM="0.0379"
ReturnOnEquityTTM="0.0867"
RevenueTTM="28699001000"
GrossProfitTTM="8773000000"
DilutedEPSTTM="0.36"
QuarterlyEarningsGrowthYOY="1"
QuarterlyRevenueGrowthYOY="0.054"
AnalystTargetPrice="9.65"
TrailingPE="18.72"
ForwardPE="18.15"
PriceToSalesRatioTTM="0.456"
PriceToBookRatio="1.991"
EVToRevenue="0.396"
EVToEBITDA="3.001"
Beta="0.809"
num_52WeekHigh="9.29"
num_52WeekLow="3.14"
num_50DayMovingAverage="7.52"
num_200DayMovingAverage="7.14"
SharesOutstanding="1716080000"
DividendDate="None"
ExDividendDate="None"
symbol="TME"
open="6.85"
high="6.93"
low="6.74"
price="6.74"
volume="3460875.00"
latest_trading_day="2023-07-21"
previous_close="6.80"
change="-0.06"
change_percent="-0.8824%"
aroon_positive_momentum_days="37"
aroon_negative_momentum_days="0"
trend_strength="Absent or Weak Trend"
buying_signal="High Volatility / Hold Signal"
volume_analysis="Target Volume"
value_analysis="Expected Range"
Aroon_change="FALSE"
Aroon_momentum="37"
Volume_recent_avg="6351969"
Change_recent_avg="0.01"
Delta_recent_avg="0.3"
Variance_recent_avg="0.15"
Change_ratio_recent_avg="0.06"
RSI_change="FALSE"
ADX_change="FALSE"

event="FALSE"
Aroon_signal="positive"
Aroon_change="FALSE"
Aroon_momentum_positive="37"
Aroon_momentum_negative="63"
image_negative_thumbnail_id_1="142"
image_negative_url_1="https://hehge.com/wp-content/uploads/sites/16/2023/05/MI_Finance_Negative_Landscape_0034.jpeg"
image_negative_thumbnail_id_2="98"
image_negative_url_2="https://hehge.com/wp-content/uploads/sites/16/2023/05/MI_Finance_Negative_Landscape_0078.jpeg"
image_neutral_thumbnail_id_1="531"
image_neutral_url_1="https://hehge.com/wp-content/uploads/sites/16/2023/06/MI_Finance_Neutral_Landscape_0068.jpeg"
image_neutral_thumbnail_id_2="564"
image_neutral_url_2="https://hehge.com/wp-content/uploads/sites/16/2023/06/MI_Finance_Neutral_Landscape_0035.jpeg"
image_positive_thumbnail_id_1="660"
image_positive_url_1="https://hehge.com/wp-content/uploads/sites/16/2023/06/MI_Finance_Positive_Landscape_0048.jpeg"
image_positive_thumbnail_id_2="651"
image_positive_url_2="https://hehge.com/wp-content/uploads/sites/16/2023/06/MI_Finance_Positive_Landscape_0057.jpeg"
image_professor_thumbnail_id_1="1179"
image_professor_url_1="https://hehge.com/wp-content/uploads/sites/16/2023/06/MI_Finance_Professor_Landscape_0013.jpeg"
image_professor_thumbnail_id_2="1168"
image_professor_url_2="https://hehge.com/wp-content/uploads/sites/16/2023/06/MI_Finance_Professor_Landscape_0002.jpeg"
