Symbol="IDAI"
AssetType="Common Stock"
Name="Trust Stamp Inc"
Description="T Stamp Inc. develops and markets identity authentication software solutions for business partners and peer-to-peer markets in the United States, United Kingdom, Poland, and Malta. The company is headquartered in Atlanta, Georgia."
CIK="1718939"
Exchange="NASDAQ"
Currency="USD"
Country="USA"
Sector="TECHNOLOGY"
Industry="SERVICES-PREPACKAGED SOFTWARE"
Address="3423 PIEDMONT ROAD, ATLANTA, GA, US"
FiscalYearEnd="December"
LatestQuarter="2023-03-31"
MarketCapitalization="8191100"
EBITDA="-12729803"
PERatio="None"
PEGRatio="None"
BookValue="-0.414"
DividendPerShare="0"
DividendYield="0"
EPS="-2.39"
RevenuePerShareTTM="0.622"
ProfitMargin="0"
OperatingMarginTTM="-4.307"
ReturnOnAssetsTTM="-1.004"
ReturnOnEquityTTM="-4.745"
RevenueTTM="3022700"
GrossProfitTTM="2526800"
DilutedEPSTTM="-2.39"
QuarterlyEarningsGrowthYOY="0"
QuarterlyRevenueGrowthYOY="-0.837"
AnalystTargetPrice="10"
TrailingPE="-"
ForwardPE="-"
PriceToSalesRatioTTM="2.332"
PriceToBookRatio="4.522"
EVToRevenue="2.027"
EVToEBITDA="-1.491"
Beta="-0.695"
num_52WeekHigh="9.85"
num_52WeekLow="1.03"
num_50DayMovingAverage="1.658"
num_200DayMovingAverage="3.099"
SharesOutstanding="7445800"
DividendDate="None"
ExDividendDate="None"
symbol="IDAI"
open="1.14"
high="1.18"
low="1.07"
price="1.12"
volume="179079.00"
latest_trading_day="2023-07-07"
previous_close="1.10"
change="0.02"
change_percent="1.8089%"
image_negative_thumbnail_id_1="164"
image_negative_url_1="https://hehge.com/wp-content/uploads/sites/16/2023/05/MI_Finance_Negative_Landscape_0012.jpeg"
image_negative_thumbnail_id_2="509"
image_negative_url_2="https://hehge.com/wp-content/uploads/sites/16/2023/06/MI_Finance_Negative_Landscape_0096.jpeg"
image_neutral_thumbnail_id_1="568"
image_neutral_url_1="https://hehge.com/wp-content/uploads/sites/16/2023/06/MI_Finance_Neutral_Landscape_0031.jpeg"
image_neutral_thumbnail_id_2="587"
image_neutral_url_2="https://hehge.com/wp-content/uploads/sites/16/2023/06/MI_Finance_Neutral_Landscape_0012.jpeg"
image_positive_thumbnail_id_1="659"
image_positive_url_1="https://hehge.com/wp-content/uploads/sites/16/2023/06/MI_Finance_Positive_Landscape_0049.jpeg"
image_positive_thumbnail_id_2="987"
image_positive_url_2="https://hehge.com/wp-content/uploads/sites/16/2023/06/MI_Finance_Positive_Landscape_0149.jpeg"
image_professor_thumbnail_id_1="1191"
image_professor_url_1="https://hehge.com/wp-content/uploads/sites/16/2023/06/MI_Finance_Professor_Landscape_0025.jpeg"
image_professor_thumbnail_id_2="1193"
image_professor_url_2="https://hehge.com/wp-content/uploads/sites/16/2023/06/MI_Finance_Professor_Landscape_0027.jpeg"
