Symbol="CRSR"
AssetType="Common Stock"
Name="Corsair Gaming Inc"
Description="Corsair Gaming, Inc. designs, markets and distributes gaming and broadcast peripherals, components and systems in the Americas, Europe, the Middle East and Asia Pacific. "
CIK="1743759"
Exchange="NASDAQ"
Currency="USD"
Country="USA"
Sector="TECHNOLOGY"
Industry="COMPUTER PERIPHERAL EQUIPMENT, NEC"
Address="47100 BAYSIDE PARKWAY, FREMONT, CA, US"
FiscalYearEnd="December"
LatestQuarter="2023-03-31"
MarketCapitalization="1707464000"
EBITDA="2148000"
PERatio="None"
PEGRatio="None"
BookValue="6.21"
DividendPerShare="0"
DividendYield="0"
EPS="-0.58"
RevenuePerShareTTM="13.78"
ProfitMargin="-0.0397"
OperatingMarginTTM="-0.038"
ReturnOnAssetsTTM="-0.0245"
ReturnOnEquityTTM="-0.082"
RevenueTTM="1348371000"
GrossProfitTTM="296632000"
DilutedEPSTTM="-0.58"
QuarterlyEarningsGrowthYOY="-0.496"
QuarterlyRevenueGrowthYOY="-0.07"
AnalystTargetPrice="18.31"
TrailingPE="-"
ForwardPE="12.61"
PriceToSalesRatioTTM="1.027"
PriceToBookRatio="3.052"
EVToRevenue="1.22"
EVToEBITDA="184.08"
Beta="1.696"
num_52WeekHigh="20.72"
num_52WeekLow="10.96"
num_50DayMovingAverage="18.35"
num_200DayMovingAverage="16.43"
SharesOutstanding="102060000"
DividendDate="None"
ExDividendDate="None"
symbol="CRSR"
open="16.70"
high="16.89"
low="16.61"
price="16.73"
volume="363253.00"
latest_trading_day="2023-07-21"
previous_close="16.61"
change="0.12"
change_percent="0.7225%"
aroon_positive_momentum_days="0"
aroon_negative_momentum_days="21"
trend_strength="Absent or Weak Trend"
buying_signal="Weak Sell Signal"
volume_analysis="Target Volume"
value_analysis="Expected Range"
Aroon_change="FALSE"
Aroon_momentum="79"
Volume_recent_avg="414519"
Change_recent_avg="0.01"
Delta_recent_avg="0.52"
Variance_recent_avg="0.26"
Change_ratio_recent_avg="0.07"
RSI_change="FALSE"
ADX_change="FALSE"

event="FALSE"
Aroon_signal="negative"
Aroon_change="FALSE"
Aroon_momentum_positive="79"
Aroon_momentum_negative="21"
image_negative_thumbnail_id_1="94"
image_negative_url_1="https://hehge.com/wp-content/uploads/sites/16/2023/05/MI_Finance_Negative_Landscape_0082.jpeg"
image_negative_thumbnail_id_2="494"
image_negative_url_2="https://hehge.com/wp-content/uploads/sites/16/2023/06/MI_Finance_Negative_Landscape_0111.jpeg"
image_neutral_thumbnail_id_1="546"
image_neutral_url_1="https://hehge.com/wp-content/uploads/sites/16/2023/06/MI_Finance_Neutral_Landscape_0053.jpeg"
image_neutral_thumbnail_id_2="592"
image_neutral_url_2="https://hehge.com/wp-content/uploads/sites/16/2023/06/MI_Finance_Neutral_Landscape_0007.jpeg"
image_positive_thumbnail_id_1="703"
image_positive_url_1="https://hehge.com/wp-content/uploads/sites/16/2023/06/MI_Finance_Positive_Landscape_0005.jpeg"
image_positive_thumbnail_id_2="667"
image_positive_url_2="https://hehge.com/wp-content/uploads/sites/16/2023/06/MI_Finance_Positive_Landscape_0041.jpeg"
image_professor_thumbnail_id_1="1194"
image_professor_url_1="https://hehge.com/wp-content/uploads/sites/16/2023/06/MI_Finance_Professor_Landscape_0028.jpeg"
image_professor_thumbnail_id_2="1201"
image_professor_url_2="https://hehge.com/wp-content/uploads/sites/16/2023/06/MI_Finance_Professor_Landscape_0035.jpeg"
