Symbol="EIC"
AssetType="Common Stock"
Name="Eagle Point Income Company Inc"
Description="None"
CIK="1754836"
Exchange="NYSE"
Currency="USD"
Country="USA"
Sector="TECHNOLOGY"
Industry="GENERAL"
Address="NONE"
FiscalYearEnd="December"
LatestQuarter="2022-09-30"
MarketCapitalization="103917000"
EBITDA="None"
PERatio="16.82"
PEGRatio="None"
BookValue="13.2"
DividendPerShare="1.65"
DividendYield="0.143"
EPS="0.802"
RevenuePerShareTTM="2.427"
ProfitMargin="-0.513"
OperatingMarginTTM="0.777"
ReturnOnAssetsTTM="0.0607"
ReturnOnEquityTTM="-0.0926"
RevenueTTM="20458900"
GrossProfitTTM="19000000"
DilutedEPSTTM="0.802"
QuarterlyEarningsGrowthYOY="-0.485"
QuarterlyRevenueGrowthYOY="0.361"
AnalystTargetPrice="None"
TrailingPE="16.82"
ForwardPE="-"
PriceToSalesRatioTTM="-"
PriceToBookRatio="-"
EVToRevenue="-"
EVToEBITDA="-"
Beta="0.49"
num_52WeekHigh="17.43"
num_52WeekLow="13"
num_50DayMovingAverage="13.42"
num_200DayMovingAverage="14.21"
SharesOutstanding="0"
DividendDate="None"
ExDividendDate="2023-08-10"
symbol="EIC"
open="13.50"
high="13.54"
low="13.46"
price="13.49"
volume="83507.00"
latest_trading_day="2023-08-02"
previous_close="13.50"
change="-0.01"
change_percent="-0.0741%"
aroon_positive_momentum_days="0"
aroon_negative_momentum_days="54"
trend_strength="Absent or Weak Trend"
buying_signal="Weak Sell Signal"
volume_analysis="Target Volume"
value_analysis="Expected Range"
Aroon_change="FALSE"
Aroon_momentum="46"
Volume_recent_avg="28137"
Change_recent_avg="-0.05"
Delta_recent_avg="0.27"
Variance_recent_avg="0.13"
Change_ratio_recent_avg="-0.38"
RSI_change="FALSE"
ADX_change="FALSE"

event="FALSE"
Aroon_signal="negative"
Aroon_change="FALSE"
Aroon_momentum_positive="46"
Aroon_momentum_negative="54"
image_negative_thumbnail_id_1="1103"
image_negative_url_1="https://hehge.com/wp-content/uploads/sites/16/2023/06/MI_Finance_Negative_Landscape_0136.jpeg"
image_negative_thumbnail_id_2="1158"
image_negative_url_2="https://hehge.com/wp-content/uploads/sites/16/2023/06/MI_Finance_Negative_Landscape_0192.jpeg"
image_neutral_thumbnail_id_1="572"
image_neutral_url_1="https://hehge.com/wp-content/uploads/sites/16/2023/06/MI_Finance_Neutral_Landscape_0027.jpeg"
image_neutral_thumbnail_id_2="534"
image_neutral_url_2="https://hehge.com/wp-content/uploads/sites/16/2023/06/MI_Finance_Neutral_Landscape_0065.jpeg"
image_positive_thumbnail_id_1="1016"
image_positive_url_1="https://hehge.com/wp-content/uploads/sites/16/2023/06/MI_Finance_Positive_Landscape_0178.jpeg"
image_positive_thumbnail_id_2="638"
image_positive_url_2="https://hehge.com/wp-content/uploads/sites/16/2023/06/MI_Finance_Positive_Landscape_0070.jpeg"
image_professor_thumbnail_id_1="1190"
image_professor_url_1="https://hehge.com/wp-content/uploads/sites/16/2023/06/MI_Finance_Professor_Landscape_0024.jpeg"
image_professor_thumbnail_id_2="1193"
image_professor_url_2="https://hehge.com/wp-content/uploads/sites/16/2023/06/MI_Finance_Professor_Landscape_0027.jpeg"
