Symbol="PTA"
AssetType="Common Stock"
Name="Cohen & Steers Tax-Advantaged Preferred Securities and Income Fund"
Description="None"
CIK="1793882"
Exchange="NYSE"
Currency="USD"
Country="USA"
Sector="TECHNOLOGY"
Industry="GENERAL"
Address="NONE"
FiscalYearEnd="October"
LatestQuarter="2022-10-31"
MarketCapitalization="981934000"
EBITDA="None"
PERatio="None"
PEGRatio="None"
BookValue="None"
DividendPerShare="0"
DividendYield="0.0902"
EPS="-1.97"
RevenuePerShareTTM="0"
ProfitMargin="0"
OperatingMarginTTM="0"
ReturnOnAssetsTTM="0"
ReturnOnEquityTTM="0"
RevenueTTM="0"
GrossProfitTTM="0"
DilutedEPSTTM="-1.97"
QuarterlyEarningsGrowthYOY="0"
QuarterlyRevenueGrowthYOY="0"
AnalystTargetPrice="None"
TrailingPE="-"
ForwardPE="-"
PriceToSalesRatioTTM="7.88"
PriceToBookRatio="0.805"
EVToRevenue="-"
EVToEBITDA="-"
Beta="None"
num_52WeekHigh="19.49"
num_52WeekLow="15.6"
num_50DayMovingAverage="17.09"
num_200DayMovingAverage="17.9"
SharesOutstanding="55274000"
DividendDate="None"
ExDividendDate="2023-08-15"
symbol="PTA"
open="17.68"
high="17.89"
low="17.63"
price="17.72"
volume="157546.00"
latest_trading_day="2023-07-26"
previous_close="17.64"
change="0.08"
change_percent="0.4535%"
aroon_positive_momentum_days="27"
aroon_negative_momentum_days="0"
trend_strength="Absent or Weak Trend"
buying_signal="Strong Buy Signal"
volume_analysis="Target Volume"
value_analysis="Expected Range"
Aroon_change="FALSE"
Aroon_momentum="27"
Volume_recent_avg="157980"
Change_recent_avg="-0.04"
Delta_recent_avg="0.31"
Variance_recent_avg="0.15"
Change_ratio_recent_avg="-0.23"
RSI_change="FALSE"
ADX_change="FALSE"

event="FALSE"
Aroon_signal="positive"
Aroon_change="FALSE"
Aroon_momentum_positive="27"
Aroon_momentum_negative="73"
image_negative_thumbnail_id_1="124"
image_negative_url_1="https://hehge.com/wp-content/uploads/sites/16/2023/05/MI_Finance_Negative_Landscape_0052.jpeg"
image_negative_thumbnail_id_2="1166"
image_negative_url_2="https://hehge.com/wp-content/uploads/sites/16/2023/06/MI_Finance_Positive_Negative_0187.jpeg"
image_neutral_thumbnail_id_1="569"
image_neutral_url_1="https://hehge.com/wp-content/uploads/sites/16/2023/06/MI_Finance_Neutral_Landscape_0030.jpeg"
image_neutral_thumbnail_id_2="576"
image_neutral_url_2="https://hehge.com/wp-content/uploads/sites/16/2023/06/MI_Finance_Neutral_Landscape_0023.jpeg"
image_positive_thumbnail_id_1="950"
image_positive_url_1="https://hehge.com/wp-content/uploads/sites/16/2023/06/MI_Finance_Positive_Landscape_0112.jpeg"
image_positive_thumbnail_id_2="663"
image_positive_url_2="https://hehge.com/wp-content/uploads/sites/16/2023/06/MI_Finance_Positive_Landscape_0045.jpeg"
image_professor_thumbnail_id_1="1201"
image_professor_url_1="https://hehge.com/wp-content/uploads/sites/16/2023/06/MI_Finance_Professor_Landscape_0035.jpeg"
image_professor_thumbnail_id_2="1187"
image_professor_url_2="https://hehge.com/wp-content/uploads/sites/16/2023/06/MI_Finance_Professor_Landscape_0021.jpeg"
