Symbol="ACMR"
AssetType="Common Stock"
Name="Acm Research Inc"
Description="ACM Research, Inc. develops, manufactures and sells single wafer wet cleaning equipment to improve the manufacturing process and performance of embedded chips globally. The company is headquartered in Fremont, California."
CIK="1680062"
Exchange="NASDAQ"
Currency="USD"
Country="USA"
Sector="TECHNOLOGY"
Industry="SPECIAL INDUSTRY MACHINERY, NEC"
Address="42307 OSGOOD ROAD, SUITE I, FREMONT, CA, US"
FiscalYearEnd="December"
LatestQuarter="2023-03-31"
MarketCapitalization="776572000"
EBITDA="83070000"
PERatio="17.07"
PEGRatio="None"
BookValue="11.56"
DividendPerShare="0"
DividendYield="0"
EPS="0.76"
RevenuePerShareTTM="7.08"
ProfitMargin="0.124"
OperatingMarginTTM="0.183"
ReturnOnAssetsTTM="0.0402"
ReturnOnEquityTTM="0.0816"
RevenueTTM="420902000"
GrossProfitTTM="183615000"
DilutedEPSTTM="0.76"
QuarterlyEarningsGrowthYOY="-0.22"
QuarterlyRevenueGrowthYOY="0.76"
AnalystTargetPrice="19.43"
TrailingPE="17.07"
ForwardPE="13.5"
PriceToSalesRatioTTM="1.585"
PriceToBookRatio="0.809"
EVToRevenue="0.474"
EVToEBITDA="2.273"
Beta="1.158"
num_52WeekHigh="20.24"
num_52WeekLow="5.46"
num_50DayMovingAverage="11.5"
num_200DayMovingAverage="10.4"
SharesOutstanding="54853000"
DividendDate="None"
ExDividendDate="None"
symbol="ACMR"
open="13.00"
high="13.31"
low="12.95"
price="12.97"
volume="379109.00"
latest_trading_day="2023-07-21"
previous_close="12.87"
change="0.10"
change_percent="0.7770%"
aroon_positive_momentum_days="50"
aroon_negative_momentum_days="0"
trend_strength="Absent or Weak Trend"
buying_signal="Weak Buy Signal"
volume_analysis="Target Volume"
value_analysis="Expected Range"
Aroon_change="FALSE"
Aroon_momentum="50"
Volume_recent_avg="636897"
Change_recent_avg="-0.03"
Delta_recent_avg="0.58"
Variance_recent_avg="0.29"
Change_ratio_recent_avg="-0.31"
RSI_change="FALSE"
ADX_change="FALSE"

event="FALSE"
Aroon_signal="positive"
Aroon_change="FALSE"
Aroon_momentum_positive="50"
Aroon_momentum_negative="50"
image_negative_thumbnail_id_1="496"
image_negative_url_1="https://hehge.com/wp-content/uploads/sites/16/2023/06/MI_Finance_Negative_Landscape_0109.jpeg"
image_negative_thumbnail_id_2="1117"
image_negative_url_2="https://hehge.com/wp-content/uploads/sites/16/2023/06/MI_Finance_Negative_Landscape_0150.jpeg"
image_neutral_thumbnail_id_1="543"
image_neutral_url_1="https://hehge.com/wp-content/uploads/sites/16/2023/06/MI_Finance_Neutral_Landscape_0056.jpeg"
image_neutral_thumbnail_id_2="594"
image_neutral_url_2="https://hehge.com/wp-content/uploads/sites/16/2023/06/MI_Finance_Neutral_Landscape_0005.jpeg"
image_positive_thumbnail_id_1="671"
image_positive_url_1="https://hehge.com/wp-content/uploads/sites/16/2023/06/MI_Finance_Positive_Landscape_0037.jpeg"
image_positive_thumbnail_id_2="643"
image_positive_url_2="https://hehge.com/wp-content/uploads/sites/16/2023/06/MI_Finance_Positive_Landscape_0065.jpeg"
image_professor_thumbnail_id_1="1184"
image_professor_url_1="https://hehge.com/wp-content/uploads/sites/16/2023/06/MI_Finance_Professor_Landscape_0018.jpeg"
image_professor_thumbnail_id_2="1181"
image_professor_url_2="https://hehge.com/wp-content/uploads/sites/16/2023/06/MI_Finance_Professor_Landscape_0015.jpeg"
