Symbol="EQS"
AssetType="Common Stock"
Name="Equus Total Return Closed Fund"
Description="None"
CIK="878932"
Exchange="NYSE"
Currency="USD"
Country="USA"
Sector="TECHNOLOGY"
Industry="GENERAL"
Address="NONE"
FiscalYearEnd="December"
LatestQuarter="2023-03-31"
MarketCapitalization="18519800"
EBITDA="None"
PERatio="None"
PEGRatio="0"
BookValue="2.523"
DividendPerShare="0"
DividendYield="0"
EPS="-0.24"
RevenuePerShareTTM="0"
ProfitMargin="0"
OperatingMarginTTM="-638.17"
ReturnOnAssetsTTM="-0.056"
ReturnOnEquityTTM="-0.0931"
RevenueTTM="6000"
GrossProfitTTM="318000"
DilutedEPSTTM="-0.24"
QuarterlyEarningsGrowthYOY="2.591"
QuarterlyRevenueGrowthYOY="-0.961"
AnalystTargetPrice="None"
TrailingPE="-"
ForwardPE="-"
PriceToSalesRatioTTM="6.28"
PriceToBookRatio="0.619"
EVToRevenue="-"
EVToEBITDA="-"
Beta="0.932"
num_52WeekHigh="2.28"
num_52WeekLow="1.32"
num_50DayMovingAverage="1.527"
num_200DayMovingAverage="1.595"
SharesOutstanding="13518100"
DividendDate="None"
ExDividendDate="2009-08-21"
symbol="EQS"
open="1.42"
high="1.43"
low="1.39"
price="1.41"
volume="2750.00"
latest_trading_day="2023-08-03"
previous_close="1.45"
change="-0.04"
change_percent="-2.7655%"
aroon_positive_momentum_days="0"
aroon_negative_momentum_days="53"
trend_strength="Strong Trend"
buying_signal="Strong Sell Signal"
volume_analysis="Target Volume"
value_analysis="Expected Range"
Aroon_change="FALSE"
Aroon_momentum="47"
Volume_recent_avg="5646"
Change_recent_avg="0.01"
Delta_recent_avg="0.06"
Variance_recent_avg="0.03"
Change_ratio_recent_avg="0.68"
RSI_change="FALSE"
ADX_change="FALSE"

event="FALSE"
Aroon_signal="negative"
Aroon_change="FALSE"
Aroon_momentum_positive="47"
Aroon_momentum_negative="53"
image_negative_thumbnail_id_1="92"
image_negative_url_1="https://hehge.com/wp-content/uploads/sites/16/2023/05/MI_Finance_Negative_Landscape_0084.jpeg"
image_negative_thumbnail_id_2="1107"
image_negative_url_2="https://hehge.com/wp-content/uploads/sites/16/2023/06/MI_Finance_Negative_Landscape_0140.jpeg"
image_neutral_thumbnail_id_1="572"
image_neutral_url_1="https://hehge.com/wp-content/uploads/sites/16/2023/06/MI_Finance_Neutral_Landscape_0027.jpeg"
image_neutral_thumbnail_id_2="584"
image_neutral_url_2="https://hehge.com/wp-content/uploads/sites/16/2023/06/MI_Finance_Neutral_Landscape_0015.jpeg"
image_positive_thumbnail_id_1="680"
image_positive_url_1="https://hehge.com/wp-content/uploads/sites/16/2023/06/MI_Finance_Positive_Landscape_0028.jpeg"
image_positive_thumbnail_id_2="621"
image_positive_url_2="https://hehge.com/wp-content/uploads/sites/16/2023/06/MI_Finance_Positive_Landscape_0087.jpeg"
image_professor_thumbnail_id_1="1202"
image_professor_url_1="https://hehge.com/wp-content/uploads/sites/16/2023/06/MI_Finance_Professor_Landscape_0036.jpeg"
image_professor_thumbnail_id_2="1192"
image_professor_url_2="https://hehge.com/wp-content/uploads/sites/16/2023/06/MI_Finance_Professor_Landscape_0026.jpeg"
