Symbol="USM"
AssetType="Common Stock"
Name="United States Cellular Corporation"
Description="United States Cellular Corporation provides wireless telecommunications services in the United States. The company is headquartered in Chicago, Illinois."
CIK="821130"
Exchange="NYSE"
Currency="USD"
Country="USA"
Sector="TECHNOLOGY"
Industry="RADIOTELEPHONE COMMUNICATIONS"
Address="8410 W BRYN MAWR AVE, STE 700, CHICAGO, IL, US"
FiscalYearEnd="December"
LatestQuarter="2023-06-30"
MarketCapitalization="2860096000"
EBITDA="730000000"
PERatio="None"
PEGRatio="2.701"
BookValue="53.8"
DividendPerShare="0"
DividendYield="0"
EPS="-0.07"
RevenuePerShareTTM="48.21"
ProfitMargin="-0.0057"
OperatingMarginTTM="0.0103"
ReturnOnAssetsTTM="0.0024"
ReturnOnEquityTTM="-0.0041"
RevenueTTM="4074000000"
GrossProfitTTM="2198000000"
DilutedEPSTTM="-0.07"
QuarterlyEarningsGrowthYOY="-0.795"
QuarterlyRevenueGrowthYOY="-0.068"
AnalystTargetPrice="23"
TrailingPE="-"
ForwardPE="12.64"
PriceToSalesRatioTTM="0.409"
PriceToBookRatio="0.378"
EVToRevenue="1.336"
EVToEBITDA="5.84"
Beta="0.762"
num_52WeekHigh="35"
num_52WeekLow="13.79"
num_50DayMovingAverage="17.04"
num_200DayMovingAverage="20.71"
SharesOutstanding="51713000"
DividendDate="2013-06-25"
ExDividendDate="2013-06-07"
symbol="USM"
open="25.65"
high="35.00"
low="25.00"
price="33.76"
volume="7511756.00"
latest_trading_day="2023-08-04"
previous_close="17.50"
change="16.26"
change_percent="92.9143%"
aroon_positive_momentum_days="9"
aroon_negative_momentum_days="0"
trend_strength="Absent or Weak Trend"
buying_signal="Strong Buy Signal"
volume_analysis="Trending Low"
value_analysis="Bearish Trend"
Aroon_change="FALSE"
Aroon_momentum="9"
Volume_recent_avg="408833"
Change_recent_avg="0.05"
Delta_recent_avg="0.82"
Variance_recent_avg="0.41"
Change_ratio_recent_avg="0.03"
RSI_change="FALSE"
ADX_change="FALSE"

event="FALSE"
Aroon_signal="positive"
Aroon_change="FALSE"
Aroon_momentum_positive="9"
Aroon_momentum_negative="91"
image_negative_thumbnail_id_1="1147"
image_negative_url_1="https://hehge.com/wp-content/uploads/sites/16/2023/06/MI_Finance_Negative_Landscape_0180.jpeg"
image_negative_thumbnail_id_2="128"
image_negative_url_2="https://hehge.com/wp-content/uploads/sites/16/2023/05/MI_Finance_Negative_Landscape_0048.jpeg"
image_neutral_thumbnail_id_1="539"
image_neutral_url_1="https://hehge.com/wp-content/uploads/sites/16/2023/06/MI_Finance_Neutral_Landscape_0060.jpeg"
image_neutral_thumbnail_id_2="528"
image_neutral_url_2="https://hehge.com/wp-content/uploads/sites/16/2023/06/MI_Finance_Neutral_Landscape_0071.jpeg"
image_positive_thumbnail_id_1="972"
image_positive_url_1="https://hehge.com/wp-content/uploads/sites/16/2023/06/MI_Finance_Positive_Landscape_0134.jpeg"
image_positive_thumbnail_id_2="1001"
image_positive_url_2="https://hehge.com/wp-content/uploads/sites/16/2023/06/MI_Finance_Positive_Landscape_0163.jpeg"
image_professor_thumbnail_id_1="1178"
image_professor_url_1="https://hehge.com/wp-content/uploads/sites/16/2023/06/MI_Finance_Professor_Landscape_0012.jpeg"
image_professor_thumbnail_id_2="1195"
image_professor_url_2="https://hehge.com/wp-content/uploads/sites/16/2023/06/MI_Finance_Professor_Landscape_0029.jpeg"
