Symbol="IVDAW"
AssetType="Common Stock"
Name="Iveda Solutions Inc. Warrant"
Description="None"
CIK="1397183"
Exchange="NASDAQ"
Currency="USD"
Country="USA"
Sector="TECHNOLOGY"
Industry="SERVICES-PREPACKAGED SOFTWARE"
Address="1201 SOUTH ALMA SCHOOL ROAD, SUITE 8500, MESA, AZ, US"
FiscalYearEnd="December"
LatestQuarter="2023-03-31"
MarketCapitalization="None"
EBITDA="-2710332"
PERatio="None"
PEGRatio="None"
BookValue="-0.08"
DividendPerShare="0"
DividendYield="0"
EPS="-0.31"
RevenuePerShareTTM="0.198"
ProfitMargin="-1.564"
OperatingMarginTTM="-1.421"
ReturnOnAssetsTTM="-0.805"
ReturnOnEquityTTM="0"
RevenueTTM="1917800"
GrossProfitTTM="0"
DilutedEPSTTM="-0.31"
QuarterlyEarningsGrowthYOY="0"
QuarterlyRevenueGrowthYOY="0.918"
AnalystTargetPrice="None"
TrailingPE="-"
ForwardPE="-"
PriceToSalesRatioTTM="-"
PriceToBookRatio="-"
EVToRevenue="-"
EVToEBITDA="-"
Beta="-3.785"
num_52WeekHigh="0.778"
num_52WeekLow="0.011"
num_50DayMovingAverage="0"
num_200DayMovingAverage="0"
SharesOutstanding="0"
DividendDate="None"
ExDividendDate="None"
symbol="IVDAW"
open="0.20"
high="0.20"
low="0.20"
price="0.20"
volume="20.00"
latest_trading_day="2023-08-03"
previous_close="0.20"
change="0.00"
change_percent="0.0000%"
aroon_positive_momentum_days="0"
aroon_negative_momentum_days="58"
trend_strength="Absent or Weak Trend"
buying_signal="High Volatility / Hold Signal"
volume_analysis="Target Volume"
value_analysis="Expected Range"
Aroon_change="FALSE"
Aroon_momentum="42"
Volume_recent_avg="2687"
Change_recent_avg="0.01"
Delta_recent_avg="0.04"
Variance_recent_avg="0.02"
Change_ratio_recent_avg="1.44"
RSI_change="FALSE"
ADX_change="FALSE"

event="FALSE"
Aroon_signal="negative"
Aroon_change="FALSE"
Aroon_momentum_positive="42"
Aroon_momentum_negative="58"
image_negative_thumbnail_id_1="1113"
image_negative_url_1="https://hehge.com/wp-content/uploads/sites/16/2023/06/MI_Finance_Negative_Landscape_0146.jpeg"
image_negative_thumbnail_id_2="145"
image_negative_url_2="https://hehge.com/wp-content/uploads/sites/16/2023/05/MI_Finance_Negative_Landscape_0031.jpeg"
image_neutral_thumbnail_id_1="555"
image_neutral_url_1="https://hehge.com/wp-content/uploads/sites/16/2023/06/MI_Finance_Neutral_Landscape_0044.jpeg"
image_neutral_thumbnail_id_2="549"
image_neutral_url_2="https://hehge.com/wp-content/uploads/sites/16/2023/06/MI_Finance_Neutral_Landscape_0050.jpeg"
image_positive_thumbnail_id_1="634"
image_positive_url_1="https://hehge.com/wp-content/uploads/sites/16/2023/06/MI_Finance_Positive_Landscape_0074.jpeg"
image_positive_thumbnail_id_2="641"
image_positive_url_2="https://hehge.com/wp-content/uploads/sites/16/2023/06/MI_Finance_Positive_Landscape_0067.jpeg"
image_professor_thumbnail_id_1="1200"
image_professor_url_1="https://hehge.com/wp-content/uploads/sites/16/2023/06/MI_Finance_Professor_Landscape_0034.jpeg"
image_professor_thumbnail_id_2="1168"
image_professor_url_2="https://hehge.com/wp-content/uploads/sites/16/2023/06/MI_Finance_Professor_Landscape_0002.jpeg"
