Symbol="PDFS"
AssetType="Common Stock"
Name="PDF Solutions Inc"
Description="PDF Solutions, Inc. provides proprietary software and physical intellectual property products for integrated circuit designs, electrical measurement equipment, proven methodologies, and professional services in the United States, China, Taiwan, and internationally. The company is headquartered in Santa Clara, California."
CIK="1120914"
Exchange="NASDAQ"
Currency="USD"
Country="USA"
Sector="TECHNOLOGY"
Industry="SERVICES-PREPACKAGED SOFTWARE"
Address="2858 DE LA CRUZ BOULEVARD, SANTA CLARA, CA, US"
FiscalYearEnd="December"
LatestQuarter="2023-03-31"
MarketCapitalization="1654146000"
EBITDA="9960000"
PERatio="1456.67"
PEGRatio="2.37"
BookValue="5.64"
DividendPerShare="0"
DividendYield="0"
EPS="0.03"
RevenuePerShareTTM="4.173"
ProfitMargin="0.0069"
OperatingMarginTTM="0.0065"
ReturnOnAssetsTTM="0.0023"
ReturnOnEquityTTM="0.005"
RevenueTTM="155810000"
GrossProfitTTM="100642000"
DilutedEPSTTM="0.03"
QuarterlyEarningsGrowthYOY="0"
QuarterlyRevenueGrowthYOY="0.217"
AnalystTargetPrice="45.38"
TrailingPE="1456.67"
ForwardPE="57.47"
PriceToSalesRatioTTM="7.96"
PriceToBookRatio="5.51"
EVToRevenue="7.33"
EVToEBITDA="320.33"
Beta="1.426"
num_52WeekHigh="48.02"
num_52WeekLow="21.36"
num_50DayMovingAverage="43.26"
num_200DayMovingAverage="35.32"
SharesOutstanding="37852300"
DividendDate="None"
ExDividendDate="None"
symbol="PDFS"
open="43.96"
high="44.48"
low="43.60"
price="43.70"
volume="139183.00"
latest_trading_day="2023-07-26"
previous_close="44.16"
change="-0.46"
change_percent="-1.0417%"
aroon_positive_momentum_days="88"
aroon_negative_momentum_days="0"
trend_strength="Absent or Weak Trend"
buying_signal="Weak Buy Signal"
volume_analysis="Target Volume"
value_analysis="Expected Range"
Aroon_change="FALSE"
Aroon_momentum="88"
Volume_recent_avg="184945"
Change_recent_avg="0.05"
Delta_recent_avg="1.33"
Variance_recent_avg="0.66"
Change_ratio_recent_avg="0.11"
RSI_change="FALSE"
ADX_change="FALSE"

event="FALSE"
Aroon_signal="positive"
Aroon_change="FALSE"
Aroon_momentum_positive="88"
Aroon_momentum_negative="12"
image_negative_thumbnail_id_1="108"
image_negative_url_1="https://hehge.com/wp-content/uploads/sites/16/2023/05/MI_Finance_Negative_Landscape_0068.jpeg"
image_negative_thumbnail_id_2="1134"
image_negative_url_2="https://hehge.com/wp-content/uploads/sites/16/2023/06/MI_Finance_Negative_Landscape_0167.jpeg"
image_neutral_thumbnail_id_1="536"
image_neutral_url_1="https://hehge.com/wp-content/uploads/sites/16/2023/06/MI_Finance_Neutral_Landscape_0063.jpeg"
image_neutral_thumbnail_id_2="570"
image_neutral_url_2="https://hehge.com/wp-content/uploads/sites/16/2023/06/MI_Finance_Neutral_Landscape_0029.jpeg"
image_positive_thumbnail_id_1="989"
image_positive_url_1="https://hehge.com/wp-content/uploads/sites/16/2023/06/MI_Finance_Positive_Landscape_0151.jpeg"
image_positive_thumbnail_id_2="615"
image_positive_url_2="https://hehge.com/wp-content/uploads/sites/16/2023/06/MI_Finance_Positive_Landscape_0093.jpeg"
image_professor_thumbnail_id_1="1196"
image_professor_url_1="https://hehge.com/wp-content/uploads/sites/16/2023/06/MI_Finance_Professor_Landscape_0030.jpeg"
image_professor_thumbnail_id_2="1191"
image_professor_url_2="https://hehge.com/wp-content/uploads/sites/16/2023/06/MI_Finance_Professor_Landscape_0025.jpeg"
