Symbol="NXGN"
AssetType="Common Stock"
Name="Nextgen Healthcare Inc"
Description="NextGen Healthcare, Inc. provides software and services for ambulatory healthcare services in the United States. The company is headquartered in Atlanta, Georgia."
CIK="708818"
Exchange="NASDAQ"
Currency="USD"
Country="USA"
Sector="TECHNOLOGY"
Industry="SERVICES-COMPUTER INTEGRATED SYSTEMS DESIGN"
Address="18111 VON KARMAN AVENUE, SUITE 800, IRVINE, CA, US"
FiscalYearEnd="March"
LatestQuarter="2023-03-31"
MarketCapitalization="1047111000"
EBITDA="48044000"
PERatio="None"
PEGRatio="2.562"
BookValue="6.07"
DividendPerShare="0"
DividendYield="0"
EPS="-0.04"
RevenuePerShareTTM="9.75"
ProfitMargin="-0.0041"
OperatingMarginTTM="0.0598"
ReturnOnAssetsTTM="0.0321"
ReturnOnEquityTTM="-0.0064"
RevenueTTM="653172000"
GrossProfitTTM="332835000"
DilutedEPSTTM="-0.04"
QuarterlyEarningsGrowthYOY="0.537"
QuarterlyRevenueGrowthYOY="0.18"
AnalystTargetPrice="20.57"
TrailingPE="-"
ForwardPE="17.54"
PriceToSalesRatioTTM="2.103"
PriceToBookRatio="2.925"
EVToRevenue="2.011"
EVToEBITDA="17.53"
Beta="1.018"
num_52WeekHigh="21.99"
num_52WeekLow="15.23"
num_50DayMovingAverage="16.22"
num_200DayMovingAverage="17.87"
SharesOutstanding="65980000"
DividendDate="2016-01-04"
ExDividendDate="2015-12-09"
symbol="NXGN"
open="15.92"
high="16.03"
low="15.84"
price="15.87"
volume="220852.00"
latest_trading_day="2023-07-07"
previous_close="15.87"
change="0.00"
change_percent="0.0000%"
aroon_positive_momentum_days="0"
aroon_negative_momentum_days="78"
trend_strength="Absent or Weak Trend"
buying_signal="Weak Sell Signal"
volume_analysis="Target Volume"
value_analysis="Expected Range"
Aroon_change="FALSE"
Aroon_momentum="22"
Volume_recent_avg="357459"
Change_recent_avg="-0.02"
Delta_recent_avg="0.4"
Variance_recent_avg="0.2"
Change_ratio_recent_avg="-0.12"
RSI_change="FALSE"
ADX_change="FALSE"

event="FALSE"
Aroon_signal="negative"
Aroon_change="FALSE"
Aroon_momentum_positive="22"
Aroon_momentum_negative="78"
image_negative_thumbnail_id_1="110"
image_negative_url_1="https://hehge.com/wp-content/uploads/sites/16/2023/05/MI_Finance_Negative_Landscape_0066.jpeg"
image_negative_thumbnail_id_2="509"
image_negative_url_2="https://hehge.com/wp-content/uploads/sites/16/2023/06/MI_Finance_Negative_Landscape_0096.jpeg"
image_neutral_thumbnail_id_1="551"
image_neutral_url_1="https://hehge.com/wp-content/uploads/sites/16/2023/06/MI_Finance_Neutral_Landscape_0048.jpeg"
image_neutral_thumbnail_id_2="539"
image_neutral_url_2="https://hehge.com/wp-content/uploads/sites/16/2023/06/MI_Finance_Neutral_Landscape_0060.jpeg"
image_positive_thumbnail_id_1="706"
image_positive_url_1="https://hehge.com/wp-content/uploads/sites/16/2023/06/MI_Finance_Positive_Landscape_0002.jpeg"
image_positive_thumbnail_id_2="948"
image_positive_url_2="https://hehge.com/wp-content/uploads/sites/16/2023/06/MI_Finance_Positive_Landscape_0110.jpeg"
image_professor_thumbnail_id_1="1177"
image_professor_url_1="https://hehge.com/wp-content/uploads/sites/16/2023/06/MI_Finance_Professor_Landscape_0011.jpeg"
image_professor_thumbnail_id_2="1191"
image_professor_url_2="https://hehge.com/wp-content/uploads/sites/16/2023/06/MI_Finance_Professor_Landscape_0025.jpeg"
