Symbol="GREE"
AssetType="Common Stock"
Name="Greenidge Generation Holdings Inc"
Description="Greenidge Generation Holdings Inc. owns and operates bitcoin mining and power generation facilities in New York. The company is headquartered in Dresden, New York."
CIK="1844971"
Exchange="NASDAQ"
Currency="USD"
Country="USA"
Sector="TECHNOLOGY"
Industry="SERVICES-COMPUTER PROCESSING & DATA PREPARATION"
Address="590 PLANT ROAD, DRESDEN, NY, US"
FiscalYearEnd="December"
LatestQuarter="2023-03-31"
MarketCapitalization="30915600"
EBITDA="-15264000"
PERatio="None"
PEGRatio="None"
BookValue="-7.63"
DividendPerShare="0"
DividendYield="0"
EPS="-130.05"
RevenuePerShareTTM="16.71"
ProfitMargin="0"
OperatingMarginTTM="-0.665"
ReturnOnAssetsTTM="-0.12"
ReturnOnEquityTTM="-3.249"
RevenueTTM="75981000"
GrossProfitTTM="73457000"
DilutedEPSTTM="-130.05"
QuarterlyEarningsGrowthYOY="0"
QuarterlyRevenueGrowthYOY="-0.48"
AnalystTargetPrice="20"
TrailingPE="-"
ForwardPE="-"
PriceToSalesRatioTTM="0.129"
PriceToBookRatio="0.22"
EVToRevenue="1.134"
EVToEBITDA="-1.464"
Beta="None"
num_52WeekHigh="48.9"
num_52WeekLow="1.55"
num_50DayMovingAverage="3.239"
num_200DayMovingAverage="6.56"
SharesOutstanding="3127200"
DividendDate="None"
ExDividendDate="None"
symbol="GREE"
open="5.37"
high="6.91"
low="4.94"
price="6.54"
volume="2488370.00"
latest_trading_day="2023-07-10"
previous_close="5.17"
change="1.37"
change_percent="26.4990%"
aroon_positive_momentum_days="0"
aroon_negative_momentum_days="61"
trend_strength="Absent or Weak Trend"
buying_signal="Weak Sell Signal"
volume_analysis="Target Volume"
value_analysis="Expected Range"
Aroon_change="FALSE"
Aroon_momentum="39"
Volume_recent_avg="1184953"
Change_recent_avg="0.02"
Delta_recent_avg="0.24"
Variance_recent_avg="0.12"
Change_ratio_recent_avg="-1.0"
RSI_change="FALSE"
ADX_change="FALSE"

event="FALSE"
Aroon_signal="negative"
Aroon_change="FALSE"
Aroon_momentum_positive="39"
Aroon_momentum_negative="61"
image_negative_thumbnail_id_1="499"
image_negative_url_1="https://hehge.com/wp-content/uploads/sites/16/2023/06/MI_Finance_Negative_Landscape_0106.jpeg"
image_negative_thumbnail_id_2="1166"
image_negative_url_2="https://hehge.com/wp-content/uploads/sites/16/2023/06/MI_Finance_Positive_Negative_0187.jpeg"
image_neutral_thumbnail_id_1="574"
image_neutral_url_1="https://hehge.com/wp-content/uploads/sites/16/2023/06/MI_Finance_Neutral_Landscape_0025.jpeg"
image_neutral_thumbnail_id_2="539"
image_neutral_url_2="https://hehge.com/wp-content/uploads/sites/16/2023/06/MI_Finance_Neutral_Landscape_0060.jpeg"
image_positive_thumbnail_id_1="998"
image_positive_url_1="https://hehge.com/wp-content/uploads/sites/16/2023/06/MI_Finance_Positive_Landscape_0160.jpeg"
image_positive_thumbnail_id_2="707"
image_positive_url_2="https://hehge.com/wp-content/uploads/sites/16/2023/06/MI_Finance_Positive_Landscape_0001.jpeg"
image_professor_thumbnail_id_1="1200"
image_professor_url_1="https://hehge.com/wp-content/uploads/sites/16/2023/06/MI_Finance_Professor_Landscape_0034.jpeg"
image_professor_thumbnail_id_2="1199"
image_professor_url_2="https://hehge.com/wp-content/uploads/sites/16/2023/06/MI_Finance_Professor_Landscape_0033.jpeg"
