Symbol="LDOS"
AssetType="Common Stock"
Name="Leidos Holdings Inc"
Description="Leidos, formerly known as Science Applications International Corporation (SAIC), is an American defense, aviation, information technology (Lockheed Martin IS&GS), and biomedical research company headquartered in Reston, Virginia, that provides scientific, engineering, systems integration, and technical services."
CIK="1336920"
Exchange="NYSE"
Currency="USD"
Country="USA"
Sector="TECHNOLOGY"
Industry="SERVICES-COMPUTER INTEGRATED SYSTEMS DESIGN"
Address="1750 PRESIDENTS STREET, RESTON, VA, US"
FiscalYearEnd="January"
LatestQuarter="2023-07-31"
MarketCapitalization="13520370000"
EBITDA="1504000000"
PERatio="20.19"
PEGRatio="2.34"
BookValue="33.55"
DividendPerShare="1.44"
DividendYield="0.0144"
EPS="4.88"
RevenuePerShareTTM="108.73"
ProfitMargin="0.0477"
OperatingMarginTTM="0.079"
ReturnOnAssetsTTM="0.0566"
ReturnOnEquityTTM="0.165"
RevenueTTM="14842000000"
GrossProfitTTM="2084000000"
DilutedEPSTTM="4.88"
QuarterlyEarningsGrowthYOY="0.21"
QuarterlyRevenueGrowthYOY="0.067"
AnalystTargetPrice="107.73"
TrailingPE="20.19"
ForwardPE="15.38"
PriceToSalesRatioTTM="1.014"
PriceToBookRatio="3.573"
EVToRevenue="1.366"
EVToEBITDA="13.7"
Beta="0.789"
num_52WeekHigh="109.63"
num_52WeekLow="76.25"
num_50DayMovingAverage="86.75"
num_200DayMovingAverage="94.58"
SharesOutstanding="137193000"
DividendDate="2023-09-29"
ExDividendDate="2023-09-14"
symbol="LDOS"
open="98.71"
high="98.93"
low="97.60"
price="98.40"
volume="936368.00"
latest_trading_day="2023-08-03"
previous_close="98.55"
change="-0.15"
change_percent="-0.1522%"
aroon_positive_momentum_days="5"
aroon_negative_momentum_days="0"
trend_strength="Absent or Weak Trend"
buying_signal="Strong Buy Signal"
volume_analysis="Target Volume"
value_analysis="Expected Range"
Aroon_change="FALSE"
Aroon_momentum="5"
Volume_recent_avg="984776"
Change_recent_avg="0.01"
Delta_recent_avg="1.62"
Variance_recent_avg="0.81"
Change_ratio_recent_avg="-0.01"
RSI_change="FALSE"
ADX_change="FALSE"

event="FALSE"
Aroon_signal="positive"
Aroon_change="FALSE"
Aroon_momentum_positive="5"
Aroon_momentum_negative="95"
image_negative_thumbnail_id_1="1154"
image_negative_url_1="https://hehge.com/wp-content/uploads/sites/16/2023/06/MI_Finance_Negative_Landscape_0188.jpeg"
image_negative_thumbnail_id_2="1089"
image_negative_url_2="https://hehge.com/wp-content/uploads/sites/16/2023/06/MI_Finance_Negative_Landscape_0122.jpeg"
image_neutral_thumbnail_id_1="577"
image_neutral_url_1="https://hehge.com/wp-content/uploads/sites/16/2023/06/MI_Finance_Neutral_Landscape_0022.jpeg"
image_neutral_thumbnail_id_2="546"
image_neutral_url_2="https://hehge.com/wp-content/uploads/sites/16/2023/06/MI_Finance_Neutral_Landscape_0053.jpeg"
image_positive_thumbnail_id_1="609"
image_positive_url_1="https://hehge.com/wp-content/uploads/sites/16/2023/06/MI_Finance_Positive_Landscape_0099.jpeg"
image_positive_thumbnail_id_2="653"
image_positive_url_2="https://hehge.com/wp-content/uploads/sites/16/2023/06/MI_Finance_Positive_Landscape_0055.jpeg"
image_professor_thumbnail_id_1="1175"
image_professor_url_1="https://hehge.com/wp-content/uploads/sites/16/2023/06/MI_Finance_Professor_Landscape_0009.jpeg"
image_professor_thumbnail_id_2="1176"
image_professor_url_2="https://hehge.com/wp-content/uploads/sites/16/2023/06/MI_Finance_Professor_Landscape_0010.jpeg"
