Symbol="BLIN"
AssetType="Common Stock"
Name="Bridgeline Digital Inc"
Description="Bridgeline Digital, Inc. is a digital participation company in the United States. "
CIK="1378590"
Exchange="NASDAQ"
Currency="USD"
Country="USA"
Sector="TECHNOLOGY"
Industry="SERVICES-PREPACKAGED SOFTWARE"
Address="80 BLANCHARD ROAD, BURLINGTON, MA, US"
FiscalYearEnd="September"
LatestQuarter="2023-03-31"
MarketCapitalization="12027100"
EBITDA="-407000"
PERatio="None"
PEGRatio="0"
BookValue="1.908"
DividendPerShare="0"
DividendYield="0"
EPS="-0.07"
RevenuePerShareTTM="1.604"
ProfitMargin="-0.04"
OperatingMarginTTM="-0.117"
ReturnOnAssetsTTM="-0.0426"
ReturnOnEquityTTM="-0.0318"
RevenueTTM="16593000"
GrossProfitTTM="11702000"
DilutedEPSTTM="-0.07"
QuarterlyEarningsGrowthYOY="0.125"
QuarterlyRevenueGrowthYOY="-0.006"
AnalystTargetPrice="3.17"
TrailingPE="-"
ForwardPE="12.15"
PriceToSalesRatioTTM="0.838"
PriceToBookRatio="0.684"
EVToRevenue="0.705"
EVToEBITDA="-1.67"
Beta="2.255"
num_52WeekHigh="1.68"
num_52WeekLow="0.87"
num_50DayMovingAverage="1.139"
num_200DayMovingAverage="1.133"
SharesOutstanding="10417600"
DividendDate="2019-05-02"
ExDividendDate="None"
symbol="BLIN"
open="1.13"
high="1.21"
low="1.13"
price="1.18"
volume="38610.00"
latest_trading_day="2023-07-28"
previous_close="1.13"
change="0.05"
change_percent="4.4248%"
aroon_positive_momentum_days="37"
aroon_negative_momentum_days="0"
trend_strength="Absent or Weak Trend"
buying_signal="Strong Buy Signal"
volume_analysis="Target Volume"
value_analysis="Expected Range"
Aroon_change="FALSE"
Aroon_momentum="37"
Volume_recent_avg="41020"
Change_recent_avg="0.01"
Delta_recent_avg="0.06"
Variance_recent_avg="0.03"
Change_ratio_recent_avg="0.07"
RSI_change="FALSE"
ADX_change="FALSE"

event="FALSE"
Aroon_signal="positive"
Aroon_change="FALSE"
Aroon_momentum_positive="37"
Aroon_momentum_negative="63"
image_negative_thumbnail_id_1="1156"
image_negative_url_1="https://hehge.com/wp-content/uploads/sites/16/2023/06/MI_Finance_Negative_Landscape_0190.jpeg"
image_negative_thumbnail_id_2="1126"
image_negative_url_2="https://hehge.com/wp-content/uploads/sites/16/2023/06/MI_Finance_Negative_Landscape_0159.jpeg"
image_neutral_thumbnail_id_1="556"
image_neutral_url_1="https://hehge.com/wp-content/uploads/sites/16/2023/06/MI_Finance_Neutral_Landscape_0043.jpeg"
image_neutral_thumbnail_id_2="590"
image_neutral_url_2="https://hehge.com/wp-content/uploads/sites/16/2023/06/MI_Finance_Neutral_Landscape_0009.jpeg"
image_positive_thumbnail_id_1="639"
image_positive_url_1="https://hehge.com/wp-content/uploads/sites/16/2023/06/MI_Finance_Positive_Landscape_0069.jpeg"
image_positive_thumbnail_id_2="704"
image_positive_url_2="https://hehge.com/wp-content/uploads/sites/16/2023/06/MI_Finance_Positive_Landscape_0004.jpeg"
image_professor_thumbnail_id_1="1187"
image_professor_url_1="https://hehge.com/wp-content/uploads/sites/16/2023/06/MI_Finance_Professor_Landscape_0021.jpeg"
image_professor_thumbnail_id_2="1184"
image_professor_url_2="https://hehge.com/wp-content/uploads/sites/16/2023/06/MI_Finance_Professor_Landscape_0018.jpeg"
