Symbol="BLZE"
AssetType="Common Stock"
Name="Backblaze Inc"
Description="Backblaze, Inc., a cloud storage platform, provides businesses and consumers with solutions to store, use, and protect data globally. The company is headquartered in San Mateo, California."
CIK="1462056"
Exchange="NASDAQ"
Currency="USD"
Country="USA"
Sector="TECHNOLOGY"
Industry="SERVICES-PREPACKAGED SOFTWARE"
Address="500 BEN FRANKLIN CT, SAN MATEO, CA, US"
FiscalYearEnd="December"
LatestQuarter="2023-03-31"
MarketCapitalization="176460000"
EBITDA="-32146000"
PERatio="None"
PEGRatio="None"
BookValue="1.755"
DividendPerShare="0"
DividendYield="0"
EPS="-2.2"
RevenuePerShareTTM="2.74"
ProfitMargin="-0.629"
OperatingMarginTTM="-0.57"
ReturnOnAssetsTTM="-0.207"
ReturnOnEquityTTM="-0.756"
RevenueTTM="89059000"
GrossProfitTTM="43863000"
DilutedEPSTTM="-2.2"
QuarterlyEarningsGrowthYOY="0"
QuarterlyRevenueGrowthYOY="0.2"
AnalystTargetPrice="10.23"
TrailingPE="-"
ForwardPE="-"
PriceToSalesRatioTTM="2.135"
PriceToBookRatio="2.271"
EVToRevenue="1.737"
EVToEBITDA="-5.89"
Beta="None"
num_52WeekHigh="8.2"
num_52WeekLow="3.5"
num_50DayMovingAverage="4.266"
num_200DayMovingAverage="5.05"
SharesOutstanding="21400000"
DividendDate="None"
ExDividendDate="None"
symbol="BLZE"
open="4.97"
high="5.32"
low="4.81"
price="5.10"
volume="168268.00"
latest_trading_day="2023-07-07"
previous_close="4.99"
change="0.11"
change_percent="2.2044%"
aroon_positive_momentum_days="21"
aroon_negative_momentum_days="0"
trend_strength="Absent or Weak Trend"
buying_signal="High Volatility / Hold Signal"
volume_analysis="Target Volume"
value_analysis="Expected Range"
Aroon_change="FALSE"
Aroon_momentum="21"
Volume_recent_avg="123646"
Change_recent_avg="-0.02"
Delta_recent_avg="0.27"
Variance_recent_avg="0.14"
Change_ratio_recent_avg="-0.46"
RSI_change="FALSE"
ADX_change="FALSE"

event="FALSE"
Aroon_signal="positive"
Aroon_change="FALSE"
Aroon_momentum_positive="21"
Aroon_momentum_negative="79"
image_negative_thumbnail_id_1="496"
image_negative_url_1="https://hehge.com/wp-content/uploads/sites/16/2023/06/MI_Finance_Negative_Landscape_0109.jpeg"
image_negative_thumbnail_id_2="1116"
image_negative_url_2="https://hehge.com/wp-content/uploads/sites/16/2023/06/MI_Finance_Negative_Landscape_0149.jpeg"
image_neutral_thumbnail_id_1="595"
image_neutral_url_1="https://hehge.com/wp-content/uploads/sites/16/2023/06/MI_Finance_Neutral_Landscape_0004.jpeg"
image_neutral_thumbnail_id_2="573"
image_neutral_url_2="https://hehge.com/wp-content/uploads/sites/16/2023/06/MI_Finance_Neutral_Landscape_0026.jpeg"
image_positive_thumbnail_id_1="973"
image_positive_url_1="https://hehge.com/wp-content/uploads/sites/16/2023/06/MI_Finance_Positive_Landscape_0135.jpeg"
image_positive_thumbnail_id_2="975"
image_positive_url_2="https://hehge.com/wp-content/uploads/sites/16/2023/06/MI_Finance_Positive_Landscape_0137.jpeg"
image_professor_thumbnail_id_1="1173"
image_professor_url_1="https://hehge.com/wp-content/uploads/sites/16/2023/06/MI_Finance_Professor_Landscape_0007.jpeg"
image_professor_thumbnail_id_2="1204"
image_professor_url_2="https://hehge.com/wp-content/uploads/sites/16/2023/06/MI_Finance_Professor_Landscape_0038.jpeg"
