Symbol="ARBE"
AssetType="Common Stock"
Name="Arbe Robotics Ltd"
Description="None"
CIK="1861841"
Exchange="NASDAQ"
Currency="USD"
Country="USA"
Sector="TECHNOLOGY"
Industry="SERVICES-COMPUTER INTEGRATED SYSTEMS DESIGN"
Address="107 HA'HASHMONAIM ST, TEL AVIV, IL"
FiscalYearEnd="April"
LatestQuarter="2023-01-31"
MarketCapitalization="224519000"
EBITDA="-47219000"
PERatio="None"
PEGRatio="0"
BookValue="0.642"
DividendPerShare="0"
DividendYield="0"
EPS="-0.87"
RevenuePerShareTTM="0.043"
ProfitMargin="0"
OperatingMarginTTM="-15.93"
ReturnOnAssetsTTM="-0.412"
ReturnOnEquityTTM="-0.737"
RevenueTTM="2996000"
GrossProfitTTM="2234000"
DilutedEPSTTM="-0.87"
QuarterlyEarningsGrowthYOY="0"
QuarterlyRevenueGrowthYOY="-0.595"
AnalystTargetPrice="6.6"
TrailingPE="-"
ForwardPE="-"
PriceToSalesRatioTTM="51.16"
PriceToBookRatio="3.71"
EVToRevenue="38.49"
EVToEBITDA="-3.174"
Beta="-0.581"
num_52WeekHigh="7.87"
num_52WeekLow="1.85"
num_50DayMovingAverage="2.388"
num_200DayMovingAverage="3.759"
SharesOutstanding="77420000"
DividendDate="None"
ExDividendDate="None"
symbol="ARBE"
open="2.93"
high="2.93"
low="2.78"
price="2.90"
volume="64852.00"
latest_trading_day="2023-07-05"
previous_close="2.93"
change="-0.03"
change_percent="-1.0239%"
aroon_positive_momentum_days="37"
aroon_negative_momentum_days="0"
trend_strength="Absent or Weak Trend"
buying_signal="Weak Buy Signal"
volume_analysis="Target Volume"
value_analysis="Expected Range"
Aroon_change="FALSE"
Aroon_momentum="37"
Volume_recent_avg="754413"
Change_recent_avg="-0.04"
Delta_recent_avg="0.29"
Variance_recent_avg="0.14"
Change_ratio_recent_avg="-1.07"
RSI_change="FALSE"
ADX_change="FALSE"

event="FALSE"
Aroon_signal="positive"
Aroon_change="FALSE"
Aroon_momentum_positive="37"
Aroon_momentum_negative="63"
image_negative_thumbnail_id_1="1132"
image_negative_url_1="https://hehge.com/wp-content/uploads/sites/16/2023/06/MI_Finance_Negative_Landscape_0165.jpeg"
image_negative_thumbnail_id_2="127"
image_negative_url_2="https://hehge.com/wp-content/uploads/sites/16/2023/05/MI_Finance_Negative_Landscape_0049.jpeg"
image_neutral_thumbnail_id_1="556"
image_neutral_url_1="https://hehge.com/wp-content/uploads/sites/16/2023/06/MI_Finance_Neutral_Landscape_0043.jpeg"
image_neutral_thumbnail_id_2="581"
image_neutral_url_2="https://hehge.com/wp-content/uploads/sites/16/2023/06/MI_Finance_Neutral_Landscape_0018.jpeg"
image_positive_thumbnail_id_1="691"
image_positive_url_1="https://hehge.com/wp-content/uploads/sites/16/2023/06/MI_Finance_Positive_Landscape_0017.jpeg"
image_positive_thumbnail_id_2="647"
image_positive_url_2="https://hehge.com/wp-content/uploads/sites/16/2023/06/MI_Finance_Positive_Landscape_0061.jpeg"
image_professor_thumbnail_id_1="1178"
image_professor_url_1="https://hehge.com/wp-content/uploads/sites/16/2023/06/MI_Finance_Professor_Landscape_0012.jpeg"
image_professor_thumbnail_id_2="1182"
image_professor_url_2="https://hehge.com/wp-content/uploads/sites/16/2023/06/MI_Finance_Professor_Landscape_0016.jpeg"
