Symbol="AAON"
AssetType="Common Stock"
Name="AAON Inc"
Description="AAON, Inc. engages in the engineering, manufacturing, marketing and sales of heating and air conditioning equipment in the United States and Canada. The company is headquartered in Tulsa, Oklahoma."
CIK="824142"
Exchange="NASDAQ"
Currency="USD"
Country="USA"
Sector="TECHNOLOGY"
Industry="AIR-COND & WARM AIR HEATG EQUIP & COMM & INDL REFRIG EQUIP"
Address="2425 SOUTH YUKON, TULSA, OK, US"
FiscalYearEnd="December"
LatestQuarter="2023-03-31"
MarketCapitalization="5198494000"
EBITDA="187327000"
PERatio="42.97"
PEGRatio="2.87"
BookValue="11.24"
DividendPerShare="0.55"
DividendYield="0.005"
EPS="2.23"
RevenuePerShareTTM="18.23"
ProfitMargin="0.123"
OperatingMarginTTM="0.153"
ReturnOnAssetsTTM="0.117"
ReturnOnEquityTTM="0.219"
RevenueTTM="971970000"
GrossProfitTTM="237572000"
DilutedEPSTTM="2.23"
QuarterlyEarningsGrowthYOY="1.03"
QuarterlyRevenueGrowthYOY="0.455"
AnalystTargetPrice="107.67"
TrailingPE="42.97"
ForwardPE="-"
PriceToSalesRatioTTM="5.4"
PriceToBookRatio="8.18"
EVToRevenue="6.93"
EVToEBITDA="28.92"
Beta="0.807"
num_52WeekHigh="104.19"
num_52WeekLow="51.05"
num_50DayMovingAverage="94.68"
num_200DayMovingAverage="80.86"
SharesOutstanding="54253000"
DividendDate="2023-06-30"
ExDividendDate="2023-06-08"
symbol="AAON"
open="95.38"
high="95.38"
low="92.68"
price="93.34"
volume="244801.00"
latest_trading_day="2023-07-05"
previous_close="95.82"
change="-2.48"
change_percent="-2.5882%"
aroon_positive_momentum_days="0"
aroon_negative_momentum_days="35"
trend_strength="Absent or Weak Trend"
buying_signal="Weak Sell Signal"
volume_analysis="Target Volume"
value_analysis="Expected Range"
Aroon_change="FALSE"
Aroon_momentum="65"
Volume_recent_avg="336751"
Change_recent_avg="0.13"
Delta_recent_avg="2.53"
Variance_recent_avg="1.26"
Change_ratio_recent_avg="0.13"
RSI_change="FALSE"
ADX_change="FALSE"

event="FALSE"
Aroon_signal="negative"
Aroon_change="FALSE"
Aroon_momentum_positive="65"
Aroon_momentum_negative="35"
image_negative_thumbnail_id_1="1091"
image_negative_url_1="https://hehge.com/wp-content/uploads/sites/16/2023/06/MI_Finance_Negative_Landscape_0124.jpeg"
image_negative_thumbnail_id_2="121"
image_negative_url_2="https://hehge.com/wp-content/uploads/sites/16/2023/05/MI_Finance_Negative_Landscape_0055.jpeg"
image_neutral_thumbnail_id_1="551"
image_neutral_url_1="https://hehge.com/wp-content/uploads/sites/16/2023/06/MI_Finance_Neutral_Landscape_0048.jpeg"
image_neutral_thumbnail_id_2="582"
image_neutral_url_2="https://hehge.com/wp-content/uploads/sites/16/2023/06/MI_Finance_Neutral_Landscape_0017.jpeg"
image_positive_thumbnail_id_1="664"
image_positive_url_1="https://hehge.com/wp-content/uploads/sites/16/2023/06/MI_Finance_Positive_Landscape_0044.jpeg"
image_positive_thumbnail_id_2="684"
image_positive_url_2="https://hehge.com/wp-content/uploads/sites/16/2023/06/MI_Finance_Positive_Landscape_0024.jpeg"
image_professor_thumbnail_id_1="1180"
image_professor_url_1="https://hehge.com/wp-content/uploads/sites/16/2023/06/MI_Finance_Professor_Landscape_0014.jpeg"
image_professor_thumbnail_id_2="1186"
image_professor_url_2="https://hehge.com/wp-content/uploads/sites/16/2023/06/MI_Finance_Professor_Landscape_0020.jpeg"
