Symbol="GLOB"
AssetType="Common Stock"
Name="Globant SA"
Description="Globant SA is a global technology services company. The company is headquartered in Luxembourg, Luxembourg."
CIK="1557860"
Exchange="NYSE"
Currency="USD"
Country="USA"
Sector="TECHNOLOGY"
Industry="SERVICES-COMPUTER PROCESSING & DATA PREPARATION"
Address="37A AVENUE J.F. KENNEDY, N/A, LU"
FiscalYearEnd="December"
LatestQuarter="2023-03-31"
MarketCapitalization="7274580000"
EBITDA="299906000"
PERatio="50.57"
PEGRatio="1.67"
BookValue="37.24"
DividendPerShare="0"
DividendYield="0"
EPS="3.39"
RevenuePerShareTTM="44.01"
ProfitMargin="0.0803"
OperatingMarginTTM="0.119"
ReturnOnAssetsTTM="0.0682"
ReturnOnEquityTTM="0.1"
RevenueTTM="1851286000"
GrossProfitTTM="673506000"
DilutedEPSTTM="3.39"
QuarterlyEarningsGrowthYOY="-0.023"
QuarterlyRevenueGrowthYOY="0.177"
AnalystTargetPrice="215.45"
TrailingPE="50.57"
ForwardPE="65.36"
PriceToSalesRatioTTM="4.177"
PriceToBookRatio="5.37"
EVToRevenue="4.429"
EVToEBITDA="38.13"
Beta="1.373"
num_52WeekHigh="240"
num_52WeekLow="135.41"
num_50DayMovingAverage="179.09"
num_200DayMovingAverage="169.11"
SharesOutstanding="42434700"
DividendDate="None"
ExDividendDate="None"
symbol="GLOB"
open="172.63"
high="173.81"
low="169.15"
price="173.68"
volume="299464.00"
latest_trading_day="2023-07-28"
previous_close="169.58"
change="4.10"
change_percent="2.4177%"
aroon_positive_momentum_days="44"
aroon_negative_momentum_days="0"
trend_strength="Absent or Weak Trend"
buying_signal="Strong Buy Signal"
volume_analysis="Target Volume"
value_analysis="Expected Range"
Aroon_change="FALSE"
Aroon_momentum="44"
Volume_recent_avg="467617"
Change_recent_avg="-0.13"
Delta_recent_avg="5.51"
Variance_recent_avg="2.75"
Change_ratio_recent_avg="-0.11"
RSI_change="FALSE"
ADX_change="FALSE"

event="FALSE"
Aroon_signal="positive"
Aroon_change="FALSE"
Aroon_momentum_positive="44"
Aroon_momentum_negative="56"
image_negative_thumbnail_id_1="1135"
image_negative_url_1="https://hehge.com/wp-content/uploads/sites/16/2023/06/MI_Finance_Negative_Landscape_0168.jpeg"
image_negative_thumbnail_id_2="1152"
image_negative_url_2="https://hehge.com/wp-content/uploads/sites/16/2023/06/MI_Finance_Negative_Landscape_0185.jpeg"
image_neutral_thumbnail_id_1="551"
image_neutral_url_1="https://hehge.com/wp-content/uploads/sites/16/2023/06/MI_Finance_Neutral_Landscape_0048.jpeg"
image_neutral_thumbnail_id_2="591"
image_neutral_url_2="https://hehge.com/wp-content/uploads/sites/16/2023/06/MI_Finance_Neutral_Landscape_0008.jpeg"
image_positive_thumbnail_id_1="960"
image_positive_url_1="https://hehge.com/wp-content/uploads/sites/16/2023/06/MI_Finance_Positive_Landscape_0122.jpeg"
image_positive_thumbnail_id_2="657"
image_positive_url_2="https://hehge.com/wp-content/uploads/sites/16/2023/06/MI_Finance_Positive_Landscape_0051.jpeg"
image_professor_thumbnail_id_1="1173"
image_professor_url_1="https://hehge.com/wp-content/uploads/sites/16/2023/06/MI_Finance_Professor_Landscape_0007.jpeg"
image_professor_thumbnail_id_2="1185"
image_professor_url_2="https://hehge.com/wp-content/uploads/sites/16/2023/06/MI_Finance_Professor_Landscape_0019.jpeg"
