Symbol="FNGR"
AssetType="Common Stock"
Name="FingerMotion Inc"
Description="FingerMotion, Inc., a specialist mobile data company, provides mobile payment and top-up platform solutions in China. The company is headquartered in New York, New York."
CIK="1602409"
Exchange="NASDAQ"
Currency="USD"
Country="USA"
Sector="TECHNOLOGY"
Industry="SERVICES-PREPACKAGED SOFTWARE"
Address="1460 BROADWAY, NEW YORK, NY, US"
FiscalYearEnd="February"
LatestQuarter="2023-05-31"
MarketCapitalization="259420000"
EBITDA="-6342874"
PERatio="None"
PEGRatio="None"
BookValue="0.269"
DividendPerShare="0"
DividendYield="0"
EPS="-0.16"
RevenuePerShareTTM="0.895"
ProfitMargin="-0.178"
OperatingMarginTTM="-0.155"
ReturnOnAssetsTTM="-0.337"
ReturnOnEquityTTM="-0.829"
RevenueTTM="41368200"
GrossProfitTTM="2318500"
DilutedEPSTTM="-0.16"
QuarterlyEarningsGrowthYOY="0"
QuarterlyRevenueGrowthYOY="1.506"
AnalystTargetPrice="5"
TrailingPE="-"
ForwardPE="-"
PriceToSalesRatioTTM="7.27"
PriceToBookRatio="72.18"
EVToRevenue="7.46"
EVToEBITDA="-29.55"
Beta="1.022"
num_52WeekHigh="9.79"
num_52WeekLow="0.62"
num_50DayMovingAverage="2.648"
num_200DayMovingAverage="3.392"
SharesOutstanding="51988000"
DividendDate="2017-06-23"
ExDividendDate="None"
symbol="FNGR"
open="4.94"
high="5.17"
low="4.43"
price="4.43"
volume="1280763.00"
latest_trading_day="2023-07-19"
previous_close="4.99"
change="-0.56"
change_percent="-11.2224%"
aroon_positive_momentum_days="42"
aroon_negative_momentum_days="0"
trend_strength="Absent or Weak Trend"
buying_signal="Weak Buy Signal"
volume_analysis="Target Volume"
value_analysis="Expected Range"
Aroon_change="FALSE"
Aroon_momentum="42"
Volume_recent_avg="523662"
Change_recent_avg="0.01"
Delta_recent_avg="0.34"
Variance_recent_avg="0.17"
Change_ratio_recent_avg="-0.38"
RSI_change="FALSE"
ADX_change="FALSE"

event="FALSE"
Aroon_signal="positive"
Aroon_change="FALSE"
Aroon_momentum_positive="42"
Aroon_momentum_negative="58"
image_negative_thumbnail_id_1="164"
image_negative_url_1="https://hehge.com/wp-content/uploads/sites/16/2023/05/MI_Finance_Negative_Landscape_0012.jpeg"
image_negative_thumbnail_id_2="126"
image_negative_url_2="https://hehge.com/wp-content/uploads/sites/16/2023/05/MI_Finance_Negative_Landscape_0050.jpeg"
image_neutral_thumbnail_id_1="596"
image_neutral_url_1="https://hehge.com/wp-content/uploads/sites/16/2023/06/MI_Finance_Neutral_Landscape_0003.jpeg"
image_neutral_thumbnail_id_2="570"
image_neutral_url_2="https://hehge.com/wp-content/uploads/sites/16/2023/06/MI_Finance_Neutral_Landscape_0029.jpeg"
image_positive_thumbnail_id_1="960"
image_positive_url_1="https://hehge.com/wp-content/uploads/sites/16/2023/06/MI_Finance_Positive_Landscape_0122.jpeg"
image_positive_thumbnail_id_2="1003"
image_positive_url_2="https://hehge.com/wp-content/uploads/sites/16/2023/06/MI_Finance_Positive_Landscape_0165.jpeg"
image_professor_thumbnail_id_1="1175"
image_professor_url_1="https://hehge.com/wp-content/uploads/sites/16/2023/06/MI_Finance_Professor_Landscape_0009.jpeg"
image_professor_thumbnail_id_2="1185"
image_professor_url_2="https://hehge.com/wp-content/uploads/sites/16/2023/06/MI_Finance_Professor_Landscape_0019.jpeg"
