Symbol="CINT"
AssetType="Common Stock"
Name="Ci&T Inc"
Description="CI&T Inc, provides strategy, design and software engineering services to enable digital transformation for companies worldwide. The company is headquartered in Campinas, Brazil."
CIK="1868995"
Exchange="NYSE"
Currency="USD"
Country="USA"
Sector="TECHNOLOGY"
Industry="SERVICES-COMPUTER PROGRAMMING SERVICES"
Address="ESTRADA GUISEPPINA VIANELLI DE NAPOLI, 1, PAVIMENTO SUPERIOR, GLOBALTECH, SÃO PAULO, BR"
FiscalYearEnd="December"
LatestQuarter="2023-03-31"
MarketCapitalization="820537000"
EBITDA="378918000"
PERatio="24.52"
PEGRatio="None"
BookValue="10.36"
DividendPerShare="0"
DividendYield="0"
EPS="0.25"
RevenuePerShareTTM="17.27"
ProfitMargin="0.0647"
OperatingMarginTTM="0.134"
ReturnOnAssetsTTM="0.0718"
ReturnOnEquityTTM="0.124"
RevenueTTM="2305829000"
GrossProfitTTM="762491000"
DilutedEPSTTM="0.25"
QuarterlyEarningsGrowthYOY="0.727"
QuarterlyRevenueGrowthYOY="0.24"
AnalystTargetPrice="8.27"
TrailingPE="24.52"
ForwardPE="-"
PriceToSalesRatioTTM="0.431"
PriceToBookRatio="4.525"
EVToRevenue="0.513"
EVToEBITDA="2.804"
Beta="None"
num_52WeekHigh="15.27"
num_52WeekLow="3.34"
num_50DayMovingAverage="4.862"
num_200DayMovingAverage="6.48"
SharesOutstanding="20044900"
DividendDate="None"
ExDividendDate="None"
symbol="CINT"
open="6.02"
high="6.06"
low="5.61"
price="5.91"
volume="99913.00"
latest_trading_day="2023-07-06"
previous_close="6.13"
change="-0.22"
change_percent="-3.5889%"
aroon_positive_momentum_days="28"
aroon_negative_momentum_days="0"
trend_strength="Absent or Weak Trend"
buying_signal="Weak Buy Signal"
volume_analysis="Target Volume"
value_analysis="Expected Range"
Aroon_change="FALSE"
Aroon_momentum="28"
Volume_recent_avg="119611"
Change_recent_avg="-0.03"
Delta_recent_avg="0.38"
Variance_recent_avg="0.19"
Change_ratio_recent_avg="-0.72"
RSI_change="FALSE"
ADX_change="FALSE"

event="FALSE"
Aroon_signal="positive"
Aroon_change="FALSE"
Aroon_momentum_positive="28"
Aroon_momentum_negative="72"
image_negative_thumbnail_id_1="109"
image_negative_url_1="https://hehge.com/wp-content/uploads/sites/16/2023/05/MI_Finance_Negative_Landscape_0067.jpeg"
image_negative_thumbnail_id_2="1128"
image_negative_url_2="https://hehge.com/wp-content/uploads/sites/16/2023/06/MI_Finance_Negative_Landscape_0161.jpeg"
image_neutral_thumbnail_id_1="598"
image_neutral_url_1="https://hehge.com/wp-content/uploads/sites/16/2023/06/MI_Finance_Neutral_Landscape_0001.jpeg"
image_neutral_thumbnail_id_2="594"
image_neutral_url_2="https://hehge.com/wp-content/uploads/sites/16/2023/06/MI_Finance_Neutral_Landscape_0005.jpeg"
image_positive_thumbnail_id_1="965"
image_positive_url_1="https://hehge.com/wp-content/uploads/sites/16/2023/06/MI_Finance_Positive_Landscape_0127.jpeg"
image_positive_thumbnail_id_2="685"
image_positive_url_2="https://hehge.com/wp-content/uploads/sites/16/2023/06/MI_Finance_Positive_Landscape_0023.jpeg"
image_professor_thumbnail_id_1="1193"
image_professor_url_1="https://hehge.com/wp-content/uploads/sites/16/2023/06/MI_Finance_Professor_Landscape_0027.jpeg"
image_professor_thumbnail_id_2="1177"
image_professor_url_2="https://hehge.com/wp-content/uploads/sites/16/2023/06/MI_Finance_Professor_Landscape_0011.jpeg"
