Symbol="ECX"
AssetType="Common Stock"
Name="ECARX Holdings Inc. Class A Ordinary shares"
Description="None"
CIK="1861974"
Exchange="NASDAQ"
Currency="USD"
Country="USA"
Sector="TECHNOLOGY"
Industry="SERVICES-COMPUTER INTEGRATED SYSTEMS DESIGN"
Address="ECARX OFFICE, 2ND FLOOR SOUTH, INTERNATI, 1 ST. KATHARINE’S WAY, LONDON, GB"
FiscalYearEnd="December"
LatestQuarter="2023-03-31"
MarketCapitalization="1798315000"
EBITDA="-1274008448"
PERatio="None"
PEGRatio="None"
BookValue="-0.965"
DividendPerShare="0"
DividendYield="0"
EPS="-0.71"
RevenuePerShareTTM="13.85"
ProfitMargin="-0.394"
OperatingMarginTTM="-0.36"
ReturnOnAssetsTTM="-0.223"
ReturnOnEquityTTM="-22.38"
RevenueTTM="3664137000"
GrossProfitTTM="817193000"
DilutedEPSTTM="-0.71"
QuarterlyEarningsGrowthYOY="0"
QuarterlyRevenueGrowthYOY="0.163"
AnalystTargetPrice="9.32"
TrailingPE="-"
ForwardPE="-"
PriceToSalesRatioTTM="-"
PriceToBookRatio="-"
EVToRevenue="-"
EVToEBITDA="-"
Beta="0.433"
num_52WeekHigh="11.32"
num_52WeekLow="3.02"
num_50DayMovingAverage="6.52"
num_200DayMovingAverage="7.47"
SharesOutstanding="288434000"
DividendDate="None"
ExDividendDate="None"
symbol="ECX"
open="5.29"
high="5.29"
low="4.89"
price="5.16"
volume="100151.00"
latest_trading_day="2023-07-06"
previous_close="5.33"
change="-0.17"
change_percent="-3.1895%"
aroon_positive_momentum_days="71"
aroon_negative_momentum_days="0"
trend_strength="Absent or Weak Trend"
buying_signal="Weak Buy Signal"
volume_analysis="Target Volume"
value_analysis="Expected Range"
Aroon_change="FALSE"
Aroon_momentum="71"
Volume_recent_avg="178015"
Change_recent_avg="-0.02"
Delta_recent_avg="0.75"
Variance_recent_avg="0.38"
Change_ratio_recent_avg="-0.9"
RSI_change="FALSE"
ADX_change="FALSE"

event="FALSE"
Aroon_signal="positive"
Aroon_change="FALSE"
Aroon_momentum_positive="71"
Aroon_momentum_negative="4"
image_negative_thumbnail_id_1="504"
image_negative_url_1="https://hehge.com/wp-content/uploads/sites/16/2023/06/MI_Finance_Negative_Landscape_0101.jpeg"
image_negative_thumbnail_id_2="114"
image_negative_url_2="https://hehge.com/wp-content/uploads/sites/16/2023/05/MI_Finance_Negative_Landscape_0062.jpeg"
image_neutral_thumbnail_id_1="562"
image_neutral_url_1="https://hehge.com/wp-content/uploads/sites/16/2023/06/MI_Finance_Neutral_Landscape_0037.jpeg"
image_neutral_thumbnail_id_2="533"
image_neutral_url_2="https://hehge.com/wp-content/uploads/sites/16/2023/06/MI_Finance_Neutral_Landscape_0066.jpeg"
image_positive_thumbnail_id_1="701"
image_positive_url_1="https://hehge.com/wp-content/uploads/sites/16/2023/06/MI_Finance_Positive_Landscape_0007.jpeg"
image_positive_thumbnail_id_2="607"
image_positive_url_2="https://hehge.com/wp-content/uploads/sites/16/2023/06/MI_Finance_Positive_Landscape_0101.jpeg"
image_professor_thumbnail_id_1="1177"
image_professor_url_1="https://hehge.com/wp-content/uploads/sites/16/2023/06/MI_Finance_Professor_Landscape_0011.jpeg"
image_professor_thumbnail_id_2="1168"
image_professor_url_2="https://hehge.com/wp-content/uploads/sites/16/2023/06/MI_Finance_Professor_Landscape_0002.jpeg"
