Symbol="YMM"
AssetType="Common Stock"
Name="Full Truck Alliance Co Ltd ADR"
Description="Full Truck Alliance Co. Ltd., operates a digital cargo platform that connects carriers with truckers to facilitate shipments across distance ranges, weights and types of cargo in the People's Republic of China. The company is headquartered in Guiyang, China."
CIK="1838413"
Exchange="NYSE"
Currency="USD"
Country="China"
Sector="TECHNOLOGY"
Industry="SERVICES-PREPACKAGED SOFTWARE"
Address="BUILDING #3, WANBO R&D PARK, 20 FENGXIN ROAD, YUHUATAI DISTRICT, NANJING, JIANGSU PROVINCE, CHINA"
FiscalYearEnd="December"
LatestQuarter="2023-03-31"
MarketCapitalization="7503644000"
EBITDA="347753000"
PERatio="53.92"
PEGRatio="None"
BookValue="31.73"
DividendPerShare="0"
DividendYield="0"
EPS="0.13"
RevenuePerShareTTM="6.65"
ProfitMargin="0.142"
OperatingMarginTTM="0.0358"
ReturnOnAssetsTTM="0.0045"
ReturnOnEquityTTM="0.0311"
RevenueTTM="7103341000"
GrossProfitTTM="5564118000"
DilutedEPSTTM="0.13"
QuarterlyEarningsGrowthYOY="0"
QuarterlyRevenueGrowthYOY="0.277"
AnalystTargetPrice="11.07"
TrailingPE="53.92"
ForwardPE="37.45"
PriceToSalesRatioTTM="1.526"
PriceToBookRatio="1.925"
EVToRevenue="0.879"
EVToEBITDA="-5.39"
Beta="0.12"
num_52WeekHigh="10.18"
num_52WeekLow="4.58"
num_50DayMovingAverage="6.43"
num_200DayMovingAverage="7.07"
SharesOutstanding="1070420000"
DividendDate="None"
ExDividendDate="None"
symbol="YMM"
open="6.80"
high="7.18"
low="6.80"
price="7.01"
volume="5491747.00"
latest_trading_day="2023-07-21"
previous_close="6.77"
change="0.24"
change_percent="3.5451%"
aroon_positive_momentum_days="7"
aroon_negative_momentum_days="0"
trend_strength="Absent or Weak Trend"
buying_signal="Weak Buy Signal"
volume_analysis="Target Volume"
value_analysis="Expected Range"
Aroon_change="FALSE"
Aroon_momentum="7"
Volume_recent_avg="5598599"
Change_recent_avg="0.02"
Delta_recent_avg="0.33"
Variance_recent_avg="0.17"
Change_ratio_recent_avg="0.17"
RSI_change="FALSE"
ADX_change="FALSE"

event="FALSE"
Aroon_signal="positive"
Aroon_change="FALSE"
Aroon_momentum_positive="7"
Aroon_momentum_negative="93"
image_negative_thumbnail_id_1="1124"
image_negative_url_1="https://hehge.com/wp-content/uploads/sites/16/2023/06/MI_Finance_Negative_Landscape_0157.jpeg"
image_negative_thumbnail_id_2="1136"
image_negative_url_2="https://hehge.com/wp-content/uploads/sites/16/2023/06/MI_Finance_Negative_Landscape_0169.jpeg"
image_neutral_thumbnail_id_1="579"
image_neutral_url_1="https://hehge.com/wp-content/uploads/sites/16/2023/06/MI_Finance_Neutral_Landscape_0020.jpeg"
image_neutral_thumbnail_id_2="581"
image_neutral_url_2="https://hehge.com/wp-content/uploads/sites/16/2023/06/MI_Finance_Neutral_Landscape_0018.jpeg"
image_positive_thumbnail_id_1="953"
image_positive_url_1="https://hehge.com/wp-content/uploads/sites/16/2023/06/MI_Finance_Positive_Landscape_0115.jpeg"
image_positive_thumbnail_id_2="975"
image_positive_url_2="https://hehge.com/wp-content/uploads/sites/16/2023/06/MI_Finance_Positive_Landscape_0137.jpeg"
image_professor_thumbnail_id_1="1197"
image_professor_url_1="https://hehge.com/wp-content/uploads/sites/16/2023/06/MI_Finance_Professor_Landscape_0031.jpeg"
image_professor_thumbnail_id_2="1187"
image_professor_url_2="https://hehge.com/wp-content/uploads/sites/16/2023/06/MI_Finance_Professor_Landscape_0021.jpeg"
