Symbol="HAYW"
AssetType="Common Stock"
Name="Hayward Holdings Inc"
Description="Hayward Holdings, Inc. is a designer, manufacturer and marketer of various pool equipment and associated automation systems. The company is headquartered in Berkeley Heights, New Jersey."
CIK="1834622"
Exchange="NYSE"
Currency="USD"
Country="USA"
Sector="TECHNOLOGY"
Industry="REFRIGERATION & SERVICE INDUSTRY MACHINERY"
Address="400 CONNELL DRIVE, SUITE 6100, BERKELEY HEIGHTS, NJ, US"
FiscalYearEnd="December"
LatestQuarter="2023-03-31"
MarketCapitalization="2600514000"
EBITDA="271772000"
PERatio="22.22"
PEGRatio="None"
BookValue="5.78"
DividendPerShare="0"
DividendYield="0"
EPS="0.55"
RevenuePerShareTTM="5.18"
ProfitMargin="0.102"
OperatingMarginTTM="0.193"
ReturnOnAssetsTTM="0.0452"
ReturnOnEquityTTM="0.0874"
RevenueTTM="1113812000"
GrossProfitTTM="597035000"
DilutedEPSTTM="0.55"
QuarterlyEarningsGrowthYOY="-0.868"
QuarterlyRevenueGrowthYOY="-0.488"
AnalystTargetPrice="13.17"
TrailingPE="22.22"
ForwardPE="15.43"
PriceToSalesRatioTTM="1.351"
PriceToBookRatio="1.591"
EVToRevenue="2.077"
EVToEBITDA="7.53"
Beta="1.054"
num_52WeekHigh="15.17"
num_52WeekLow="7.97"
num_50DayMovingAverage="11.65"
num_200DayMovingAverage="10.95"
SharesOutstanding="212808000"
DividendDate="None"
ExDividendDate="None"
symbol="HAYW"
open="12.45"
high="12.45"
low="12.07"
price="12.22"
volume="2137414.00"
latest_trading_day="2023-07-06"
previous_close="12.58"
change="-0.36"
change_percent="-2.8617%"
aroon_positive_momentum_days="0"
aroon_negative_momentum_days="48"
trend_strength="Absent or Weak Trend"
buying_signal="Weak Sell Signal"
volume_analysis="Target Volume"
value_analysis="Expected Range"
Aroon_change="FALSE"
Aroon_momentum="52"
Volume_recent_avg="1794045"
Change_recent_avg="0.01"
Delta_recent_avg="0.39"
Variance_recent_avg="0.2"
Change_ratio_recent_avg="0.04"
RSI_change="FALSE"
ADX_change="FALSE"

event="FALSE"
Aroon_signal="negative"
Aroon_change="FALSE"
Aroon_momentum_positive="52"
Aroon_momentum_negative="48"
image_negative_thumbnail_id_1="1126"
image_negative_url_1="https://hehge.com/wp-content/uploads/sites/16/2023/06/MI_Finance_Negative_Landscape_0159.jpeg"
image_negative_thumbnail_id_2="517"
image_negative_url_2="https://hehge.com/wp-content/uploads/sites/16/2023/06/MI_Finance_Negative_Landscape_0088.jpeg"
image_neutral_thumbnail_id_1="527"
image_neutral_url_1="https://hehge.com/wp-content/uploads/sites/16/2023/06/MI_Finance_Neutral_Landscape_0072.jpeg"
image_neutral_thumbnail_id_2="534"
image_neutral_url_2="https://hehge.com/wp-content/uploads/sites/16/2023/06/MI_Finance_Neutral_Landscape_0065.jpeg"
image_positive_thumbnail_id_1="658"
image_positive_url_1="https://hehge.com/wp-content/uploads/sites/16/2023/06/MI_Finance_Positive_Landscape_0050.jpeg"
image_positive_thumbnail_id_2="660"
image_positive_url_2="https://hehge.com/wp-content/uploads/sites/16/2023/06/MI_Finance_Positive_Landscape_0048.jpeg"
image_professor_thumbnail_id_1="1174"
image_professor_url_1="https://hehge.com/wp-content/uploads/sites/16/2023/06/MI_Finance_Professor_Landscape_0008.jpeg"
image_professor_thumbnail_id_2="1168"
image_professor_url_2="https://hehge.com/wp-content/uploads/sites/16/2023/06/MI_Finance_Professor_Landscape_0002.jpeg"
