Symbol="HAYW"
AssetType="Common Stock"
Name="Hayward Holdings Inc"
Description="Hayward Holdings, Inc. is a designer, manufacturer and marketer of various pool equipment and associated automation systems. The company is headquartered in Berkeley Heights, New Jersey."
CIK="1834622"
Exchange="NYSE"
Currency="USD"
Country="USA"
Sector="TECHNOLOGY"
Industry="REFRIGERATION & SERVICE INDUSTRY MACHINERY"
Address="400 CONNELL DRIVE, SUITE 6100, BERKELEY HEIGHTS, NJ, US"
FiscalYearEnd="December"
LatestQuarter="2023-03-31"
MarketCapitalization="2955903000"
EBITDA="271772000"
PERatio="25.25"
PEGRatio="None"
BookValue="5.78"
DividendPerShare="0"
DividendYield="0"
EPS="0.55"
RevenuePerShareTTM="5.18"
ProfitMargin="0.102"
OperatingMarginTTM="0.193"
ReturnOnAssetsTTM="0.0452"
ReturnOnEquityTTM="0.0874"
RevenueTTM="1113812000"
GrossProfitTTM="597035000"
DilutedEPSTTM="0.55"
QuarterlyEarningsGrowthYOY="-0.868"
QuarterlyRevenueGrowthYOY="-0.488"
AnalystTargetPrice="13.44"
TrailingPE="25.25"
ForwardPE="15.43"
PriceToSalesRatioTTM="1.351"
PriceToBookRatio="1.591"
EVToRevenue="2.077"
EVToEBITDA="7.53"
Beta="1.054"
num_52WeekHigh="14.97"
num_52WeekLow="7.97"
num_50DayMovingAverage="12.09"
num_200DayMovingAverage="11.29"
SharesOutstanding="212808000"
DividendDate="None"
ExDividendDate="None"
symbol="HAYW"
open="14.26"
high="14.82"
low="14.01"
price="14.69"
volume="5690379.00"
latest_trading_day="2023-08-03"
previous_close="13.89"
change="0.80"
change_percent="5.7595%"
aroon_positive_momentum_days="50"
aroon_negative_momentum_days="0"
trend_strength="Absent or Weak Trend"
buying_signal="Strong Buy Signal"
volume_analysis="Target Volume"
value_analysis="Expected Range"
Aroon_change="FALSE"
Aroon_momentum="50"
Volume_recent_avg="1766921"
Change_recent_avg="0.03"
Delta_recent_avg="0.39"
Variance_recent_avg="0.2"
Change_ratio_recent_avg="0.18"
RSI_change="FALSE"
ADX_change="FALSE"

event="FALSE"
Aroon_signal="positive"
Aroon_change="FALSE"
Aroon_momentum_positive="50"
Aroon_momentum_negative="50"
image_negative_thumbnail_id_1="496"
image_negative_url_1="https://hehge.com/wp-content/uploads/sites/16/2023/06/MI_Finance_Negative_Landscape_0109.jpeg"
image_negative_thumbnail_id_2="517"
image_negative_url_2="https://hehge.com/wp-content/uploads/sites/16/2023/06/MI_Finance_Negative_Landscape_0088.jpeg"
image_neutral_thumbnail_id_1="587"
image_neutral_url_1="https://hehge.com/wp-content/uploads/sites/16/2023/06/MI_Finance_Neutral_Landscape_0012.jpeg"
image_neutral_thumbnail_id_2="545"
image_neutral_url_2="https://hehge.com/wp-content/uploads/sites/16/2023/06/MI_Finance_Neutral_Landscape_0054.jpeg"
image_positive_thumbnail_id_1="957"
image_positive_url_1="https://hehge.com/wp-content/uploads/sites/16/2023/06/MI_Finance_Positive_Landscape_0119.jpeg"
image_positive_thumbnail_id_2="972"
image_positive_url_2="https://hehge.com/wp-content/uploads/sites/16/2023/06/MI_Finance_Positive_Landscape_0134.jpeg"
image_professor_thumbnail_id_1="1191"
image_professor_url_1="https://hehge.com/wp-content/uploads/sites/16/2023/06/MI_Finance_Professor_Landscape_0025.jpeg"
image_professor_thumbnail_id_2="1195"
image_professor_url_2="https://hehge.com/wp-content/uploads/sites/16/2023/06/MI_Finance_Professor_Landscape_0029.jpeg"
