Symbol="PERI"
AssetType="Common Stock"
Name="Perion Network"
Description="Perion Network Ltd. provides advertising solutions to brands, agencies, and publishers in North America, Europe, and internationally. The company is headquartered in Holon, Israel."
CIK="1338940"
Exchange="NASDAQ"
Currency="USD"
Country="USA"
Sector="TECHNOLOGY"
Industry="SERVICES-COMPUTER PROGRAMMING SERVICES"
Address="AZRIELI CENTER 1, BUILDING A, 4TH FLOOR, 26 HAROKMIM ST., HOLON, IL"
FiscalYearEnd="December"
LatestQuarter="2023-03-31"
MarketCapitalization="1662210000"
EBITDA="117472000"
PERatio="16.22"
PEGRatio="0.575"
BookValue="13.2"
DividendPerShare="0"
DividendYield="0"
EPS="2.13"
RevenuePerShareTTM="14.52"
ProfitMargin="0.163"
OperatingMarginTTM="0.172"
ReturnOnAssetsTTM="0.0916"
ReturnOnEquityTTM="0.196"
RevenueTTM="660091000"
GrossProfitTTM="237251000"
DilutedEPSTTM="2.13"
QuarterlyEarningsGrowthYOY="0.455"
QuarterlyRevenueGrowthYOY="0.158"
AnalystTargetPrice="39.1"
TrailingPE="16.22"
ForwardPE="14.39"
PriceToSalesRatioTTM="1.935"
PriceToBookRatio="2.168"
EVToRevenue="1.36"
EVToEBITDA="7.85"
Beta="1.24"
num_52WeekHigh="42.75"
num_52WeekLow="17.87"
num_50DayMovingAverage="32.61"
num_200DayMovingAverage="30.57"
SharesOutstanding="47016300"
DividendDate="2018-08-27"
ExDividendDate="2011-03-23"
symbol="PERI"
open="35.79"
high="36.00"
low="34.45"
price="34.54"
volume="469865.00"
latest_trading_day="2023-07-14"
previous_close="35.81"
change="-1.27"
change_percent="-3.5465%"
aroon_positive_momentum_days="0"
aroon_negative_momentum_days="44"
trend_strength="Absent or Weak Trend"
buying_signal="Weak Sell Signal"
volume_analysis="Target Volume"
value_analysis="Expected Range"
Aroon_change="FALSE"
Aroon_momentum="56"
Volume_recent_avg="793442"
Change_recent_avg="-0.06"
Delta_recent_avg="1.34"
Variance_recent_avg="0.67"
Change_ratio_recent_avg="-0.18"
RSI_change="FALSE"
ADX_change="FALSE"

event="FALSE"
Aroon_signal="negative"
Aroon_change="FALSE"
Aroon_momentum_positive="56"
Aroon_momentum_negative="44"
image_negative_thumbnail_id_1="1132"
image_negative_url_1="https://hehge.com/wp-content/uploads/sites/16/2023/06/MI_Finance_Negative_Landscape_0165.jpeg"
image_negative_thumbnail_id_2="517"
image_negative_url_2="https://hehge.com/wp-content/uploads/sites/16/2023/06/MI_Finance_Negative_Landscape_0088.jpeg"
image_neutral_thumbnail_id_1="534"
image_neutral_url_1="https://hehge.com/wp-content/uploads/sites/16/2023/06/MI_Finance_Neutral_Landscape_0065.jpeg"
image_neutral_thumbnail_id_2="526"
image_neutral_url_2="https://hehge.com/wp-content/uploads/sites/16/2023/06/MI_Finance_Neutral_Landscape_0073.jpeg"
image_positive_thumbnail_id_1="668"
image_positive_url_1="https://hehge.com/wp-content/uploads/sites/16/2023/06/MI_Finance_Positive_Landscape_0040.jpeg"
image_positive_thumbnail_id_2="613"
image_positive_url_2="https://hehge.com/wp-content/uploads/sites/16/2023/06/MI_Finance_Positive_Landscape_0095.jpeg"
image_professor_thumbnail_id_1="1193"
image_professor_url_1="https://hehge.com/wp-content/uploads/sites/16/2023/06/MI_Finance_Professor_Landscape_0027.jpeg"
image_professor_thumbnail_id_2="1184"
image_professor_url_2="https://hehge.com/wp-content/uploads/sites/16/2023/06/MI_Finance_Professor_Landscape_0018.jpeg"
