Symbol="ASUR"
AssetType="Common Stock"
Name="Asure Software Inc"
Description="Asure Software, Inc. provides cloud-based human capital management solutions in the United States. The company is headquartered in Austin, Texas."
CIK="884144"
Exchange="NASDAQ"
Currency="USD"
Country="USA"
Sector="TECHNOLOGY"
Industry="SERVICES-COMPUTER INTEGRATED SYSTEMS DESIGN"
Address="3700 N CAPITAL OF TEXAS HWY, #350, AUSTIN, TX, US"
FiscalYearEnd="December"
LatestQuarter="2023-03-31"
MarketCapitalization="246445000"
EBITDA="11570000"
PERatio="None"
PEGRatio="1.33"
BookValue="7.24"
DividendPerShare="0"
DividendYield="0"
EPS="-0.55"
RevenuePerShareTTM="5.18"
ProfitMargin="-0.106"
OperatingMarginTTM="-0.0686"
ReturnOnAssetsTTM="-0.0101"
ReturnOnEquityTTM="-0.0731"
RevenueTTM="104559000"
GrossProfitTTM="62510000"
DilutedEPSTTM="-0.55"
QuarterlyEarningsGrowthYOY="0"
QuarterlyRevenueGrowthYOY="0.359"
AnalystTargetPrice="19.57"
TrailingPE="-"
ForwardPE="30.58"
PriceToSalesRatioTTM="1.955"
PriceToBookRatio="1.173"
EVToRevenue="2.301"
EVToEBITDA="28.93"
Beta="0.708"
num_52WeekHigh="17.14"
num_52WeekLow="4.87"
num_50DayMovingAverage="12.59"
num_200DayMovingAverage="10.52"
SharesOutstanding="20623000"
DividendDate="None"
ExDividendDate="None"
symbol="ASUR"
open="11.80"
high="12.10"
low="11.80"
price="11.95"
volume="181606.00"
latest_trading_day="2023-07-07"
previous_close="11.78"
change="0.17"
change_percent="1.4431%"
aroon_positive_momentum_days="0"
aroon_negative_momentum_days="30"
trend_strength="Absent or Weak Trend"
buying_signal="Weak Sell Signal"
volume_analysis="Target Volume"
value_analysis="Expected Range"
Aroon_change="FALSE"
Aroon_momentum="70"
Volume_recent_avg="348087"
Change_recent_avg="-0.03"
Delta_recent_avg="0.64"
Variance_recent_avg="0.32"
Change_ratio_recent_avg="-0.22"
RSI_change="FALSE"
ADX_change="FALSE"

event="aroon_milestone_negative_30"
Aroon_signal="negative"
Aroon_change="FALSE"
Aroon_momentum_positive="70"
Aroon_momentum_negative="30"
image_negative_thumbnail_id_1="1118"
image_negative_url_1="https://hehge.com/wp-content/uploads/sites/16/2023/06/MI_Finance_Negative_Landscape_0151.jpeg"
image_negative_thumbnail_id_2="1106"
image_negative_url_2="https://hehge.com/wp-content/uploads/sites/16/2023/06/MI_Finance_Negative_Landscape_0139.jpeg"
image_neutral_thumbnail_id_1="553"
image_neutral_url_1="https://hehge.com/wp-content/uploads/sites/16/2023/06/MI_Finance_Neutral_Landscape_0046.jpeg"
image_neutral_thumbnail_id_2="582"
image_neutral_url_2="https://hehge.com/wp-content/uploads/sites/16/2023/06/MI_Finance_Neutral_Landscape_0017.jpeg"
image_positive_thumbnail_id_1="993"
image_positive_url_1="https://hehge.com/wp-content/uploads/sites/16/2023/06/MI_Finance_Positive_Landscape_0155.jpeg"
image_positive_thumbnail_id_2="692"
image_positive_url_2="https://hehge.com/wp-content/uploads/sites/16/2023/06/MI_Finance_Positive_Landscape_0016.jpeg"
image_professor_thumbnail_id_1="1187"
image_professor_url_1="https://hehge.com/wp-content/uploads/sites/16/2023/06/MI_Finance_Professor_Landscape_0021.jpeg"
image_professor_thumbnail_id_2="1194"
image_professor_url_2="https://hehge.com/wp-content/uploads/sites/16/2023/06/MI_Finance_Professor_Landscape_0028.jpeg"
