Symbol="ETWO"
AssetType="Common Stock"
Name="E2open Parent Holdings Inc"
Description="E2open Parent Holdings, Inc. provides a comprehensive, cloud-based supply chain management SaaS platform in the Americas, Europe, and Asia Pacific. The company is headquartered in Austin, Texas."
CIK="1800347"
Exchange="NYSE"
Currency="USD"
Country="USA"
Sector="TECHNOLOGY"
Industry="SERVICES-COMPUTER PROCESSING & DATA PREPARATION"
Address="C/O CC CAPITAL, 200 PARK AVENUE, 58TH FLOOR, NEW YORK, NY, US"
FiscalYearEnd="February"
LatestQuarter="2023-05-31"
MarketCapitalization="1625168000"
EBITDA="182378000"
PERatio="None"
PEGRatio="None"
BookValue="7.24"
DividendPerShare="0"
DividendYield="0"
EPS="-2.94"
RevenuePerShareTTM="2.157"
ProfitMargin="-1.477"
OperatingMarginTTM="-0.0388"
ReturnOnAssetsTTM="-0.0034"
ReturnOnEquityTTM="-0.367"
RevenueTTM="651954000"
GrossProfitTTM="431275000"
DilutedEPSTTM="-2.94"
QuarterlyEarningsGrowthYOY="0"
QuarterlyRevenueGrowthYOY="-0.002"
AnalystTargetPrice="5.83"
TrailingPE="-"
ForwardPE="21.93"
PriceToSalesRatioTTM="2.846"
PriceToBookRatio="0.631"
EVToRevenue="4.514"
EVToEBITDA="-9.14"
Beta="0.341"
num_52WeekHigh="8.05"
num_52WeekLow="3.92"
num_50DayMovingAverage="5.05"
num_200DayMovingAverage="5.72"
SharesOutstanding="303203000"
DividendDate="None"
ExDividendDate="None"
symbol="ETWO"
open="5.38"
high="5.38"
low="5.13"
price="5.14"
volume="889721.00"
latest_trading_day="2023-07-14"
previous_close="5.36"
change="-0.22"
change_percent="-4.1045%"
aroon_positive_momentum_days="17"
aroon_negative_momentum_days="0"
trend_strength="Absent or Weak Trend"
buying_signal="Strong Buy Signal"
volume_analysis="Target Volume"
value_analysis="Expected Range"
Aroon_change="FALSE"
Aroon_momentum="17"
Volume_recent_avg="1752595"
Change_recent_avg="0.01"
Delta_recent_avg="0.21"
Variance_recent_avg="0.11"
Change_ratio_recent_avg="0.03"
RSI_change="FALSE"
ADX_change="FALSE"

event="FALSE"
Aroon_signal="positive"
Aroon_change="FALSE"
Aroon_momentum_positive="17"
Aroon_momentum_negative="83"
image_negative_thumbnail_id_1="155"
image_negative_url_1="https://hehge.com/wp-content/uploads/sites/16/2023/05/MI_Finance_Negative_Landscape_0021.jpeg"
image_negative_thumbnail_id_2="1117"
image_negative_url_2="https://hehge.com/wp-content/uploads/sites/16/2023/06/MI_Finance_Negative_Landscape_0150.jpeg"
image_neutral_thumbnail_id_1="566"
image_neutral_url_1="https://hehge.com/wp-content/uploads/sites/16/2023/06/MI_Finance_Neutral_Landscape_0033.jpeg"
image_neutral_thumbnail_id_2="555"
image_neutral_url_2="https://hehge.com/wp-content/uploads/sites/16/2023/06/MI_Finance_Neutral_Landscape_0044.jpeg"
image_positive_thumbnail_id_1="621"
image_positive_url_1="https://hehge.com/wp-content/uploads/sites/16/2023/06/MI_Finance_Positive_Landscape_0087.jpeg"
image_positive_thumbnail_id_2="688"
image_positive_url_2="https://hehge.com/wp-content/uploads/sites/16/2023/06/MI_Finance_Positive_Landscape_0020.jpeg"
image_professor_thumbnail_id_1="1173"
image_professor_url_1="https://hehge.com/wp-content/uploads/sites/16/2023/06/MI_Finance_Professor_Landscape_0007.jpeg"
image_professor_thumbnail_id_2="1199"
image_professor_url_2="https://hehge.com/wp-content/uploads/sites/16/2023/06/MI_Finance_Professor_Landscape_0033.jpeg"
