Symbol="GDV-P-K"
AssetType="Common Stock"
Name="GDV-P-K"
Description="None"
CIK="None"
Exchange="NYSE"
Currency="USD"
Country="USA"
Sector="TECHNOLOGY"
Industry="GENERAL"
Address="NONE"
FiscalYearEnd="None"
LatestQuarter="None"
MarketCapitalization="None"
EBITDA="None"
PERatio="None"
PEGRatio="None"
BookValue="None"
DividendPerShare="None"
DividendYield="None"
EPS="None"
RevenuePerShareTTM="0"
ProfitMargin="0"
OperatingMarginTTM="0"
ReturnOnAssetsTTM="0"
ReturnOnEquityTTM="0"
RevenueTTM="0"
GrossProfitTTM="0"
DilutedEPSTTM="0"
QuarterlyEarningsGrowthYOY="0"
QuarterlyRevenueGrowthYOY="0"
AnalystTargetPrice="None"
TrailingPE="-"
ForwardPE="-"
PriceToSalesRatioTTM="-"
PriceToBookRatio="-"
EVToRevenue="-"
EVToEBITDA="-"
Beta="None"
num_52WeekHigh="21.17"
num_52WeekLow="18.41"
num_50DayMovingAverage="0"
num_200DayMovingAverage="0"
SharesOutstanding="0"
DividendDate="None"
ExDividendDate="None"
symbol="GDV-P-K"
open="19.87"
high="20.34"
low="19.80"
price="19.81"
volume="9321.00"
latest_trading_day="2023-07-19"
previous_close="19.75"
change="0.06"
change_percent="0.3038%"
aroon_positive_momentum_days="0"
aroon_negative_momentum_days="15"
trend_strength="Absent or Weak Trend"
buying_signal="Weak Sell Signal"
volume_analysis="Target Volume"
value_analysis="Expected Range"
Aroon_change="FALSE"
Aroon_momentum="85"
Volume_recent_avg="11100"
Change_recent_avg="-0.01"
Delta_recent_avg="0.23"
Variance_recent_avg="0.11"
Change_ratio_recent_avg="-0.06"
RSI_change="FALSE"
ADX_change="FALSE"

event="FALSE"
Aroon_signal="negative"
Aroon_change="FALSE"
Aroon_momentum_positive="85"
Aroon_momentum_negative="15"
image_negative_thumbnail_id_1="519"
image_negative_url_1="https://hehge.com/wp-content/uploads/sites/16/2023/06/MI_Finance_Negative_Landscape_0086.jpeg"
image_negative_thumbnail_id_2="158"
image_negative_url_2="https://hehge.com/wp-content/uploads/sites/16/2023/05/MI_Finance_Negative_Landscape_0018.jpeg"
image_neutral_thumbnail_id_1="573"
image_neutral_url_1="https://hehge.com/wp-content/uploads/sites/16/2023/06/MI_Finance_Neutral_Landscape_0026.jpeg"
image_neutral_thumbnail_id_2="547"
image_neutral_url_2="https://hehge.com/wp-content/uploads/sites/16/2023/06/MI_Finance_Neutral_Landscape_0052.jpeg"
image_positive_thumbnail_id_1="696"
image_positive_url_1="https://hehge.com/wp-content/uploads/sites/16/2023/06/MI_Finance_Positive_Landscape_0012.jpeg"
image_positive_thumbnail_id_2="997"
image_positive_url_2="https://hehge.com/wp-content/uploads/sites/16/2023/06/MI_Finance_Positive_Landscape_0159.jpeg"
image_professor_thumbnail_id_1="1170"
image_professor_url_1="https://hehge.com/wp-content/uploads/sites/16/2023/06/MI_Finance_Professor_Landscape_0004.jpeg"
image_professor_thumbnail_id_2="1173"
image_professor_url_2="https://hehge.com/wp-content/uploads/sites/16/2023/06/MI_Finance_Professor_Landscape_0007.jpeg"
