Symbol="RBC"
AssetType="Common Stock"
Name="RBC Bearings Incorporated"
Description="Regal Beloit Corporation designs, manufactures and sells electric motors, electric motion controls, and power generation and transmission products worldwide. The company is headquartered in Beloit, Wisconsin."
CIK="1324948"
Exchange="NYSE"
Currency="USD"
Country="USA"
Sector="TECHNOLOGY"
Industry="BALL & ROLLER BEARINGS"
Address="ONE TRIBOLOGY CENTER, OXFORD, CT, US"
FiscalYearEnd="December"
LatestQuarter="2023-03-31"
MarketCapitalization="6408184000"
EBITDA="417500000"
PERatio="44.97"
PEGRatio="1.452"
BookValue="87.96"
DividendPerShare="0"
DividendYield="0.0094"
EPS="4.91"
RevenuePerShareTTM="51.08"
ProfitMargin="0.114"
OperatingMarginTTM="0.206"
ReturnOnAssetsTTM="0.0396"
ReturnOnEquityTTM="0.0679"
RevenueTTM="1469300000"
GrossProfitTTM="601900000"
DilutedEPSTTM="4.91"
QuarterlyEarningsGrowthYOY="0.669"
QuarterlyRevenueGrowthYOY="0.099"
AnalystTargetPrice="245.57"
TrailingPE="44.97"
ForwardPE="14.53"
PriceToSalesRatioTTM="4.487"
PriceToBookRatio="2.602"
EVToRevenue="5.8"
EVToEBITDA="25.67"
Beta="1.416"
num_52WeekHigh="264.51"
num_52WeekLow="195.18"
num_50DayMovingAverage="215.06"
num_200DayMovingAverage="225.08"
SharesOutstanding="29025200"
DividendDate="2014-06-13"
ExDividendDate="2014-05-28"
symbol="RBC"
open="216.50"
high="220.83"
low="203.65"
price="220.78"
volume="409037.00"
latest_trading_day="2023-08-04"
previous_close="214.45"
change="6.33"
change_percent="2.9517%"
aroon_positive_momentum_days="0"
aroon_negative_momentum_days="84"
trend_strength="Absent or Weak Trend"
buying_signal="High Volatility / Hold Signal"
volume_analysis="Target Volume"
value_analysis="Expected Range"
Aroon_change="FALSE"
Aroon_momentum="16"
Volume_recent_avg="215006"
Change_recent_avg="-0.2"
Delta_recent_avg="5.94"
Variance_recent_avg="2.97"
Change_ratio_recent_avg="-0.11"
RSI_change="FALSE"
ADX_change="FALSE"

event="FALSE"
Aroon_signal="negative"
Aroon_change="FALSE"
Aroon_momentum_positive="16"
Aroon_momentum_negative="84"
image_negative_thumbnail_id_1="1108"
image_negative_url_1="https://hehge.com/wp-content/uploads/sites/16/2023/06/MI_Finance_Negative_Landscape_0141.jpeg"
image_negative_thumbnail_id_2="107"
image_negative_url_2="https://hehge.com/wp-content/uploads/sites/16/2023/05/MI_Finance_Negative_Landscape_0069.jpeg"
image_neutral_thumbnail_id_1="592"
image_neutral_url_1="https://hehge.com/wp-content/uploads/sites/16/2023/06/MI_Finance_Neutral_Landscape_0007.jpeg"
image_neutral_thumbnail_id_2="594"
image_neutral_url_2="https://hehge.com/wp-content/uploads/sites/16/2023/06/MI_Finance_Neutral_Landscape_0005.jpeg"
image_positive_thumbnail_id_1="638"
image_positive_url_1="https://hehge.com/wp-content/uploads/sites/16/2023/06/MI_Finance_Positive_Landscape_0070.jpeg"
image_positive_thumbnail_id_2="650"
image_positive_url_2="https://hehge.com/wp-content/uploads/sites/16/2023/06/MI_Finance_Positive_Landscape_0058.jpeg"
image_professor_thumbnail_id_1="1168"
image_professor_url_1="https://hehge.com/wp-content/uploads/sites/16/2023/06/MI_Finance_Professor_Landscape_0002.jpeg"
image_professor_thumbnail_id_2="1178"
image_professor_url_2="https://hehge.com/wp-content/uploads/sites/16/2023/06/MI_Finance_Professor_Landscape_0012.jpeg"
