Symbol="RBC"
AssetType="Common Stock"
Name="RBC Bearings Incorporated"
Description="Regal Beloit Corporation designs, manufactures and sells electric motors, electric motion controls, and power generation and transmission products worldwide. The company is headquartered in Beloit, Wisconsin."
CIK="1324948"
Exchange="NYSE"
Currency="USD"
Country="USA"
Sector="TECHNOLOGY"
Industry="BALL & ROLLER BEARINGS"
Address="ONE TRIBOLOGY CENTER, OXFORD, CT, US"
FiscalYearEnd="December"
LatestQuarter="2023-03-31"
MarketCapitalization="6268862000"
EBITDA="417500000"
PERatio="44.26"
PEGRatio="1.452"
BookValue="87.96"
DividendPerShare="0"
DividendYield="0.0094"
EPS="4.88"
RevenuePerShareTTM="51.08"
ProfitMargin="0.114"
OperatingMarginTTM="0.206"
ReturnOnAssetsTTM="0.0396"
ReturnOnEquityTTM="0.0679"
RevenueTTM="1469300000"
GrossProfitTTM="601900000"
DilutedEPSTTM="4.88"
QuarterlyEarningsGrowthYOY="0.669"
QuarterlyRevenueGrowthYOY="0.099"
AnalystTargetPrice="245.29"
TrailingPE="44.26"
ForwardPE="14.53"
PriceToSalesRatioTTM="4.487"
PriceToBookRatio="2.602"
EVToRevenue="5.8"
EVToEBITDA="25.67"
Beta="1.417"
num_52WeekHigh="264.51"
num_52WeekLow="194.74"
num_50DayMovingAverage="215.41"
num_200DayMovingAverage="224.6"
SharesOutstanding="29025200"
DividendDate="2014-06-13"
ExDividendDate="2014-05-28"
symbol="RBC"
open="212.92"
high="218.37"
low="212.92"
price="215.98"
volume="255394.00"
latest_trading_day="2023-07-07"
previous_close="213.25"
change="2.73"
change_percent="1.2802%"
aroon_positive_momentum_days="0"
aroon_negative_momentum_days="64"
trend_strength="Absent or Weak Trend"
buying_signal="Weak Sell Signal"
volume_analysis="Target Volume"
value_analysis="Expected Range"
Aroon_change="FALSE"
Aroon_momentum="36"
Volume_recent_avg="212111"
Change_recent_avg="-0.32"
Delta_recent_avg="6.44"
Variance_recent_avg="3.22"
Change_ratio_recent_avg="-0.16"
RSI_change="FALSE"
ADX_change="FALSE"

event="FALSE"
Aroon_signal="negative"
Aroon_change="FALSE"
Aroon_momentum_positive="36"
Aroon_momentum_negative="64"
image_negative_thumbnail_id_1="1153"
image_negative_url_1="https://hehge.com/wp-content/uploads/sites/16/2023/06/MI_Finance_Negative_Landscape_0186.jpeg"
image_negative_thumbnail_id_2="130"
image_negative_url_2="https://hehge.com/wp-content/uploads/sites/16/2023/05/MI_Finance_Negative_Landscape_0046.jpeg"
image_neutral_thumbnail_id_1="573"
image_neutral_url_1="https://hehge.com/wp-content/uploads/sites/16/2023/06/MI_Finance_Neutral_Landscape_0026.jpeg"
image_neutral_thumbnail_id_2="597"
image_neutral_url_2="https://hehge.com/wp-content/uploads/sites/16/2023/06/MI_Finance_Neutral_Landscape_0002.jpeg"
image_positive_thumbnail_id_1="705"
image_positive_url_1="https://hehge.com/wp-content/uploads/sites/16/2023/06/MI_Finance_Positive_Landscape_0003.jpeg"
image_positive_thumbnail_id_2="1166"
image_positive_url_2="https://hehge.com/wp-content/uploads/sites/16/2023/06/MI_Finance_Positive_Negative_0187.jpeg"
image_professor_thumbnail_id_1="1167"
image_professor_url_1="https://hehge.com/wp-content/uploads/sites/16/2023/06/MI_Finance_Professor_Landscape_0001.jpeg"
image_professor_thumbnail_id_2="1199"
image_professor_url_2="https://hehge.com/wp-content/uploads/sites/16/2023/06/MI_Finance_Professor_Landscape_0033.jpeg"
