Symbol="QMCO"
AssetType="Common Stock"
Name="Quantum Corporation"
Description="Quantum Corporation offers products for storing and managing digital video and unstructured data in the Americas, Europe, the Middle East, Africa, and Asia Pacific. The company is headquartered in San Jose, California."
CIK="709283"
Exchange="NASDAQ"
Currency="USD"
Country="USA"
Sector="TECHNOLOGY"
Industry="COMPUTER STORAGE DEVICES"
Address="224 AIRPORT PARKWAY, SUITE 550, SAN JOSE, CA, US"
FiscalYearEnd="March"
LatestQuarter="2023-03-31"
MarketCapitalization="101194000"
EBITDA="-14384000"
PERatio="None"
PEGRatio="None"
BookValue="-0.929"
DividendPerShare="0"
DividendYield="0"
EPS="-0.42"
RevenuePerShareTTM="4.568"
ProfitMargin="-0.0919"
OperatingMarginTTM="-0.0591"
ReturnOnAssetsTTM="-0.0735"
ReturnOnEquityTTM="0"
RevenueTTM="412752000"
GrossProfitTTM="133939000"
DilutedEPSTTM="-0.42"
QuarterlyEarningsGrowthYOY="0"
QuarterlyRevenueGrowthYOY="0.107"
AnalystTargetPrice="2.33"
TrailingPE="-"
ForwardPE="13.76"
PriceToSalesRatioTTM="0.311"
PriceToBookRatio="-"
EVToRevenue="0.5"
EVToEBITDA="-10.24"
Beta="2.544"
num_52WeekHigh="2"
num_52WeekLow="0.86"
num_50DayMovingAverage="1.082"
num_200DayMovingAverage="1.18"
SharesOutstanding="93698000"
DividendDate="2017-04-19"
ExDividendDate="None"
symbol="QMCO"
open="1.08"
high="1.10"
low="1.07"
price="1.08"
volume="168394.00"
latest_trading_day="2023-07-26"
previous_close="1.08"
change="0.00"
change_percent="0.0000%"
aroon_positive_momentum_days="48"
aroon_negative_momentum_days="0"
trend_strength="Absent or Weak Trend"
buying_signal="Weak Buy Signal"
volume_analysis="Target Volume"
value_analysis="Expected Range"
Aroon_change="FALSE"
Aroon_momentum="48"
Volume_recent_avg="232749"
Change_recent_avg="-0.01"
Delta_recent_avg="0.07"
Variance_recent_avg="0.04"
Change_ratio_recent_avg="-0.76"
RSI_change="FALSE"
ADX_change="FALSE"

event="FALSE"
Aroon_signal="positive"
Aroon_change="FALSE"
Aroon_momentum_positive="48"
Aroon_momentum_negative="52"
image_negative_thumbnail_id_1="136"
image_negative_url_1="https://hehge.com/wp-content/uploads/sites/16/2023/05/MI_Finance_Negative_Landscape_0040.jpeg"
image_negative_thumbnail_id_2="150"
image_negative_url_2="https://hehge.com/wp-content/uploads/sites/16/2023/05/MI_Finance_Negative_Landscape_0026.jpeg"
image_neutral_thumbnail_id_1="533"
image_neutral_url_1="https://hehge.com/wp-content/uploads/sites/16/2023/06/MI_Finance_Neutral_Landscape_0066.jpeg"
image_neutral_thumbnail_id_2="573"
image_neutral_url_2="https://hehge.com/wp-content/uploads/sites/16/2023/06/MI_Finance_Neutral_Landscape_0026.jpeg"
image_positive_thumbnail_id_1="661"
image_positive_url_1="https://hehge.com/wp-content/uploads/sites/16/2023/06/MI_Finance_Positive_Landscape_0047.jpeg"
image_positive_thumbnail_id_2="623"
image_positive_url_2="https://hehge.com/wp-content/uploads/sites/16/2023/06/MI_Finance_Positive_Landscape_0085.jpeg"
image_professor_thumbnail_id_1="1183"
image_professor_url_1="https://hehge.com/wp-content/uploads/sites/16/2023/06/MI_Finance_Professor_Landscape_0017.jpeg"
image_professor_thumbnail_id_2="1172"
image_professor_url_2="https://hehge.com/wp-content/uploads/sites/16/2023/06/MI_Finance_Professor_Landscape_0006.jpeg"
