Symbol="INPX"
AssetType="Common Stock"
Name="Inpixon"
Description="Inpixon provides big data analytics and location-based products and related services globally. The company is headquartered in Palo Alto, California."
CIK="1529113"
Exchange="NASDAQ"
Currency="USD"
Country="USA"
Sector="TECHNOLOGY"
Industry="SERVICES-COMPUTER PROGRAMMING SERVICES"
Address="2479 E. BAYSHORE ROAD, SUITE 195, PALO ALTO, CA, US"
FiscalYearEnd="December"
LatestQuarter="2023-03-31"
MarketCapitalization="7410600"
EBITDA="-38294000"
PERatio="None"
PEGRatio="0"
BookValue="0.466"
DividendPerShare="0"
DividendYield="0"
EPS="-27.18"
RevenuePerShareTTM="4.046"
ProfitMargin="0"
OperatingMarginTTM="-2.234"
ReturnOnAssetsTTM="-0.332"
ReturnOnEquityTTM="-1.071"
RevenueTTM="19873000"
GrossProfitTTM="11621000"
DilutedEPSTTM="-27.18"
QuarterlyEarningsGrowthYOY="0"
QuarterlyRevenueGrowthYOY="0.172"
AnalystTargetPrice="0.25"
TrailingPE="-"
ForwardPE="-"
PriceToSalesRatioTTM="0.302"
PriceToBookRatio="0.179"
EVToRevenue="2.381"
EVToEBITDA="1.133"
Beta="0.597"
num_52WeekHigh="14.7"
num_52WeekLow="0.108"
num_50DayMovingAverage="0.238"
num_200DayMovingAverage="1.927"
SharesOutstanding="38741000"
DividendDate="2020-01-07"
ExDividendDate="None"
symbol="INPX"
open="0.18"
high="0.18"
low="0.17"
price="0.17"
volume="485628.00"
latest_trading_day="2023-07-10"
previous_close="0.18"
change="-0.01"
change_percent="-4.8396%"
aroon_positive_momentum_days="0"
aroon_negative_momentum_days="87"
trend_strength="Absent or Weak Trend"
buying_signal="Strong Sell Signal"
volume_analysis="Trending High"
value_analysis="Bullish Trend"
Aroon_change="FALSE"
Aroon_momentum="13"
Volume_recent_avg="4979215"
Change_recent_avg="-0.01"
Delta_recent_avg="0.07"
Variance_recent_avg="0.04"
Change_ratio_recent_avg="-1.93"
RSI_change="FALSE"
ADX_change="FALSE"

event="FALSE"
Aroon_signal="negative"
Aroon_change="FALSE"
Aroon_momentum_positive="13"
Aroon_momentum_negative="87"
image_negative_thumbnail_id_1="112"
image_negative_url_1="https://hehge.com/wp-content/uploads/sites/16/2023/05/MI_Finance_Negative_Landscape_0064.jpeg"
image_negative_thumbnail_id_2="136"
image_negative_url_2="https://hehge.com/wp-content/uploads/sites/16/2023/05/MI_Finance_Negative_Landscape_0040.jpeg"
image_neutral_thumbnail_id_1="571"
image_neutral_url_1="https://hehge.com/wp-content/uploads/sites/16/2023/06/MI_Finance_Neutral_Landscape_0028.jpeg"
image_neutral_thumbnail_id_2="577"
image_neutral_url_2="https://hehge.com/wp-content/uploads/sites/16/2023/06/MI_Finance_Neutral_Landscape_0022.jpeg"
image_positive_thumbnail_id_1="684"
image_positive_url_1="https://hehge.com/wp-content/uploads/sites/16/2023/06/MI_Finance_Positive_Landscape_0024.jpeg"
image_positive_thumbnail_id_2="972"
image_positive_url_2="https://hehge.com/wp-content/uploads/sites/16/2023/06/MI_Finance_Positive_Landscape_0134.jpeg"
image_professor_thumbnail_id_1="1201"
image_professor_url_1="https://hehge.com/wp-content/uploads/sites/16/2023/06/MI_Finance_Professor_Landscape_0035.jpeg"
image_professor_thumbnail_id_2="1174"
image_professor_url_2="https://hehge.com/wp-content/uploads/sites/16/2023/06/MI_Finance_Professor_Landscape_0008.jpeg"
