Symbol="GB"
AssetType="Common Stock"
Name="Global Blue Group Holding Ltd"
Description="Global Blue Group Holding AG provides transaction processing services with technology for merchants, banks, governments and travelers around the world. The company is headquartered in Wangen-Brttisellen, Switzerland."
CIK="1799983"
Exchange="NYSE"
Currency="USD"
Country="USA"
Sector="TECHNOLOGY"
Industry="SERVICES-COMPUTER PROCESSING & DATA PREPARATION"
Address="ZURICHSTRASSE 38, 8306 BRUTTISELLEN, BRUTTISELLEN, CH"
FiscalYearEnd="March"
LatestQuarter="2023-03-31"
MarketCapitalization="939787000"
EBITDA="46595000"
PERatio="None"
PEGRatio="None"
BookValue="0.002"
DividendPerShare="0"
DividendYield="0"
EPS="-0.14"
RevenuePerShareTTM="1.404"
ProfitMargin="-0.0823"
OperatingMarginTTM="0.0892"
ReturnOnAssetsTTM="0.0173"
ReturnOnEquityTTM="0"
RevenueTTM="311490000"
GrossProfitTTM="14140000"
DilutedEPSTTM="-0.14"
QuarterlyEarningsGrowthYOY="0"
QuarterlyRevenueGrowthYOY="1.216"
AnalystTargetPrice="None"
TrailingPE="-"
ForwardPE="-"
PriceToSalesRatioTTM="3.425"
PriceToBookRatio="124.15"
EVToRevenue="6.22"
EVToEBITDA="63.27"
Beta="0.454"
num_52WeekHigh="7.6"
num_52WeekLow="3.49"
num_50DayMovingAverage="5.15"
num_200DayMovingAverage="5.19"
SharesOutstanding="189856000"
DividendDate="None"
ExDividendDate="None"
symbol="GB"
open="4.92"
high="5.15"
low="4.92"
price="5.03"
volume="29594.00"
latest_trading_day="2023-07-10"
previous_close="4.95"
change="0.08"
change_percent="1.6162%"
aroon_positive_momentum_days="0"
aroon_negative_momentum_days="56"
trend_strength="Absent or Weak Trend"
buying_signal="Strong Sell Signal"
volume_analysis="Target Volume"
value_analysis="Expected Range"
Aroon_change="FALSE"
Aroon_momentum="44"
Volume_recent_avg="37989"
Change_recent_avg="-0.03"
Delta_recent_avg="0.31"
Variance_recent_avg="0.15"
Change_ratio_recent_avg="-0.63"
RSI_change="FALSE"
ADX_change="FALSE"

event="FALSE"
Aroon_signal="negative"
Aroon_change="FALSE"
Aroon_momentum_positive="44"
Aroon_momentum_negative="56"
image_negative_thumbnail_id_1="1097"
image_negative_url_1="https://hehge.com/wp-content/uploads/sites/16/2023/06/MI_Finance_Negative_Landscape_0130.jpeg"
image_negative_thumbnail_id_2="1130"
image_negative_url_2="https://hehge.com/wp-content/uploads/sites/16/2023/06/MI_Finance_Negative_Landscape_0163.jpeg"
image_neutral_thumbnail_id_1="568"
image_neutral_url_1="https://hehge.com/wp-content/uploads/sites/16/2023/06/MI_Finance_Neutral_Landscape_0031.jpeg"
image_neutral_thumbnail_id_2="553"
image_neutral_url_2="https://hehge.com/wp-content/uploads/sites/16/2023/06/MI_Finance_Neutral_Landscape_0046.jpeg"
image_positive_thumbnail_id_1="1004"
image_positive_url_1="https://hehge.com/wp-content/uploads/sites/16/2023/06/MI_Finance_Positive_Landscape_0166.jpeg"
image_positive_thumbnail_id_2="648"
image_positive_url_2="https://hehge.com/wp-content/uploads/sites/16/2023/06/MI_Finance_Positive_Landscape_0060.jpeg"
image_professor_thumbnail_id_1="1186"
image_professor_url_1="https://hehge.com/wp-content/uploads/sites/16/2023/06/MI_Finance_Professor_Landscape_0020.jpeg"
image_professor_thumbnail_id_2="1180"
image_professor_url_2="https://hehge.com/wp-content/uploads/sites/16/2023/06/MI_Finance_Professor_Landscape_0014.jpeg"
