Symbol="NEWR"
AssetType="Common Stock"
Name="New Relic Inc"
Description="New Relic, Inc., a software as a service company, provides a platform for engineers to plan, build, implement and operate software globally. The company is headquartered in San Francisco, California."
CIK="1448056"
Exchange="NYSE"
Currency="USD"
Country="USA"
Sector="TECHNOLOGY"
Industry="SERVICES-PREPACKAGED SOFTWARE"
Address="188 SPEAR STREET, STE. 1000, SAN FRANCISCO, CA, US"
FiscalYearEnd="March"
LatestQuarter="2023-06-30"
MarketCapitalization="5933793000"
EBITDA="-134031000"
PERatio="None"
PEGRatio="224.36"
BookValue="5.03"
DividendPerShare="0"
DividendYield="0"
EPS="-2.69"
RevenuePerShareTTM="13.92"
ProfitMargin="-0.176"
OperatingMarginTTM="-0.148"
ReturnOnAssetsTTM="-0.0791"
ReturnOnEquityTTM="-0.443"
RevenueTTM="951795000"
GrossProfitTTM="529242000"
DilutedEPSTTM="-2.69"
QuarterlyEarningsGrowthYOY="0"
QuarterlyRevenueGrowthYOY="0.121"
AnalystTargetPrice="86.5"
TrailingPE="-"
ForwardPE="90.09"
PriceToSalesRatioTTM="4.755"
PriceToBookRatio="13.24"
EVToRevenue="4.684"
EVToEBITDA="-30.79"
Beta="0.873"
num_52WeekHigh="86"
num_52WeekLow="50.24"
num_50DayMovingAverage="71.13"
num_200DayMovingAverage="66.72"
SharesOutstanding="70208000"
DividendDate="None"
ExDividendDate="None"
symbol="NEWR"
open="84.15"
high="84.55"
low="84.05"
price="84.39"
volume="2367239.00"
latest_trading_day="2023-08-04"
previous_close="84.13"
change="0.26"
change_percent="0.3090%"
aroon_positive_momentum_days="0"
aroon_negative_momentum_days="48"
trend_strength="Absent or Weak Trend"
buying_signal="Weak Sell Signal"
volume_analysis="Target Volume"
value_analysis="Expected Range"
Aroon_change="FALSE"
Aroon_momentum="52"
Volume_recent_avg="1057000"
Change_recent_avg="0.07"
Delta_recent_avg="2.05"
Variance_recent_avg="1.02"
Change_ratio_recent_avg="0.08"
RSI_change="FALSE"
ADX_change="FALSE"

event="FALSE"
Aroon_signal="negative"
Aroon_change="FALSE"
Aroon_momentum_positive="52"
Aroon_momentum_negative="48"
image_negative_thumbnail_id_1="1099"
image_negative_url_1="https://hehge.com/wp-content/uploads/sites/16/2023/06/MI_Finance_Negative_Landscape_0132.jpeg"
image_negative_thumbnail_id_2="153"
image_negative_url_2="https://hehge.com/wp-content/uploads/sites/16/2023/05/MI_Finance_Negative_Landscape_0023.jpeg"
image_neutral_thumbnail_id_1="556"
image_neutral_url_1="https://hehge.com/wp-content/uploads/sites/16/2023/06/MI_Finance_Neutral_Landscape_0043.jpeg"
image_neutral_thumbnail_id_2="581"
image_neutral_url_2="https://hehge.com/wp-content/uploads/sites/16/2023/06/MI_Finance_Neutral_Landscape_0018.jpeg"
image_positive_thumbnail_id_1="684"
image_positive_url_1="https://hehge.com/wp-content/uploads/sites/16/2023/06/MI_Finance_Positive_Landscape_0024.jpeg"
image_positive_thumbnail_id_2="980"
image_positive_url_2="https://hehge.com/wp-content/uploads/sites/16/2023/06/MI_Finance_Positive_Landscape_0142.jpeg"
image_professor_thumbnail_id_1="1199"
image_professor_url_1="https://hehge.com/wp-content/uploads/sites/16/2023/06/MI_Finance_Professor_Landscape_0033.jpeg"
image_professor_thumbnail_id_2="1201"
image_professor_url_2="https://hehge.com/wp-content/uploads/sites/16/2023/06/MI_Finance_Professor_Landscape_0035.jpeg"
