Symbol="ADSK"
AssetType="Common Stock"
Name="Autodesk Inc"
Description="Autodesk, Inc. is an American multinational software corporation that makes software products and services for the architecture, engineering, construction, manufacturing, media, education, and entertainment industries. Autodesk is headquartered in San Rafael, California."
CIK="769397"
Exchange="NASDAQ"
Currency="USD"
Country="USA"
Sector="TECHNOLOGY"
Industry="SERVICES-PREPACKAGED SOFTWARE"
Address="111 MCINNIS PKWY, SAN RAFAEL, CA, US"
FiscalYearEnd="January"
LatestQuarter="2023-04-30"
MarketCapitalization="43535987000"
EBITDA="1087000000"
PERatio="52.64"
PEGRatio="1.079"
BookValue="4.192"
DividendPerShare="0"
DividendYield="0"
EPS="3.87"
RevenuePerShareTTM="23.68"
ProfitMargin="0.164"
OperatingMarginTTM="0.201"
ReturnOnAssetsTTM="0.074"
ReturnOnEquityTTM="1.062"
RevenueTTM="5104000000"
GrossProfitTTM="4583000000"
DilutedEPSTTM="3.87"
QuarterlyEarningsGrowthYOY="0.118"
QuarterlyRevenueGrowthYOY="0.085"
AnalystTargetPrice="230.34"
TrailingPE="52.64"
ForwardPE="27.25"
PriceToSalesRatioTTM="8.55"
PriceToBookRatio="47.65"
EVToRevenue="9.06"
EVToEBITDA="43.62"
Beta="1.53"
num_52WeekHigh="235.01"
num_52WeekLow="166.94"
num_50DayMovingAverage="200.6"
num_200DayMovingAverage="201.51"
SharesOutstanding="213726000"
DividendDate="None"
ExDividendDate="2005-03-22"
symbol="ADSK"
open="202.41"
high="203.97"
low="200.51"
price="203.85"
volume="1688592.00"
latest_trading_day="2023-07-05"
previous_close="203.70"
change="0.15"
change_percent="0.0736%"
aroon_positive_momentum_days="52"
aroon_negative_momentum_days="0"
trend_strength="Absent or Weak Trend"
buying_signal="Weak Buy Signal"
volume_analysis="Target Volume"
value_analysis="Expected Range"
Aroon_change="FALSE"
Aroon_momentum="52"
Volume_recent_avg="1494749"
Change_recent_avg="0.03"
Delta_recent_avg="5.32"
Variance_recent_avg="2.66"
Change_ratio_recent_avg="-0.01"
RSI_change="FALSE"
ADX_change="FALSE"

event="FALSE"
Aroon_signal="positive"
Aroon_change="FALSE"
Aroon_momentum_positive="52"
Aroon_momentum_negative="48"
image_negative_thumbnail_id_1="1148"
image_negative_url_1="https://hehge.com/wp-content/uploads/sites/16/2023/06/MI_Finance_Negative_Landscape_0181.jpeg"
image_negative_thumbnail_id_2="502"
image_negative_url_2="https://hehge.com/wp-content/uploads/sites/16/2023/06/MI_Finance_Negative_Landscape_0103.jpeg"
image_neutral_thumbnail_id_1="575"
image_neutral_url_1="https://hehge.com/wp-content/uploads/sites/16/2023/06/MI_Finance_Neutral_Landscape_0024.jpeg"
image_neutral_thumbnail_id_2="547"
image_neutral_url_2="https://hehge.com/wp-content/uploads/sites/16/2023/06/MI_Finance_Neutral_Landscape_0052.jpeg"
image_positive_thumbnail_id_1="666"
image_positive_url_1="https://hehge.com/wp-content/uploads/sites/16/2023/06/MI_Finance_Positive_Landscape_0042.jpeg"
image_positive_thumbnail_id_2="680"
image_positive_url_2="https://hehge.com/wp-content/uploads/sites/16/2023/06/MI_Finance_Positive_Landscape_0028.jpeg"
image_professor_thumbnail_id_1="1173"
image_professor_url_1="https://hehge.com/wp-content/uploads/sites/16/2023/06/MI_Finance_Professor_Landscape_0007.jpeg"
image_professor_thumbnail_id_2="1195"
image_professor_url_2="https://hehge.com/wp-content/uploads/sites/16/2023/06/MI_Finance_Professor_Landscape_0029.jpeg"
