Symbol="MNDY"
AssetType="Common Stock"
Name="Monday.Com Ltd"
Description="monday.com Ltd. develops and markets a team management platform for organizations and businesses. The company is headquartered in Tel Aviv-Yafo, Israel with additional offices in New York, New York; London, United Kingdom; Sydney, Australia; Miami, Florida; and San Francisco, California."
CIK="1845338"
Exchange="NASDAQ"
Currency="USD"
Country="USA"
Sector="TECHNOLOGY"
Industry="SERVICES-PREPACKAGED SOFTWARE"
Address="6 YITZHAK SADEH STREET, TEL AVIV-YAFO, IL"
FiscalYearEnd="December"
LatestQuarter="2023-03-31"
MarketCapitalization="7814196000"
EBITDA="-99351000"
PERatio="None"
PEGRatio="None"
BookValue="14.51"
DividendPerShare="0"
DividendYield="0"
EPS="-1.78"
RevenuePerShareTTM="12.31"
ProfitMargin="-0.148"
OperatingMarginTTM="-0.187"
ReturnOnAssetsTTM="-0.0652"
ReturnOnEquityTTM="-0.125"
RevenueTTM="572788000"
GrossProfitTTM="503855000"
DilutedEPSTTM="-1.78"
QuarterlyEarningsGrowthYOY="0"
QuarterlyRevenueGrowthYOY="0.495"
AnalystTargetPrice="194.63"
TrailingPE="-"
ForwardPE="-"
PriceToSalesRatioTTM="11.19"
PriceToBookRatio="7.6"
EVToRevenue="9.0"
EVToEBITDA="-24.96"
Beta="0.85"
num_52WeekHigh="187"
num_52WeekLow="73.58"
num_50DayMovingAverage="155.57"
num_200DayMovingAverage="129.7"
SharesOutstanding="48277500"
DividendDate="None"
ExDividendDate="None"
symbol="MNDY"
open="165.06"
high="167.00"
low="161.27"
price="161.86"
volume="508408.00"
latest_trading_day="2023-07-07"
previous_close="163.67"
change="-1.81"
change_percent="-1.1059%"
aroon_positive_momentum_days="79"
aroon_negative_momentum_days="0"
trend_strength="Absent or Weak Trend"
buying_signal="Weak Buy Signal"
volume_analysis="Target Volume"
value_analysis="Expected Range"
Aroon_change="FALSE"
Aroon_momentum="79"
Volume_recent_avg="886490"
Change_recent_avg="0.01"
Delta_recent_avg="7.46"
Variance_recent_avg="3.73"
Change_ratio_recent_avg="-0.08"
RSI_change="FALSE"
ADX_change="FALSE"

event="aroon_milestone_positive_30"
Aroon_signal="positive"
Aroon_change="FALSE"
Aroon_momentum_positive="79"
Aroon_momentum_negative="21"
image_negative_thumbnail_id_1="1141"
image_negative_url_1="https://hehge.com/wp-content/uploads/sites/16/2023/06/MI_Finance_Negative_Landscape_0174.jpeg"
image_negative_thumbnail_id_2="96"
image_negative_url_2="https://hehge.com/wp-content/uploads/sites/16/2023/05/MI_Finance_Negative_Landscape_0080.jpeg"
image_neutral_thumbnail_id_1="576"
image_neutral_url_1="https://hehge.com/wp-content/uploads/sites/16/2023/06/MI_Finance_Neutral_Landscape_0023.jpeg"
image_neutral_thumbnail_id_2="524"
image_neutral_url_2="https://hehge.com/wp-content/uploads/sites/16/2023/06/MI_Finance_Neutral_Landscape_0075.jpeg"
image_positive_thumbnail_id_1="684"
image_positive_url_1="https://hehge.com/wp-content/uploads/sites/16/2023/06/MI_Finance_Positive_Landscape_0024.jpeg"
image_positive_thumbnail_id_2="634"
image_positive_url_2="https://hehge.com/wp-content/uploads/sites/16/2023/06/MI_Finance_Positive_Landscape_0074.jpeg"
image_professor_thumbnail_id_1="1199"
image_professor_url_1="https://hehge.com/wp-content/uploads/sites/16/2023/06/MI_Finance_Professor_Landscape_0033.jpeg"
image_professor_thumbnail_id_2="1191"
image_professor_url_2="https://hehge.com/wp-content/uploads/sites/16/2023/06/MI_Finance_Professor_Landscape_0025.jpeg"
