Symbol="INOD"
AssetType="Common Stock"
Name="Innodata Inc"
Description="Innodata Inc. is a global data engineering company in the United States, the United Kingdom, the Netherlands, Canada, and internationally. The company is headquartered in Ridgefield Park, New Jersey."
CIK="903651"
Exchange="NASDAQ"
Currency="USD"
Country="USA"
Sector="TECHNOLOGY"
Industry="SERVICES-COMPUTER PROCESSING & DATA PREPARATION"
Address="THREE UNIVERSITY PLAZA, SUITE 506, HACKENSACK, NJ, US"
FiscalYearEnd="December"
LatestQuarter="2023-03-31"
MarketCapitalization="285969000"
EBITDA="-8118000"
PERatio="None"
PEGRatio="0"
BookValue="0.669"
DividendPerShare="0"
DividendYield="0"
EPS="-0.39"
RevenuePerShareTTM="2.802"
ProfitMargin="-0.147"
OperatingMarginTTM="-0.129"
ReturnOnAssetsTTM="-0.119"
ReturnOnEquityTTM="-0.538"
RevenueTTM="76648000"
GrossProfitTTM="29306000"
DilutedEPSTTM="-0.39"
QuarterlyEarningsGrowthYOY="176.78"
QuarterlyRevenueGrowthYOY="-0.111"
AnalystTargetPrice="5"
TrailingPE="-"
ForwardPE="-"
PriceToSalesRatioTTM="1.003"
PriceToBookRatio="4.789"
EVToRevenue="1.002"
EVToEBITDA="-11.59"
Beta="2.019"
num_52WeekHigh="14.22"
num_52WeekLow="2.78"
num_50DayMovingAverage="9.74"
num_200DayMovingAverage="5.95"
SharesOutstanding="27550000"
DividendDate="None"
ExDividendDate="None"
symbol="INOD"
open="10.42"
high="10.90"
low="10.31"
price="10.61"
volume="314817.00"
latest_trading_day="2023-07-07"
previous_close="10.38"
change="0.23"
change_percent="2.2158%"
aroon_positive_momentum_days="98"
aroon_negative_momentum_days="0"
trend_strength="Strong Trend"
buying_signal="Weak Buy Signal"
volume_analysis="Target Volume"
value_analysis="Expected Range"
Aroon_change="FALSE"
Aroon_momentum="98"
Volume_recent_avg="374725"
Change_recent_avg="0.01"
Delta_recent_avg="0.81"
Variance_recent_avg="0.4"
Change_ratio_recent_avg="-0.09"
RSI_change="FALSE"
ADX_change="FALSE"

event="FALSE"
Aroon_signal="positive"
Aroon_change="FALSE"
Aroon_momentum_positive="98"
Aroon_momentum_negative="2"
image_negative_thumbnail_id_1="514"
image_negative_url_1="https://hehge.com/wp-content/uploads/sites/16/2023/06/MI_Finance_Negative_Landscape_0091.jpeg"
image_negative_thumbnail_id_2="1092"
image_negative_url_2="https://hehge.com/wp-content/uploads/sites/16/2023/06/MI_Finance_Negative_Landscape_0125.jpeg"
image_neutral_thumbnail_id_1="545"
image_neutral_url_1="https://hehge.com/wp-content/uploads/sites/16/2023/06/MI_Finance_Neutral_Landscape_0054.jpeg"
image_neutral_thumbnail_id_2="540"
image_neutral_url_2="https://hehge.com/wp-content/uploads/sites/16/2023/06/MI_Finance_Neutral_Landscape_0059.jpeg"
image_positive_thumbnail_id_1="1001"
image_positive_url_1="https://hehge.com/wp-content/uploads/sites/16/2023/06/MI_Finance_Positive_Landscape_0163.jpeg"
image_positive_thumbnail_id_2="965"
image_positive_url_2="https://hehge.com/wp-content/uploads/sites/16/2023/06/MI_Finance_Positive_Landscape_0127.jpeg"
image_professor_thumbnail_id_1="1202"
image_professor_url_1="https://hehge.com/wp-content/uploads/sites/16/2023/06/MI_Finance_Professor_Landscape_0036.jpeg"
image_professor_thumbnail_id_2="1176"
image_professor_url_2="https://hehge.com/wp-content/uploads/sites/16/2023/06/MI_Finance_Professor_Landscape_0010.jpeg"
