Symbol="CXM"
AssetType="Common Stock"
Name="Sprinklr Inc"
Description="Sprinklr, Inc. develops and provides a unified cloud-based customer experience management platform for companies around the world. The company is headquartered in New York, New York."
CIK="1569345"
Exchange="NYSE"
Currency="USD"
Country="USA"
Sector="TECHNOLOGY"
Industry="SERVICES-PREPACKAGED SOFTWARE"
Address="29 WEST 35TH STREET, 8TH FLOOR, NEW YORK, NY, US"
FiscalYearEnd="December"
LatestQuarter="2023-03-31"
MarketCapitalization="3744186000"
EBITDA="-24509000"
PERatio="None"
PEGRatio="3.27"
BookValue="2.164"
DividendPerShare="0"
DividendYield="0"
EPS="-0.1"
RevenuePerShareTTM="2.471"
ProfitMargin="-0.0428"
OperatingMarginTTM="-0.0484"
ReturnOnAssetsTTM="-0.0203"
ReturnOnEquityTTM="-0.051"
RevenueTTM="646575000"
GrossProfitTTM="344843000"
DilutedEPSTTM="-0.1"
QuarterlyEarningsGrowthYOY="0"
QuarterlyRevenueGrowthYOY="0.196"
AnalystTargetPrice="15.76"
TrailingPE="-"
ForwardPE="98.04"
PriceToSalesRatioTTM="3.894"
PriceToBookRatio="4.455"
EVToRevenue="3.016"
EVToEBITDA="-28.61"
Beta="0.936"
num_52WeekHigh="15.5"
num_52WeekLow="7.25"
num_50DayMovingAverage="13.84"
num_200DayMovingAverage="10.96"
SharesOutstanding="133506000"
DividendDate="None"
ExDividendDate="None"
symbol="CXM"
open="14.07"
high="14.07"
low="13.60"
price="13.99"
volume="2473442.00"
latest_trading_day="2023-08-02"
previous_close="14.22"
change="-0.23"
change_percent="-1.6174%"
aroon_positive_momentum_days="100"
aroon_negative_momentum_days="0"
trend_strength="Absent or Weak Trend"
buying_signal="Strong Buy Signal"
volume_analysis="Target Volume"
value_analysis="Expected Range"
Aroon_change="FALSE"
Aroon_momentum="100"
Volume_recent_avg="1621014"
Change_recent_avg="0.01"
Delta_recent_avg="0.41"
Variance_recent_avg="0.21"
Change_ratio_recent_avg="-0.04"
RSI_change="FALSE"
ADX_change="FALSE"
Aroon_signal="positive"
Aroon_change="FALSE"
Aroon_momentum_positive="100"
Aroon_momentum_negative="0"
image_negative_thumbnail_id_1="155"
image_negative_url_1="https://hehge.com/wp-content/uploads/sites/16/2023/05/MI_Finance_Negative_Landscape_0021.jpeg"
image_negative_thumbnail_id_2="1147"
image_negative_url_2="https://hehge.com/wp-content/uploads/sites/16/2023/06/MI_Finance_Negative_Landscape_0180.jpeg"
image_neutral_thumbnail_id_1="527"
image_neutral_url_1="https://hehge.com/wp-content/uploads/sites/16/2023/06/MI_Finance_Neutral_Landscape_0072.jpeg"
image_neutral_thumbnail_id_2="555"
image_neutral_url_2="https://hehge.com/wp-content/uploads/sites/16/2023/06/MI_Finance_Neutral_Landscape_0044.jpeg"
image_positive_thumbnail_id_1="976"
image_positive_url_1="https://hehge.com/wp-content/uploads/sites/16/2023/06/MI_Finance_Positive_Landscape_0138.jpeg"
image_positive_thumbnail_id_2="652"
image_positive_url_2="https://hehge.com/wp-content/uploads/sites/16/2023/06/MI_Finance_Positive_Landscape_0056.jpeg"
image_professor_thumbnail_id_1="1190"
image_professor_url_1="https://hehge.com/wp-content/uploads/sites/16/2023/06/MI_Finance_Professor_Landscape_0024.jpeg"
image_professor_thumbnail_id_2="1175"
image_professor_url_2="https://hehge.com/wp-content/uploads/sites/16/2023/06/MI_Finance_Professor_Landscape_0009.jpeg"
