Symbol="MGIH"
AssetType="Common Stock"
Name="Millennium Group International Holdings Limited Ordinary Shares"
Description="Millennium Group International Holdings Limited, an investment holding company, provides paper-based packaging solutions in Mainland China, Hong Kong, Vietnam, other Southeast Asian countries, Australia, the United States, and internationally. "
CIK="1903995"
Exchange="NASDAQ"
Currency="USD"
Country="USA"
Sector="TECHNOLOGY"
Industry="GENERAL"
Address="NONE"
FiscalYearEnd="June"
LatestQuarter="2022-06-30"
MarketCapitalization="19687500"
EBITDA="4978200"
PERatio="6.48"
PEGRatio="None"
BookValue="4.006"
DividendPerShare="0"
DividendYield="0"
EPS="0.27"
RevenuePerShareTTM="5.67"
ProfitMargin="0.0546"
OperatingMarginTTM="0.0526"
ReturnOnAssetsTTM="0.0273"
ReturnOnEquityTTM="0.0849"
RevenueTTM="56711000"
GrossProfitTTM="16271000"
DilutedEPSTTM="0.27"
QuarterlyEarningsGrowthYOY="-0.504"
QuarterlyRevenueGrowthYOY="-0.266"
AnalystTargetPrice="None"
TrailingPE="6.48"
ForwardPE="-"
PriceToSalesRatioTTM="-"
PriceToBookRatio="-"
EVToRevenue="-"
EVToEBITDA="-"
Beta="None"
num_52WeekHigh="4.633"
num_52WeekLow="1.54"
num_50DayMovingAverage="1.852"
num_200DayMovingAverage="1.903"
SharesOutstanding="11250000"
DividendDate="None"
ExDividendDate="None"
symbol="MGIH"
open="1.73"
high="1.81"
low="1.72"
price="1.77"
volume="21409.00"
latest_trading_day="2023-07-28"
previous_close="1.71"
change="0.06"
change_percent="3.5088%"
aroon_positive_momentum_days="1"
aroon_negative_momentum_days="0"
trend_strength="nan"
buying_signal="Weak Buy Signal"
volume_analysis="Target Volume"
value_analysis="Expected Range"
Aroon_change="TRUE"
Aroon_momentum="1"
Volume_recent_avg="674051"
Change_recent_avg="-0.03"
Delta_recent_avg="0.29"
Variance_recent_avg="0.15"
Change_ratio_recent_avg="-1.19"
RSI_change="FALSE"
ADX_change="FALSE"
Aroon_signal="positive"
Aroon_change="TRUE"
Aroon_momentum_positive="1"
Aroon_momentum_negative="19"
image_negative_thumbnail_id_1="115"
image_negative_url_1="https://hehge.com/wp-content/uploads/sites/16/2023/05/MI_Finance_Negative_Landscape_0061.jpeg"
image_negative_thumbnail_id_2="1153"
image_negative_url_2="https://hehge.com/wp-content/uploads/sites/16/2023/06/MI_Finance_Negative_Landscape_0186.jpeg"
image_neutral_thumbnail_id_1="555"
image_neutral_url_1="https://hehge.com/wp-content/uploads/sites/16/2023/06/MI_Finance_Neutral_Landscape_0044.jpeg"
image_neutral_thumbnail_id_2="554"
image_neutral_url_2="https://hehge.com/wp-content/uploads/sites/16/2023/06/MI_Finance_Neutral_Landscape_0045.jpeg"
image_positive_thumbnail_id_1="972"
image_positive_url_1="https://hehge.com/wp-content/uploads/sites/16/2023/06/MI_Finance_Positive_Landscape_0134.jpeg"
image_positive_thumbnail_id_2="639"
image_positive_url_2="https://hehge.com/wp-content/uploads/sites/16/2023/06/MI_Finance_Positive_Landscape_0069.jpeg"
image_professor_thumbnail_id_1="1185"
image_professor_url_1="https://hehge.com/wp-content/uploads/sites/16/2023/06/MI_Finance_Professor_Landscape_0019.jpeg"
image_professor_thumbnail_id_2="1181"
image_professor_url_2="https://hehge.com/wp-content/uploads/sites/16/2023/06/MI_Finance_Professor_Landscape_0015.jpeg"
