Symbol="BTCM"
AssetType="Common Stock"
Name="BIT Mining Ltd"
Description="BIT Mining Limited is a cryptocurrency mining company. The company is headquartered in Shenzhen, the People's Republic of China."
CIK="1517496"
Exchange="NYSE"
Currency="USD"
Country="China"
Sector="TECHNOLOGY"
Industry="SERVICES-COMPUTER PROCESSING & DATA PREPARATION"
Address="UNITS 813&815, LEVEL 8, CORE F, CYBERPORT 3, 100 CYBERPORT ROAD, HONGKONG, CHINA"
FiscalYearEnd="December"
LatestQuarter="2023-03-31"
MarketCapitalization="35533600"
EBITDA="-11661750"
PERatio="None"
PEGRatio="None"
BookValue="4.425"
DividendPerShare="0"
DividendYield="0"
EPS="-17.78"
RevenuePerShareTTM="44.31"
ProfitMargin="-0.375"
OperatingMarginTTM="-0.113"
ReturnOnAssetsTTM="-0.16"
ReturnOnEquityTTM="-1.271"
RevenueTTM="426421000"
GrossProfitTTM="-9987000"
DilutedEPSTTM="-17.78"
QuarterlyEarningsGrowthYOY="0"
QuarterlyRevenueGrowthYOY="-0.754"
AnalystTargetPrice="None"
TrailingPE="-"
ForwardPE="-"
PriceToSalesRatioTTM="0.0206"
PriceToBookRatio="0.13"
EVToRevenue="0.0043"
EVToEBITDA="-0.14"
Beta="2.819"
num_52WeekHigh="8.1"
num_52WeekLow="1.4"
num_50DayMovingAverage="3.126"
num_200DayMovingAverage="2.713"
SharesOutstanding="10638800"
DividendDate="None"
ExDividendDate="None"
symbol="BTCM"
open="3.34"
high="3.38"
low="2.99"
price="3.34"
volume="266585.00"
latest_trading_day="2023-07-28"
previous_close="3.24"
change="0.10"
change_percent="3.0864%"
aroon_positive_momentum_days="75"
aroon_negative_momentum_days="0"
trend_strength="Absent or Weak Trend"
buying_signal="Weak Buy Signal"
volume_analysis="Target Volume"
value_analysis="Expected Range"
Aroon_change="FALSE"
Aroon_momentum="75"
Volume_recent_avg="165298"
Change_recent_avg="0.01"
Delta_recent_avg="0.29"
Variance_recent_avg="0.14"
Change_ratio_recent_avg="-0.21"
RSI_change="FALSE"
ADX_change="FALSE"

event="FALSE"
Aroon_signal="positive"
Aroon_change="FALSE"
Aroon_momentum_positive="75"
Aroon_momentum_negative="25"
image_negative_thumbnail_id_1="1090"
image_negative_url_1="https://hehge.com/wp-content/uploads/sites/16/2023/06/MI_Finance_Negative_Landscape_0123.jpeg"
image_negative_thumbnail_id_2="1113"
image_negative_url_2="https://hehge.com/wp-content/uploads/sites/16/2023/06/MI_Finance_Negative_Landscape_0146.jpeg"
image_neutral_thumbnail_id_1="596"
image_neutral_url_1="https://hehge.com/wp-content/uploads/sites/16/2023/06/MI_Finance_Neutral_Landscape_0003.jpeg"
image_neutral_thumbnail_id_2="527"
image_neutral_url_2="https://hehge.com/wp-content/uploads/sites/16/2023/06/MI_Finance_Neutral_Landscape_0072.jpeg"
image_positive_thumbnail_id_1="683"
image_positive_url_1="https://hehge.com/wp-content/uploads/sites/16/2023/06/MI_Finance_Positive_Landscape_0025.jpeg"
image_positive_thumbnail_id_2="629"
image_positive_url_2="https://hehge.com/wp-content/uploads/sites/16/2023/06/MI_Finance_Positive_Landscape_0079.jpeg"
image_professor_thumbnail_id_1="1178"
image_professor_url_1="https://hehge.com/wp-content/uploads/sites/16/2023/06/MI_Finance_Professor_Landscape_0012.jpeg"
image_professor_thumbnail_id_2="1188"
image_professor_url_2="https://hehge.com/wp-content/uploads/sites/16/2023/06/MI_Finance_Professor_Landscape_0022.jpeg"
