Symbol="BTCM"
AssetType="Common Stock"
Name="BIT Mining Ltd"
Description="BIT Mining Limited is a cryptocurrency mining company. The company is headquartered in Shenzhen, the People's Republic of China."
CIK="1517496"
Exchange="NYSE"
Currency="USD"
Country="China"
Sector="TECHNOLOGY"
Industry="SERVICES-COMPUTER PROCESSING & DATA PREPARATION"
Address="UNITS 813&815, LEVEL 8, CORE F, CYBERPORT 3, 100 CYBERPORT ROAD, HONGKONG, CHINA"
FiscalYearEnd="December"
LatestQuarter="2023-03-31"
MarketCapitalization="33725000"
EBITDA="-11661750"
PERatio="None"
PEGRatio="None"
BookValue="4.425"
DividendPerShare="0"
DividendYield="0"
EPS="-23.86"
RevenuePerShareTTM="44.31"
ProfitMargin="-0.375"
OperatingMarginTTM="-0.113"
ReturnOnAssetsTTM="-0.16"
ReturnOnEquityTTM="-1.271"
RevenueTTM="426421000"
GrossProfitTTM="-9987000"
DilutedEPSTTM="-23.86"
QuarterlyEarningsGrowthYOY="0"
QuarterlyRevenueGrowthYOY="-0.754"
AnalystTargetPrice="None"
TrailingPE="-"
ForwardPE="-"
PriceToSalesRatioTTM="0.0206"
PriceToBookRatio="0.13"
EVToRevenue="0.0043"
EVToEBITDA="-0.14"
Beta="2.883"
num_52WeekHigh="8.6"
num_52WeekLow="1.4"
num_50DayMovingAverage="2.785"
num_200DayMovingAverage="2.64"
SharesOutstanding="10638800"
DividendDate="None"
ExDividendDate="None"
symbol="BTCM"
open="3.18"
high="3.20"
low="2.96"
price="3.15"
volume="198636.00"
latest_trading_day="2023-07-06"
previous_close="3.17"
change="-0.02"
change_percent="-0.6309%"
aroon_positive_momentum_days="76"
aroon_negative_momentum_days="0"
trend_strength="Absent or Weak Trend"
buying_signal="High Volatility / Hold Signal"
volume_analysis="Target Volume"
value_analysis="Expected Range"
Aroon_change="FALSE"
Aroon_momentum="76"
Volume_recent_avg="133076"
Change_recent_avg="0.01"
Delta_recent_avg="0.26"
Variance_recent_avg="0.13"
Change_ratio_recent_avg="-0.11"
RSI_change="FALSE"
ADX_change="FALSE"

event="FALSE"
Aroon_signal="positive"
Aroon_change="FALSE"
Aroon_momentum_positive="76"
Aroon_momentum_negative="24"
image_negative_thumbnail_id_1="106"
image_negative_url_1="https://hehge.com/wp-content/uploads/sites/16/2023/05/MI_Finance_Negative_Landscape_0070.jpeg"
image_negative_thumbnail_id_2="1136"
image_negative_url_2="https://hehge.com/wp-content/uploads/sites/16/2023/06/MI_Finance_Negative_Landscape_0169.jpeg"
image_neutral_thumbnail_id_1="539"
image_neutral_url_1="https://hehge.com/wp-content/uploads/sites/16/2023/06/MI_Finance_Neutral_Landscape_0060.jpeg"
image_neutral_thumbnail_id_2="554"
image_neutral_url_2="https://hehge.com/wp-content/uploads/sites/16/2023/06/MI_Finance_Neutral_Landscape_0045.jpeg"
image_positive_thumbnail_id_1="966"
image_positive_url_1="https://hehge.com/wp-content/uploads/sites/16/2023/06/MI_Finance_Positive_Landscape_0128.jpeg"
image_positive_thumbnail_id_2="957"
image_positive_url_2="https://hehge.com/wp-content/uploads/sites/16/2023/06/MI_Finance_Positive_Landscape_0119.jpeg"
image_professor_thumbnail_id_1="1175"
image_professor_url_1="https://hehge.com/wp-content/uploads/sites/16/2023/06/MI_Finance_Professor_Landscape_0009.jpeg"
image_professor_thumbnail_id_2="1203"
image_professor_url_2="https://hehge.com/wp-content/uploads/sites/16/2023/06/MI_Finance_Professor_Landscape_0037.jpeg"
