Symbol="KMT"
AssetType="Common Stock"
Name="Kennametal Inc"
Description="Kennametal Inc. develops and applies tungsten carbides, ceramics and super hard materials and solutions for use in extreme wear and metal cutting applications to enable customers to work against corrosion and high temperature conditions around the world. The company is headquartered in Pittsburgh, Pennsylvania."
CIK="55242"
Exchange="NYSE"
Currency="USD"
Country="USA"
Sector="TECHNOLOGY"
Industry="MACHINE TOOLS, METAL CUTTING TYPES"
Address="525 WILLIAM PENN PLACE, SUITE 3300, PITTSBURGH, PA, US"
FiscalYearEnd="June"
LatestQuarter="2023-03-31"
MarketCapitalization="2332803000"
EBITDA="339608000"
PERatio="19.25"
PEGRatio="0.56"
BookValue="15.9"
DividendPerShare="0.8"
DividendYield="0.0271"
EPS="1.51"
RevenuePerShareTTM="25.31"
ProfitMargin="0.0601"
OperatingMarginTTM="0.0994"
ReturnOnAssetsTTM="0.0486"
ReturnOnEquityTTM="0.0959"
RevenueTTM="2057964000"
GrossProfitTTM="653477000"
DilutedEPSTTM="1.51"
QuarterlyEarningsGrowthYOY="-0.071"
QuarterlyRevenueGrowthYOY="0.046"
AnalystTargetPrice="29"
TrailingPE="19.25"
ForwardPE="17.18"
PriceToSalesRatioTTM="0.976"
PriceToBookRatio="1.669"
EVToRevenue="1.317"
EVToEBITDA="7.53"
Beta="1.886"
num_52WeekHigh="30.16"
num_52WeekLow="19.75"
num_50DayMovingAverage="27.38"
num_200DayMovingAverage="26.37"
SharesOutstanding="80275000"
DividendDate="2023-05-23"
ExDividendDate="2023-05-08"
symbol="KMT"
open="29.37"
high="29.39"
low="28.80"
price="29.06"
volume="434163.00"
latest_trading_day="2023-07-14"
previous_close="29.43"
change="-0.37"
change_percent="-1.2572%"
aroon_positive_momentum_days="55"
aroon_negative_momentum_days="0"
trend_strength="Absent or Weak Trend"
buying_signal="Weak Buy Signal"
volume_analysis="Target Volume"
value_analysis="Expected Range"
Aroon_change="FALSE"
Aroon_momentum="55"
Volume_recent_avg="942543"
Change_recent_avg="-0.03"
Delta_recent_avg="0.78"
Variance_recent_avg="0.39"
Change_ratio_recent_avg="-0.12"
RSI_change="FALSE"
ADX_change="FALSE"

event="FALSE"
Aroon_signal="positive"
Aroon_change="FALSE"
Aroon_momentum_positive="55"
Aroon_momentum_negative="45"
image_negative_thumbnail_id_1="166"
image_negative_url_1="https://hehge.com/wp-content/uploads/sites/16/2023/05/MI_Finance_Negative_Landscape_0010.jpeg"
image_negative_thumbnail_id_2="130"
image_negative_url_2="https://hehge.com/wp-content/uploads/sites/16/2023/05/MI_Finance_Negative_Landscape_0046.jpeg"
image_neutral_thumbnail_id_1="584"
image_neutral_url_1="https://hehge.com/wp-content/uploads/sites/16/2023/06/MI_Finance_Neutral_Landscape_0015.jpeg"
image_neutral_thumbnail_id_2="570"
image_neutral_url_2="https://hehge.com/wp-content/uploads/sites/16/2023/06/MI_Finance_Neutral_Landscape_0029.jpeg"
image_positive_thumbnail_id_1="958"
image_positive_url_1="https://hehge.com/wp-content/uploads/sites/16/2023/06/MI_Finance_Positive_Landscape_0120.jpeg"
image_positive_thumbnail_id_2="671"
image_positive_url_2="https://hehge.com/wp-content/uploads/sites/16/2023/06/MI_Finance_Positive_Landscape_0037.jpeg"
image_professor_thumbnail_id_1="1170"
image_professor_url_1="https://hehge.com/wp-content/uploads/sites/16/2023/06/MI_Finance_Professor_Landscape_0004.jpeg"
image_professor_thumbnail_id_2="1169"
image_professor_url_2="https://hehge.com/wp-content/uploads/sites/16/2023/06/MI_Finance_Professor_Landscape_0003.jpeg"
aroon_positive_momentum_days="55"
aroon_negative_momentum_days="0"
trend_strength="Absent or Weak Trend"
buying_signal="Weak Buy Signal"
volume_analysis="Target Volume"
value_analysis="Expected Range"
Aroon_change="FALSE"
Aroon_momentum="55"
Volume_recent_avg="942543"
Change_recent_avg="-0.03"
Delta_recent_avg="0.78"
Variance_recent_avg="0.39"
Change_ratio_recent_avg="-0.12"
RSI_change="FALSE"
ADX_change="FALSE"

event="FALSE"
Aroon_signal="positive"
Aroon_change="FALSE"
Aroon_momentum_positive="55"
Aroon_momentum_negative="45"
image_negative_thumbnail_id_1="99"
image_negative_url_1="https://hehge.com/wp-content/uploads/sites/16/2023/05/MI_Finance_Negative_Landscape_0077.jpeg"
image_negative_thumbnail_id_2="1144"
image_negative_url_2="https://hehge.com/wp-content/uploads/sites/16/2023/06/MI_Finance_Negative_Landscape_0177.jpeg"
image_neutral_thumbnail_id_1="432"
image_neutral_url_1="https://hehge.com/wp-content/uploads/sites/16/2023/05/MI_Finance_Neutral_Landscape_0019.jpeg"
image_neutral_thumbnail_id_2="543"
image_neutral_url_2="https://hehge.com/wp-content/uploads/sites/16/2023/06/MI_Finance_Neutral_Landscape_0056.jpeg"
image_positive_thumbnail_id_1="1016"
image_positive_url_1="https://hehge.com/wp-content/uploads/sites/16/2023/06/MI_Finance_Positive_Landscape_0178.jpeg"
image_positive_thumbnail_id_2="690"
image_positive_url_2="https://hehge.com/wp-content/uploads/sites/16/2023/06/MI_Finance_Positive_Landscape_0018.jpeg"
image_professor_thumbnail_id_1="1201"
image_professor_url_1="https://hehge.com/wp-content/uploads/sites/16/2023/06/MI_Finance_Professor_Landscape_0035.jpeg"
image_professor_thumbnail_id_2="1190"
image_professor_url_2="https://hehge.com/wp-content/uploads/sites/16/2023/06/MI_Finance_Professor_Landscape_0024.jpeg"
