Symbol="JT"
AssetType="Common Stock"
Name="Jianpu Technology Inc"
Description="None"
CIK="1713923"
Exchange="NYSE"
Currency="USD"
Country="China"
Sector="TECHNOLOGY"
Industry="SERVICES-COMPUTER PROGRAMMING, DATA PROCESSING, ETC."
Address="21/F INTERNET FINANCE CENTER, DANLING STREET, BEIJING, CHINA"
FiscalYearEnd="December"
LatestQuarter="2023-03-31"
MarketCapitalization="22855000"
EBITDA="-104867752"
PERatio="None"
PEGRatio="None"
BookValue="19.04"
DividendPerShare="0"
DividendYield="0"
EPS="-0.657"
RevenuePerShareTTM="50.52"
ProfitMargin="-0.0865"
OperatingMarginTTM="-0.101"
ReturnOnAssetsTTM="-0.0692"
ReturnOnEquityTTM="-23.45"
RevenueTTM="1071505000"
GrossProfitTTM="212408000"
DilutedEPSTTM="-0.68"
QuarterlyEarningsGrowthYOY="0"
QuarterlyRevenueGrowthYOY="0.394"
AnalystTargetPrice="1.13"
TrailingPE="-"
ForwardPE="-"
PriceToSalesRatioTTM="0.034"
PriceToBookRatio="0.516"
EVToRevenue="0.0183"
EVToEBITDA="-0.0837"
Beta="0.516"
num_52WeekHigh="2.22"
num_52WeekLow="0.911"
num_50DayMovingAverage="1.223"
num_200DayMovingAverage="1.526"
SharesOutstanding="21222400"
DividendDate="2020-10-30"
ExDividendDate="None"
symbol="JT"
open="1.34"
high="1.48"
low="1.33"
price="1.46"
volume="61501.00"
latest_trading_day="2023-08-03"
previous_close="1.36"
change="0.10"
change_percent="7.3529%"
aroon_positive_momentum_days="20"
aroon_negative_momentum_days="0"
trend_strength="Absent or Weak Trend"
buying_signal="Weak Buy Signal"
volume_analysis="Target Volume"
value_analysis="Expected Range"
Aroon_change="FALSE"
Aroon_momentum="20"
Volume_recent_avg="20486"
Change_recent_avg="0.01"
Delta_recent_avg="0.11"
Variance_recent_avg="0.05"
Change_ratio_recent_avg="0.2"
RSI_change="FALSE"
ADX_change="FALSE"

event="FALSE"
Aroon_signal="positive"
Aroon_change="FALSE"
Aroon_momentum_positive="20"
Aroon_momentum_negative="80"
image_negative_thumbnail_id_1="93"
image_negative_url_1="https://hehge.com/wp-content/uploads/sites/16/2023/05/MI_Finance_Negative_Landscape_0083.jpeg"
image_negative_thumbnail_id_2="1092"
image_negative_url_2="https://hehge.com/wp-content/uploads/sites/16/2023/06/MI_Finance_Negative_Landscape_0125.jpeg"
image_neutral_thumbnail_id_1="584"
image_neutral_url_1="https://hehge.com/wp-content/uploads/sites/16/2023/06/MI_Finance_Neutral_Landscape_0015.jpeg"
image_neutral_thumbnail_id_2="551"
image_neutral_url_2="https://hehge.com/wp-content/uploads/sites/16/2023/06/MI_Finance_Neutral_Landscape_0048.jpeg"
image_positive_thumbnail_id_1="653"
image_positive_url_1="https://hehge.com/wp-content/uploads/sites/16/2023/06/MI_Finance_Positive_Landscape_0055.jpeg"
image_positive_thumbnail_id_2="974"
image_positive_url_2="https://hehge.com/wp-content/uploads/sites/16/2023/06/MI_Finance_Positive_Landscape_0136.jpeg"
image_professor_thumbnail_id_1="1203"
image_professor_url_1="https://hehge.com/wp-content/uploads/sites/16/2023/06/MI_Finance_Professor_Landscape_0037.jpeg"
image_professor_thumbnail_id_2="1181"
image_professor_url_2="https://hehge.com/wp-content/uploads/sites/16/2023/06/MI_Finance_Professor_Landscape_0015.jpeg"
