Symbol="TWLO"
AssetType="Common Stock"
Name="Twilio Inc"
Description="Twilio Inc. provides a cloud communications platform that enables developers to build, scale, and operate customer engagement within software applications in the United States and internationally. The company is headquartered in San Francisco, California."
CIK="1447669"
Exchange="NYSE"
Currency="USD"
Country="USA"
Sector="TECHNOLOGY"
Industry="SERVICES-PREPACKAGED SOFTWARE"
Address="375 BEALE ST, SUITE 300, SAN FRANCISCO, CA, US"
FiscalYearEnd="December"
LatestQuarter="2023-03-31"
MarketCapitalization="11303451000"
EBITDA="-646886976"
PERatio="None"
PEGRatio="44.96"
BookValue="55.56"
DividendPerShare="0"
DividendYield="0"
EPS="-7.32"
RevenuePerShareTTM="21.46"
ProfitMargin="-0.348"
OperatingMarginTTM="-0.235"
ReturnOnAssetsTTM="-0.0461"
ReturnOnEquityTTM="-0.13"
RevenueTTM="3957522000"
GrossProfitTTM="1814116000"
DilutedEPSTTM="-7.32"
QuarterlyEarningsGrowthYOY="0"
QuarterlyRevenueGrowthYOY="0.15"
AnalystTargetPrice="66.95"
TrailingPE="-"
ForwardPE="400"
PriceToSalesRatioTTM="2.384"
PriceToBookRatio="0.893"
EVToRevenue="1.77"
EVToEBITDA="-7.83"
Beta="1.373"
num_52WeekHigh="98.67"
num_52WeekLow="41"
num_50DayMovingAverage="59.32"
num_200DayMovingAverage="59.8"
SharesOutstanding="174314000"
DividendDate="None"
ExDividendDate="None"
symbol="TWLO"
open="62.11"
high="64.27"
low="61.90"
price="62.45"
volume="2711386.00"
latest_trading_day="2023-07-07"
previous_close="61.95"
change="0.50"
change_percent="0.8071%"
aroon_positive_momentum_days="70"
aroon_negative_momentum_days="0"
trend_strength="Absent or Weak Trend"
buying_signal="Weak Buy Signal"
volume_analysis="Target Volume"
value_analysis="Expected Range"
Aroon_change="FALSE"
Aroon_momentum="70"
Volume_recent_avg="4876447"
Change_recent_avg="0.11"
Delta_recent_avg="2.75"
Variance_recent_avg="1.37"
Change_ratio_recent_avg="0.17"
RSI_change="FALSE"
ADX_change="FALSE"

event="FALSE"
Aroon_signal="positive"
Aroon_change="FALSE"
Aroon_momentum_positive="70"
Aroon_momentum_negative="30"
image_negative_thumbnail_id_1="155"
image_negative_url_1="https://hehge.com/wp-content/uploads/sites/16/2023/05/MI_Finance_Negative_Landscape_0021.jpeg"
image_negative_thumbnail_id_2="1087"
image_negative_url_2="https://hehge.com/wp-content/uploads/sites/16/2023/06/MI_Finance_Negative_Landscape_0120.jpeg"
image_neutral_thumbnail_id_1="540"
image_neutral_url_1="https://hehge.com/wp-content/uploads/sites/16/2023/06/MI_Finance_Neutral_Landscape_0059.jpeg"
image_neutral_thumbnail_id_2="532"
image_neutral_url_2="https://hehge.com/wp-content/uploads/sites/16/2023/06/MI_Finance_Neutral_Landscape_0067.jpeg"
image_positive_thumbnail_id_1="607"
image_positive_url_1="https://hehge.com/wp-content/uploads/sites/16/2023/06/MI_Finance_Positive_Landscape_0101.jpeg"
image_positive_thumbnail_id_2="959"
image_positive_url_2="https://hehge.com/wp-content/uploads/sites/16/2023/06/MI_Finance_Positive_Landscape_0121.jpeg"
image_professor_thumbnail_id_1="1198"
image_professor_url_1="https://hehge.com/wp-content/uploads/sites/16/2023/06/MI_Finance_Professor_Landscape_0032.jpeg"
image_professor_thumbnail_id_2="1201"
image_professor_url_2="https://hehge.com/wp-content/uploads/sites/16/2023/06/MI_Finance_Professor_Landscape_0035.jpeg"
