Symbol="COMP"
AssetType="Common Stock"
Name="Compass Inc"
Description="Urban Compass, Inc., which is Compass, is a real estate brokerage company. The company is headquartered in New York, New York."
CIK="1563190"
Exchange="NYSE"
Currency="USD"
Country="USA"
Sector="TECHNOLOGY"
Industry="SERVICES-COMPUTER PROGRAMMING SERVICES"
Address="155 AVENUE OF THE AMERICAS, SIXTH FLOOR, NEW YORK, NY, US"
FiscalYearEnd="December"
LatestQuarter="2023-03-31"
MarketCapitalization="1482651000"
EBITDA="-393300000"
PERatio="None"
PEGRatio="None"
BookValue="0.998"
DividendPerShare="0"
DividendYield="0"
EPS="-1.19"
RevenuePerShareTTM="12.77"
ProfitMargin="-0.101"
OperatingMarginTTM="-0.0854"
ReturnOnAssetsTTM="-0.184"
ReturnOnEquityTTM="-0.889"
RevenueTTM="5578200000"
GrossProfitTTM="700700000"
DilutedEPSTTM="-1.19"
QuarterlyEarningsGrowthYOY="0"
QuarterlyRevenueGrowthYOY="-0.315"
AnalystTargetPrice="4.07"
TrailingPE="-"
ForwardPE="-"
PriceToSalesRatioTTM="0.171"
PriceToBookRatio="1.925"
EVToRevenue="0.229"
EVToEBITDA="-2.853"
Beta="2.714"
num_52WeekHigh="5.16"
num_52WeekLow="1.84"
num_50DayMovingAverage="3.326"
num_200DayMovingAverage="3.076"
SharesOutstanding="440407000"
DividendDate="None"
ExDividendDate="None"
symbol="COMP"
open="3.25"
high="3.27"
low="3.12"
price="3.23"
volume="2181656.00"
latest_trading_day="2023-07-06"
previous_close="3.32"
change="-0.09"
change_percent="-2.7108%"
aroon_positive_momentum_days="72"
aroon_negative_momentum_days="0"
trend_strength="Absent or Weak Trend"
buying_signal="Weak Buy Signal"
volume_analysis="Target Volume"
value_analysis="Expected Range"
Aroon_change="FALSE"
Aroon_momentum="72"
Volume_recent_avg="3087045"
Change_recent_avg="0.01"
Delta_recent_avg="0.25"
Variance_recent_avg="0.13"
Change_ratio_recent_avg="-0.22"
RSI_change="FALSE"
ADX_change="FALSE"

event="FALSE"
Aroon_signal="positive"
Aroon_change="FALSE"
Aroon_momentum_positive="72"
Aroon_momentum_negative="28"
image_negative_thumbnail_id_1="143"
image_negative_url_1="https://hehge.com/wp-content/uploads/sites/16/2023/05/MI_Finance_Negative_Landscape_0033.jpeg"
image_negative_thumbnail_id_2="125"
image_negative_url_2="https://hehge.com/wp-content/uploads/sites/16/2023/05/MI_Finance_Negative_Landscape_0051.jpeg"
image_neutral_thumbnail_id_1="561"
image_neutral_url_1="https://hehge.com/wp-content/uploads/sites/16/2023/06/MI_Finance_Neutral_Landscape_0038.jpeg"
image_neutral_thumbnail_id_2="544"
image_neutral_url_2="https://hehge.com/wp-content/uploads/sites/16/2023/06/MI_Finance_Neutral_Landscape_0055.jpeg"
image_positive_thumbnail_id_1="1166"
image_positive_url_1="https://hehge.com/wp-content/uploads/sites/16/2023/06/MI_Finance_Positive_Negative_0187.jpeg"
image_positive_thumbnail_id_2="649"
image_positive_url_2="https://hehge.com/wp-content/uploads/sites/16/2023/06/MI_Finance_Positive_Landscape_0059.jpeg"
image_professor_thumbnail_id_1="1201"
image_professor_url_1="https://hehge.com/wp-content/uploads/sites/16/2023/06/MI_Finance_Professor_Landscape_0035.jpeg"
image_professor_thumbnail_id_2="1169"
image_professor_url_2="https://hehge.com/wp-content/uploads/sites/16/2023/06/MI_Finance_Professor_Landscape_0003.jpeg"
