Symbol="STIX"
AssetType="Common Stock"
Name="Semantix Inc."
Description="Semantix Tecnologia Em Sistema de Informacao SA provides consulting, training, and support for big data, data science, enterprise search, machine learning, and Internet of Things solutions. The company is headquartered in So Paulo, Brazil."
CIK="1896049"
Exchange="NASDAQ"
Currency="USD"
Country="USA"
Sector="TECHNOLOGY"
Industry="SERVICES-COMPUTER PROGRAMMING SERVICES"
Address="AVENIDA EUSÉBIO MATOSO, 1375, 10º ANDAR, 10TH FLOOR, SÃO PAULO, BR"
FiscalYearEnd="December"
LatestQuarter="2023-03-31"
MarketCapitalization="145477000"
EBITDA="-139074000"
PERatio="None"
PEGRatio="None"
BookValue="5.05"
DividendPerShare="0"
DividendYield="0"
EPS="-0.91"
RevenuePerShareTTM="3.669"
ProfitMargin="-1.266"
OperatingMarginTTM="-0.526"
ReturnOnAssetsTTM="-0.206"
ReturnOnEquityTTM="-2.316"
RevenueTTM="262339000"
GrossProfitTTM="86205000"
DilutedEPSTTM="-0.91"
QuarterlyEarningsGrowthYOY="0"
QuarterlyRevenueGrowthYOY="0.006"
AnalystTargetPrice="4.25"
TrailingPE="-"
ForwardPE="-"
PriceToSalesRatioTTM="0.297"
PriceToBookRatio="0.724"
EVToRevenue="0.0302"
EVToEBITDA="0.0162"
Beta="0.0757"
num_52WeekHigh="8.77"
num_52WeekLow="0.551"
num_50DayMovingAverage="2.162"
num_200DayMovingAverage="2.366"
SharesOutstanding="78636000"
DividendDate="None"
ExDividendDate="None"
symbol="STIX"
open="1.81"
high="1.87"
low="1.81"
price="1.85"
volume="2969.00"
latest_trading_day="2023-08-04"
previous_close="1.87"
change="-0.02"
change_percent="-1.0695%"
aroon_positive_momentum_days="0"
aroon_negative_momentum_days="52"
trend_strength="Absent or Weak Trend"
buying_signal="Strong Sell Signal"
volume_analysis="Target Volume"
value_analysis="Expected Range"
Aroon_change="FALSE"
Aroon_momentum="48"
Volume_recent_avg="51559"
Change_recent_avg="-0.03"
Delta_recent_avg="0.34"
Variance_recent_avg="0.17"
Change_ratio_recent_avg="-1.12"
RSI_change="FALSE"
ADX_change="FALSE"

event="FALSE"
Aroon_signal="negative"
Aroon_change="FALSE"
Aroon_momentum_positive="48"
Aroon_momentum_negative="52"
image_negative_thumbnail_id_1="160"
image_negative_url_1="https://hehge.com/wp-content/uploads/sites/16/2023/05/MI_Finance_Negative_Landscape_0016.jpeg"
image_negative_thumbnail_id_2="148"
image_negative_url_2="https://hehge.com/wp-content/uploads/sites/16/2023/05/MI_Finance_Negative_Landscape_0028.jpeg"
image_neutral_thumbnail_id_1="563"
image_neutral_url_1="https://hehge.com/wp-content/uploads/sites/16/2023/06/MI_Finance_Neutral_Landscape_0036.jpeg"
image_neutral_thumbnail_id_2="573"
image_neutral_url_2="https://hehge.com/wp-content/uploads/sites/16/2023/06/MI_Finance_Neutral_Landscape_0026.jpeg"
image_positive_thumbnail_id_1="700"
image_positive_url_1="https://hehge.com/wp-content/uploads/sites/16/2023/06/MI_Finance_Positive_Landscape_0008.jpeg"
image_positive_thumbnail_id_2="980"
image_positive_url_2="https://hehge.com/wp-content/uploads/sites/16/2023/06/MI_Finance_Positive_Landscape_0142.jpeg"
image_professor_thumbnail_id_1="1193"
image_professor_url_1="https://hehge.com/wp-content/uploads/sites/16/2023/06/MI_Finance_Professor_Landscape_0027.jpeg"
image_professor_thumbnail_id_2="1169"
image_professor_url_2="https://hehge.com/wp-content/uploads/sites/16/2023/06/MI_Finance_Professor_Landscape_0003.jpeg"
