Symbol="MIXT"
AssetType="Common Stock"
Name="Mix Telemats Ltd"
Description="MiX Telematics Limited provides fleet and mobile asset management solutions through the software as a service (Saas) delivery model. The company is headquartered in Boca Raton, Florida."
CIK="1576914"
Exchange="NYSE"
Currency="USD"
Country="USA"
Sector="TECHNOLOGY"
Industry="SERVICES-PREPACKAGED SOFTWARE"
Address="PO BOX 12326, VORNA VALLEY, JOHANNESBURG, ZA"
FiscalYearEnd="March"
LatestQuarter="2023-03-31"
MarketCapitalization="148723000"
EBITDA="28980000"
PERatio="26.8"
PEGRatio="0.808"
BookValue="4.9"
DividendPerShare="0.009"
DividendYield="0.034"
EPS="0.25"
RevenuePerShareTTM="6.55"
ProfitMargin="0.0312"
OperatingMarginTTM="0.0922"
ReturnOnAssetsTTM="0.0468"
ReturnOnEquityTTM="0.0384"
RevenueTTM="144993000"
GrossProfitTTM="91435000"
DilutedEPSTTM="0.25"
QuarterlyEarningsGrowthYOY="-0.335"
QuarterlyRevenueGrowthYOY="0.021"
AnalystTargetPrice="10"
TrailingPE="26.8"
ForwardPE="15.82"
PriceToSalesRatioTTM="1.146"
PriceToBookRatio="1.562"
EVToRevenue="1.26"
EVToEBITDA="15.4"
Beta="0.668"
num_52WeekHigh="9.03"
num_52WeekLow="5.75"
num_50DayMovingAverage="6.92"
num_200DayMovingAverage="7.65"
SharesOutstanding="22197500"
DividendDate="2023-06-29"
ExDividendDate="2023-06-15"
symbol="MIXT"
open="6.82"
high="6.82"
low="6.62"
price="6.70"
volume="1684.00"
latest_trading_day="2023-07-14"
previous_close="6.81"
change="-0.11"
change_percent="-1.6153%"
aroon_positive_momentum_days="0"
aroon_negative_momentum_days="54"
trend_strength="Absent or Weak Trend"
buying_signal="Strong Sell Signal"
volume_analysis="Target Volume"
value_analysis="Expected Range"
Aroon_change="FALSE"
Aroon_momentum="46"
Volume_recent_avg="18309"
Change_recent_avg="-0.01"
Delta_recent_avg="0.26"
Variance_recent_avg="0.13"
Change_ratio_recent_avg="-0.22"
RSI_change="FALSE"
ADX_change="FALSE"

event="FALSE"
Aroon_signal="negative"
Aroon_change="FALSE"
Aroon_momentum_positive="46"
Aroon_momentum_negative="54"
image_negative_thumbnail_id_1="110"
image_negative_url_1="https://hehge.com/wp-content/uploads/sites/16/2023/05/MI_Finance_Negative_Landscape_0066.jpeg"
image_negative_thumbnail_id_2="125"
image_negative_url_2="https://hehge.com/wp-content/uploads/sites/16/2023/05/MI_Finance_Negative_Landscape_0051.jpeg"
image_neutral_thumbnail_id_1="548"
image_neutral_url_1="https://hehge.com/wp-content/uploads/sites/16/2023/06/MI_Finance_Neutral_Landscape_0051.jpeg"
image_neutral_thumbnail_id_2="523"
image_neutral_url_2="https://hehge.com/wp-content/uploads/sites/16/2023/06/MI_Finance_Neutral_Landscape_0076.jpeg"
image_positive_thumbnail_id_1="673"
image_positive_url_1="https://hehge.com/wp-content/uploads/sites/16/2023/06/MI_Finance_Positive_Landscape_0035.jpeg"
image_positive_thumbnail_id_2="647"
image_positive_url_2="https://hehge.com/wp-content/uploads/sites/16/2023/06/MI_Finance_Positive_Landscape_0061.jpeg"
image_professor_thumbnail_id_1="1187"
image_professor_url_1="https://hehge.com/wp-content/uploads/sites/16/2023/06/MI_Finance_Professor_Landscape_0021.jpeg"
image_professor_thumbnail_id_2="1204"
image_professor_url_2="https://hehge.com/wp-content/uploads/sites/16/2023/06/MI_Finance_Professor_Landscape_0038.jpeg"
aroon_positive_momentum_days="0"
aroon_negative_momentum_days="54"
trend_strength="Absent or Weak Trend"
buying_signal="Strong Sell Signal"
volume_analysis="Target Volume"
value_analysis="Expected Range"
Aroon_change="FALSE"
Aroon_momentum="46"
Volume_recent_avg="18309"
Change_recent_avg="-0.01"
Delta_recent_avg="0.26"
Variance_recent_avg="0.13"
Change_ratio_recent_avg="-0.22"
RSI_change="FALSE"
ADX_change="FALSE"

event="FALSE"
Aroon_signal="negative"
Aroon_change="FALSE"
Aroon_momentum_positive="46"
Aroon_momentum_negative="54"
image_negative_thumbnail_id_1="1116"
image_negative_url_1="https://hehge.com/wp-content/uploads/sites/16/2023/06/MI_Finance_Negative_Landscape_0149.jpeg"
image_negative_thumbnail_id_2="132"
image_negative_url_2="https://hehge.com/wp-content/uploads/sites/16/2023/05/MI_Finance_Negative_Landscape_0044.jpeg"
image_neutral_thumbnail_id_1="554"
image_neutral_url_1="https://hehge.com/wp-content/uploads/sites/16/2023/06/MI_Finance_Neutral_Landscape_0045.jpeg"
image_neutral_thumbnail_id_2="537"
image_neutral_url_2="https://hehge.com/wp-content/uploads/sites/16/2023/06/MI_Finance_Neutral_Landscape_0062.jpeg"
image_positive_thumbnail_id_1="634"
image_positive_url_1="https://hehge.com/wp-content/uploads/sites/16/2023/06/MI_Finance_Positive_Landscape_0074.jpeg"
image_positive_thumbnail_id_2="1011"
image_positive_url_2="https://hehge.com/wp-content/uploads/sites/16/2023/06/MI_Finance_Positive_Landscape_0173.jpeg"
image_professor_thumbnail_id_1="1180"
image_professor_url_1="https://hehge.com/wp-content/uploads/sites/16/2023/06/MI_Finance_Professor_Landscape_0014.jpeg"
image_professor_thumbnail_id_2="1204"
image_professor_url_2="https://hehge.com/wp-content/uploads/sites/16/2023/06/MI_Finance_Professor_Landscape_0038.jpeg"
