Symbol="SPXC"
AssetType="Common Stock"
Name="SPX Corp"
Description="SPX Corporation supplies infrastructure equipment for the heating, ventilation and cooling (HVAC), sensing and measurement, power transmission and generation, and industrial markets in the United States, China, South Africa, the United Kingdom, and internationally. The company is headquartered in Charlotte, North Carolina."
CIK="88205"
Exchange="NYSE"
Currency="USD"
Country="USA"
Sector="TECHNOLOGY"
Industry="METALWORKG MACHINERY & EQUIPMENT"
Address="13320-A BALLANTYNE CORPORATE PLACE, CHARLOTTE, NC, US"
FiscalYearEnd="December"
LatestQuarter="2023-03-31"
MarketCapitalization="3736153000"
EBITDA="225300000"
PERatio="82.94"
PEGRatio="1.084"
BookValue="24.76"
DividendPerShare="0"
DividendYield="0"
EPS="0.99"
RevenuePerShareTTM="34.29"
ProfitMargin="0.0203"
OperatingMarginTTM="0.117"
ReturnOnAssetsTTM="0.0497"
ReturnOnEquityTTM="0.0409"
RevenueTTM="1553600000"
GrossProfitTTM="523900000"
DilutedEPSTTM="0.99"
QuarterlyEarningsGrowthYOY="2.746"
QuarterlyRevenueGrowthYOY="0.302"
AnalystTargetPrice="92"
TrailingPE="82.94"
ForwardPE="19.49"
PriceToSalesRatioTTM="2.071"
PriceToBookRatio="2.817"
EVToRevenue="2.247"
EVToEBITDA="28.35"
Beta="1.232"
num_52WeekHigh="85.85"
num_52WeekLow="53.19"
num_50DayMovingAverage="80.56"
num_200DayMovingAverage="71.28"
SharesOutstanding="45501800"
DividendDate="2015-07-01"
ExDividendDate="2015-06-12"
symbol="SPXC"
open="83.25"
high="83.78"
low="82.57"
price="83.53"
volume="148376.00"
latest_trading_day="2023-07-27"
previous_close="82.51"
change="1.02"
change_percent="1.2362%"
aroon_positive_momentum_days="76"
aroon_negative_momentum_days="0"
trend_strength="Absent or Weak Trend"
buying_signal="Weak Buy Signal"
volume_analysis="Target Volume"
value_analysis="Expected Range"
Aroon_change="FALSE"
Aroon_momentum="76"
Volume_recent_avg="241584"
Change_recent_avg="-0.05"
Delta_recent_avg="1.88"
Variance_recent_avg="0.94"
Change_ratio_recent_avg="-0.11"
RSI_change="FALSE"
ADX_change="FALSE"

event="FALSE"
Aroon_signal="positive"
Aroon_change="FALSE"
Aroon_momentum_positive="76"
Aroon_momentum_negative="24"
image_negative_thumbnail_id_1="148"
image_negative_url_1="https://hehge.com/wp-content/uploads/sites/16/2023/05/MI_Finance_Negative_Landscape_0028.jpeg"
image_negative_thumbnail_id_2="495"
image_negative_url_2="https://hehge.com/wp-content/uploads/sites/16/2023/06/MI_Finance_Negative_Landscape_0110.jpeg"
image_neutral_thumbnail_id_1="598"
image_neutral_url_1="https://hehge.com/wp-content/uploads/sites/16/2023/06/MI_Finance_Neutral_Landscape_0001.jpeg"
image_neutral_thumbnail_id_2="540"
image_neutral_url_2="https://hehge.com/wp-content/uploads/sites/16/2023/06/MI_Finance_Neutral_Landscape_0059.jpeg"
image_positive_thumbnail_id_1="650"
image_positive_url_1="https://hehge.com/wp-content/uploads/sites/16/2023/06/MI_Finance_Positive_Landscape_0058.jpeg"
image_positive_thumbnail_id_2="1009"
image_positive_url_2="https://hehge.com/wp-content/uploads/sites/16/2023/06/MI_Finance_Positive_Landscape_0171.jpeg"
image_professor_thumbnail_id_1="1188"
image_professor_url_1="https://hehge.com/wp-content/uploads/sites/16/2023/06/MI_Finance_Professor_Landscape_0022.jpeg"
image_professor_thumbnail_id_2="1171"
image_professor_url_2="https://hehge.com/wp-content/uploads/sites/16/2023/06/MI_Finance_Professor_Landscape_0005.jpeg"
