Symbol="SMX"
AssetType="Common Stock"
Name="SMX (Security Matters) Public Limited Company"
Description="SMX (Security Matters) Public Limited Company engages in the development and commercialization of track and trace technologies for various industries in Australia. The company is headquartered in Melbourne, Australia."
CIK="1940674"
Exchange="NASDAQ"
Currency="USD"
Country="USA"
Sector="TECHNOLOGY"
Industry="MISC INDUSTRIAL & COMMERCIAL MACHINERY & EQUIPMENT"
Address="MESPIL BUSINESS CENTRE, MESPIL HOUSE, DUBLIN 4, IE"
FiscalYearEnd="December"
LatestQuarter="None"
MarketCapitalization="None"
EBITDA="None"
PERatio="None"
PEGRatio="None"
BookValue="None"
DividendPerShare="None"
DividendYield="None"
EPS="None"
RevenuePerShareTTM="0"
ProfitMargin="0"
OperatingMarginTTM="0"
ReturnOnAssetsTTM="0"
ReturnOnEquityTTM="0"
RevenueTTM="0"
GrossProfitTTM="0"
DilutedEPSTTM="0"
QuarterlyEarningsGrowthYOY="0"
QuarterlyRevenueGrowthYOY="0"
AnalystTargetPrice="None"
TrailingPE="-"
ForwardPE="-"
PriceToSalesRatioTTM="-"
PriceToBookRatio="-"
EVToRevenue="-"
EVToEBITDA="-"
Beta="None"
num_52WeekHigh="18.89"
num_52WeekLow="0.122"
num_50DayMovingAverage="0"
num_200DayMovingAverage="0"
SharesOutstanding="0"
DividendDate="None"
ExDividendDate="None"
symbol="SMX"
open="0.13"
high="0.13"
low="0.12"
price="0.13"
volume="2642696.00"
latest_trading_day="2023-07-31"
previous_close="0.13"
change="0.01"
change_percent="4.7694%"
aroon_positive_momentum_days="0"
aroon_negative_momentum_days="99"
trend_strength="Absent or Weak Trend"
buying_signal="Weak Sell Signal"
volume_analysis="Trending High"
value_analysis="Bullish Trend"
Aroon_change="FALSE"
Aroon_momentum="1"
Volume_recent_avg="4632983"
Change_recent_avg="-0.03"
Delta_recent_avg="0.24"
Variance_recent_avg="0.12"
Change_ratio_recent_avg="-4.2"
RSI_change="FALSE"
ADX_change="FALSE"

event="FALSE"
Aroon_signal="negative"
Aroon_change="FALSE"
Aroon_momentum_positive="1"
Aroon_momentum_negative="99"
image_negative_thumbnail_id_1="513"
image_negative_url_1="https://hehge.com/wp-content/uploads/sites/16/2023/06/MI_Finance_Negative_Landscape_0092.jpeg"
image_negative_thumbnail_id_2="1112"
image_negative_url_2="https://hehge.com/wp-content/uploads/sites/16/2023/06/MI_Finance_Negative_Landscape_0145.jpeg"
image_neutral_thumbnail_id_1="595"
image_neutral_url_1="https://hehge.com/wp-content/uploads/sites/16/2023/06/MI_Finance_Neutral_Landscape_0004.jpeg"
image_neutral_thumbnail_id_2="521"
image_neutral_url_2="https://hehge.com/wp-content/uploads/sites/16/2023/06/MI_Finance_Neutral_Landscape_0078.jpeg"
image_positive_thumbnail_id_1="609"
image_positive_url_1="https://hehge.com/wp-content/uploads/sites/16/2023/06/MI_Finance_Positive_Landscape_0099.jpeg"
image_positive_thumbnail_id_2="671"
image_positive_url_2="https://hehge.com/wp-content/uploads/sites/16/2023/06/MI_Finance_Positive_Landscape_0037.jpeg"
image_professor_thumbnail_id_1="1176"
image_professor_url_1="https://hehge.com/wp-content/uploads/sites/16/2023/06/MI_Finance_Professor_Landscape_0010.jpeg"
image_professor_thumbnail_id_2="1169"
image_professor_url_2="https://hehge.com/wp-content/uploads/sites/16/2023/06/MI_Finance_Professor_Landscape_0003.jpeg"
