Symbol="AZ"
AssetType="Common Stock"
Name="A2Z Smart Technologies Corp"
Description="A2Z Smart Technologies Corp. The company is headquartered in Vancouver, Canada."
CIK="1866030"
Exchange="NASDAQ"
Currency="USD"
Country="USA"
Sector="TECHNOLOGY"
Industry="GENERAL INDUSTRIAL MACHINERY & EQUIPMENT, NEC"
Address="559 BRIAR HILL AVENUE,, TORONTO, ON, CA"
FiscalYearEnd="December"
LatestQuarter="2023-03-31"
MarketCapitalization="74302000"
EBITDA="-17165000"
PERatio="None"
PEGRatio="None"
BookValue="0.157"
DividendPerShare="0"
DividendYield="0"
EPS="-0.68"
RevenuePerShareTTM="0.435"
ProfitMargin="-1.564"
OperatingMarginTTM="-1.44"
ReturnOnAssetsTTM="-0.815"
ReturnOnEquityTTM="-2.927"
RevenueTTM="12513000"
GrossProfitTTM="1397000"
DilutedEPSTTM="-0.68"
QuarterlyEarningsGrowthYOY="0"
QuarterlyRevenueGrowthYOY="2.187"
AnalystTargetPrice="None"
TrailingPE="-"
ForwardPE="-"
PriceToSalesRatioTTM="9.01"
PriceToBookRatio="8.09"
EVToRevenue="9.44"
EVToEBITDA="-3.623"
Beta="1.681"
num_52WeekHigh="4"
num_52WeekLow="0.89"
num_50DayMovingAverage="2.167"
num_200DayMovingAverage="1.619"
SharesOutstanding="36602200"
DividendDate="None"
ExDividendDate="None"
symbol="AZ"
open="1.81"
high="2.14"
low="1.81"
price="2.03"
volume="111407.00"
latest_trading_day="2023-07-28"
previous_close="1.80"
change="0.23"
change_percent="12.7778%"
aroon_positive_momentum_days="62"
aroon_negative_momentum_days="0"
trend_strength="Absent or Weak Trend"
buying_signal="Weak Buy Signal"
volume_analysis="Target Volume"
value_analysis="Expected Range"
Aroon_change="FALSE"
Aroon_momentum="62"
Volume_recent_avg="116217"
Change_recent_avg="0.01"
Delta_recent_avg="0.18"
Variance_recent_avg="0.09"
Change_ratio_recent_avg="0.13"
RSI_change="FALSE"
ADX_change="FALSE"

event="FALSE"
Aroon_signal="positive"
Aroon_change="FALSE"
Aroon_momentum_positive="62"
Aroon_momentum_negative="38"
image_negative_thumbnail_id_1="488"
image_negative_url_1="https://hehge.com/wp-content/uploads/sites/16/2023/06/MI_Finance_Negative_Landscape_0117.jpeg"
image_negative_thumbnail_id_2="1161"
image_negative_url_2="https://hehge.com/wp-content/uploads/sites/16/2023/06/MI_Finance_Negative_Landscape_0195.jpeg"
image_neutral_thumbnail_id_1="546"
image_neutral_url_1="https://hehge.com/wp-content/uploads/sites/16/2023/06/MI_Finance_Neutral_Landscape_0053.jpeg"
image_neutral_thumbnail_id_2="532"
image_neutral_url_2="https://hehge.com/wp-content/uploads/sites/16/2023/06/MI_Finance_Neutral_Landscape_0067.jpeg"
image_positive_thumbnail_id_1="638"
image_positive_url_1="https://hehge.com/wp-content/uploads/sites/16/2023/06/MI_Finance_Positive_Landscape_0070.jpeg"
image_positive_thumbnail_id_2="629"
image_positive_url_2="https://hehge.com/wp-content/uploads/sites/16/2023/06/MI_Finance_Positive_Landscape_0079.jpeg"
image_professor_thumbnail_id_1="1192"
image_professor_url_1="https://hehge.com/wp-content/uploads/sites/16/2023/06/MI_Finance_Professor_Landscape_0026.jpeg"
image_professor_thumbnail_id_2="1194"
image_professor_url_2="https://hehge.com/wp-content/uploads/sites/16/2023/06/MI_Finance_Professor_Landscape_0028.jpeg"
