Symbol="SMCI"
AssetType="Common Stock"
Name="Super Micro Computer Inc"
Description="Super Micro Computer, Inc. develops and manufactures high-performance server and storage solutions based on an open, modular architecture. The company is headquartered in San Jose, California."
CIK="1375365"
Exchange="NASDAQ"
Currency="USD"
Country="USA"
Sector="TECHNOLOGY"
Industry="ELECTRONIC COMPUTERS"
Address="980 ROCK AVENUE, SAN JOSE, CA, US"
FiscalYearEnd="June"
LatestQuarter="2023-03-31"
MarketCapitalization="13647535000"
EBITDA="733954000"
PERatio="23.07"
PEGRatio="0.76"
BookValue="33.69"
DividendPerShare="0"
DividendYield="0"
EPS="11.27"
RevenuePerShareTTM="124.55"
ProfitMargin="0.0893"
OperatingMarginTTM="0.106"
ReturnOnAssetsTTM="0.14"
ReturnOnEquityTTM="0.386"
RevenueTTM="6574081000"
GrossProfitTTM="800001000"
DilutedEPSTTM="11.27"
QuarterlyEarningsGrowthYOY="0.07"
QuarterlyRevenueGrowthYOY="-0.053"
AnalystTargetPrice="221.67"
TrailingPE="23.07"
ForwardPE="-"
PriceToSalesRatioTTM="0.709"
PriceToBookRatio="2.932"
EVToRevenue="0.798"
EVToEBITDA="8.34"
Beta="1.205"
num_52WeekHigh="270.18"
num_52WeekLow="39.63"
num_50DayMovingAverage="193.79"
num_200DayMovingAverage="111.4"
SharesOutstanding="52488000"
DividendDate="None"
ExDividendDate="None"
symbol="SMCI"
open="255.00"
high="267.77"
low="254.55"
price="260.01"
volume="2871218.00"
latest_trading_day="2023-07-07"
previous_close="250.53"
change="9.48"
change_percent="3.7840%"
aroon_positive_momentum_days="97"
aroon_negative_momentum_days="0"
trend_strength="Strong Trend"
buying_signal="Weak Buy Signal"
volume_analysis="Trending Low"
value_analysis="Bearish Trend"
Aroon_change="FALSE"
Aroon_momentum="97"
Volume_recent_avg="2120997"
Change_recent_avg="1.04"
Delta_recent_avg="8.9"
Variance_recent_avg="4.45"
Change_ratio_recent_avg="0.73"
RSI_change="FALSE"
ADX_change="FALSE"

event="FALSE"
Aroon_signal="positive"
Aroon_change="FALSE"
Aroon_momentum_positive="97"
Aroon_momentum_negative="3"
image_negative_thumbnail_id_1="151"
image_negative_url_1="https://hehge.com/wp-content/uploads/sites/16/2023/05/MI_Finance_Negative_Landscape_0025.jpeg"
image_negative_thumbnail_id_2="1121"
image_negative_url_2="https://hehge.com/wp-content/uploads/sites/16/2023/06/MI_Finance_Negative_Landscape_0154.jpeg"
image_neutral_thumbnail_id_1="589"
image_neutral_url_1="https://hehge.com/wp-content/uploads/sites/16/2023/06/MI_Finance_Neutral_Landscape_0010.jpeg"
image_neutral_thumbnail_id_2="537"
image_neutral_url_2="https://hehge.com/wp-content/uploads/sites/16/2023/06/MI_Finance_Neutral_Landscape_0062.jpeg"
image_positive_thumbnail_id_1="646"
image_positive_url_1="https://hehge.com/wp-content/uploads/sites/16/2023/06/MI_Finance_Positive_Landscape_0062.jpeg"
image_positive_thumbnail_id_2="953"
image_positive_url_2="https://hehge.com/wp-content/uploads/sites/16/2023/06/MI_Finance_Positive_Landscape_0115.jpeg"
image_professor_thumbnail_id_1="1201"
image_professor_url_1="https://hehge.com/wp-content/uploads/sites/16/2023/06/MI_Finance_Professor_Landscape_0035.jpeg"
image_professor_thumbnail_id_2="1196"
image_professor_url_2="https://hehge.com/wp-content/uploads/sites/16/2023/06/MI_Finance_Professor_Landscape_0030.jpeg"
