Symbol="ARQQ"
AssetType="Common Stock"
Name="Arqit Quantum Inc"
Description="Arqit Limited develops and offers a quantum key distribution network. The company is headquartered in London, United Kingdom."
CIK="1859690"
Exchange="NASDAQ"
Currency="USD"
Country="USA"
Sector="TECHNOLOGY"
Industry="SERVICES-PREPACKAGED SOFTWARE"
Address="NOVA NORTH, 7 FLOOR, 11 BRESSENDEN PLACE, LONDON, GB"
FiscalYearEnd="September"
LatestQuarter="2023-03-31"
MarketCapitalization="162752000"
EBITDA="-66499000"
PERatio="None"
PEGRatio="None"
BookValue="0.598"
DividendPerShare="0"
DividendYield="0"
EPS="-0.12"
RevenuePerShareTTM="0.016"
ProfitMargin="0"
OperatingMarginTTM="-34.7"
ReturnOnAssetsTTM="-0.326"
ReturnOnEquityTTM="-0.218"
RevenueTTM="1938000"
GrossProfitTTM="6458000"
DilutedEPSTTM="-0.12"
QuarterlyEarningsGrowthYOY="0"
QuarterlyRevenueGrowthYOY="-0.996"
AnalystTargetPrice="7.38"
TrailingPE="-"
ForwardPE="25.64"
PriceToSalesRatioTTM="50.33"
PriceToBookRatio="16.72"
EVToRevenue="161.2"
EVToEBITDA="-4.158"
Beta="0.453"
num_52WeekHigh="10.67"
num_52WeekLow="0.7"
num_50DayMovingAverage="1.252"
num_200DayMovingAverage="2.771"
SharesOutstanding="134506000"
DividendDate="None"
ExDividendDate="None"
symbol="ARQQ"
open="1.16"
high="1.24"
low="1.16"
price="1.21"
volume="1478835.00"
latest_trading_day="2023-07-28"
previous_close="1.16"
change="0.05"
change_percent="4.3103%"
aroon_positive_momentum_days="40"
aroon_negative_momentum_days="0"
trend_strength="Absent or Weak Trend"
buying_signal="Weak Buy Signal"
volume_analysis="Target Volume"
value_analysis="Expected Range"
Aroon_change="FALSE"
Aroon_momentum="40"
Volume_recent_avg="1442309"
Change_recent_avg="-0.01"
Delta_recent_avg="0.12"
Variance_recent_avg="0.06"
Change_ratio_recent_avg="-1.44"
RSI_change="FALSE"
ADX_change="FALSE"

event="FALSE"
Aroon_signal="positive"
Aroon_change="FALSE"
Aroon_momentum_positive="40"
Aroon_momentum_negative="60"
image_negative_thumbnail_id_1="171"
image_negative_url_1="https://hehge.com/wp-content/uploads/sites/16/2023/05/MI_Finance_Negative_Landscape_0005.jpeg"
image_negative_thumbnail_id_2="505"
image_negative_url_2="https://hehge.com/wp-content/uploads/sites/16/2023/06/MI_Finance_Negative_Landscape_0100.jpeg"
image_neutral_thumbnail_id_1="432"
image_neutral_url_1="https://hehge.com/wp-content/uploads/sites/16/2023/05/MI_Finance_Neutral_Landscape_0019.jpeg"
image_neutral_thumbnail_id_2="544"
image_neutral_url_2="https://hehge.com/wp-content/uploads/sites/16/2023/06/MI_Finance_Neutral_Landscape_0055.jpeg"
image_positive_thumbnail_id_1="1011"
image_positive_url_1="https://hehge.com/wp-content/uploads/sites/16/2023/06/MI_Finance_Positive_Landscape_0173.jpeg"
image_positive_thumbnail_id_2="969"
image_positive_url_2="https://hehge.com/wp-content/uploads/sites/16/2023/06/MI_Finance_Positive_Landscape_0131.jpeg"
image_professor_thumbnail_id_1="1171"
image_professor_url_1="https://hehge.com/wp-content/uploads/sites/16/2023/06/MI_Finance_Professor_Landscape_0005.jpeg"
image_professor_thumbnail_id_2="1178"
image_professor_url_2="https://hehge.com/wp-content/uploads/sites/16/2023/06/MI_Finance_Professor_Landscape_0012.jpeg"
