Symbol="TRKA"
AssetType="Common Stock"
Name="Troika Media Group Inc"
Description="Troika Media Group, Inc., a consumer engagement and consulting company, offers integrated branding, marketing, research and data science solutions globally. The company is headquartered in Los Angeles, California."
CIK="1021096"
Exchange="NASDAQ"
Currency="USD"
Country="USA"
Sector="TECHNOLOGY"
Industry="CABLE & OTHER PAY TELEVISION SERVICES"
Address="CONTINENTAL PLAZA - 6TH FLOOR, 433 HACKENSACK AVENUE, HACKENSACK, NJ, US"
FiscalYearEnd="June"
LatestQuarter="2023-03-31"
MarketCapitalization="40498300"
EBITDA="16699100"
PERatio="None"
PEGRatio="None"
BookValue="1.603"
DividendPerShare="0"
DividendYield="0"
EPS="-20.46"
RevenuePerShareTTM="81.49"
ProfitMargin="-0.0302"
OperatingMarginTTM="0.0148"
ReturnOnAssetsTTM="-0.0363"
ReturnOnEquityTTM="-1.51"
RevenueTTM="419174000"
GrossProfitTTM="51321000"
DilutedEPSTTM="-20.46"
QuarterlyEarningsGrowthYOY="0"
QuarterlyRevenueGrowthYOY="2.764"
AnalystTargetPrice="37.5"
TrailingPE="-"
ForwardPE="-"
PriceToSalesRatioTTM="0.0316"
PriceToBookRatio="0.577"
EVToRevenue="0.224"
EVToEBITDA="-2.229"
Beta="1.866"
num_52WeekHigh="24.75"
num_52WeekLow="1.9"
num_50DayMovingAverage="3.033"
num_200DayMovingAverage="4.999"
SharesOutstanding="16529900"
DividendDate="None"
ExDividendDate="None"
symbol="TRKA"
open="2.50"
high="2.54"
low="2.38"
price="2.40"
volume="329016.00"
latest_trading_day="2023-07-27"
previous_close="2.45"
change="-0.05"
change_percent="-2.0408%"
aroon_positive_momentum_days="0"
aroon_negative_momentum_days="63"
trend_strength="Absent or Weak Trend"
buying_signal="Weak Sell Signal"
volume_analysis="Target Volume"
value_analysis="Expected Range"
Aroon_change="FALSE"
Aroon_momentum="37"
Volume_recent_avg="44414093"
Change_recent_avg="-0.01"
Delta_recent_avg="0.14"
Variance_recent_avg="0.07"
Change_ratio_recent_avg="-1.55"
RSI_change="FALSE"
ADX_change="FALSE"

event="FALSE"
Aroon_signal="negative"
Aroon_change="FALSE"
Aroon_momentum_positive="37"
Aroon_momentum_negative="63"
image_negative_thumbnail_id_1="511"
image_negative_url_1="https://hehge.com/wp-content/uploads/sites/16/2023/06/MI_Finance_Negative_Landscape_0094.jpeg"
image_negative_thumbnail_id_2="1098"
image_negative_url_2="https://hehge.com/wp-content/uploads/sites/16/2023/06/MI_Finance_Negative_Landscape_0131.jpeg"
image_neutral_thumbnail_id_1="432"
image_neutral_url_1="https://hehge.com/wp-content/uploads/sites/16/2023/05/MI_Finance_Neutral_Landscape_0019.jpeg"
image_neutral_thumbnail_id_2="551"
image_neutral_url_2="https://hehge.com/wp-content/uploads/sites/16/2023/06/MI_Finance_Neutral_Landscape_0048.jpeg"
image_positive_thumbnail_id_1="632"
image_positive_url_1="https://hehge.com/wp-content/uploads/sites/16/2023/06/MI_Finance_Positive_Landscape_0076.jpeg"
image_positive_thumbnail_id_2="707"
image_positive_url_2="https://hehge.com/wp-content/uploads/sites/16/2023/06/MI_Finance_Positive_Landscape_0001.jpeg"
image_professor_thumbnail_id_1="1204"
image_professor_url_1="https://hehge.com/wp-content/uploads/sites/16/2023/06/MI_Finance_Professor_Landscape_0038.jpeg"
image_professor_thumbnail_id_2="1175"
image_professor_url_2="https://hehge.com/wp-content/uploads/sites/16/2023/06/MI_Finance_Professor_Landscape_0009.jpeg"
