Symbol="BSY"
AssetType="Common Stock"
Name="Bentley Systems Inc"
Description="Bentley Systems, Incorporated, provides infrastructure engineering software solutions in the Americas, Europe, the Middle East, Africa, and Asia-Pacific. The company is headquartered in Exton, Pennsylvania."
CIK="1031308"
Exchange="NASDAQ"
Currency="USD"
Country="USA"
Sector="TECHNOLOGY"
Industry="SERVICES-PREPACKAGED SOFTWARE"
Address="690 PENNSYLVANIA DR, EXTON, PA, US"
FiscalYearEnd="December"
LatestQuarter="2023-03-31"
MarketCapitalization="15803949000"
EBITDA="296725000"
PERatio="105.63"
PEGRatio="3.566"
BookValue="1.968"
DividendPerShare="0.14"
DividendYield="0.0037"
EPS="0.51"
RevenuePerShareTTM="3.672"
ProfitMargin="0.144"
OperatingMarginTTM="0.203"
ReturnOnAssetsTTM="0.0455"
ReturnOnEquityTTM="0.306"
RevenueTTM="1137976000"
GrossProfitTTM="868695000"
DilutedEPSTTM="0.51"
QuarterlyEarningsGrowthYOY="-0.187"
QuarterlyRevenueGrowthYOY="0.141"
AnalystTargetPrice="53.75"
TrailingPE="105.63"
ForwardPE="42.73"
PriceToSalesRatioTTM="10.07"
PriceToBookRatio="21.83"
EVToRevenue="12.14"
EVToEBITDA="44.02"
Beta="1.204"
num_52WeekHigh="55.37"
num_52WeekLow="30.42"
num_50DayMovingAverage="50.73"
num_200DayMovingAverage="41.78"
SharesOutstanding="281770000"
DividendDate="2023-06-20"
ExDividendDate="2023-06-07"
symbol="BSY"
open="54.58"
high="54.89"
low="53.74"
price="53.87"
volume="449037.00"
latest_trading_day="2023-07-21"
previous_close="53.97"
change="-0.10"
change_percent="-0.1853%"
aroon_positive_momentum_days="100"
aroon_negative_momentum_days="0"
trend_strength="Absent or Weak Trend"
buying_signal="Strong Buy Signal"
volume_analysis="Target Volume"
value_analysis="Expected Range"
Aroon_change="FALSE"
Aroon_momentum="100"
Volume_recent_avg="892249"
Change_recent_avg="0.15"
Delta_recent_avg="1.08"
Variance_recent_avg="0.54"
Change_ratio_recent_avg="0.31"
RSI_change="FALSE"
ADX_change="FALSE"
Aroon_signal="positive"
Aroon_change="FALSE"
Aroon_momentum_positive="100"
Aroon_momentum_negative="0"
image_negative_thumbnail_id_1="132"
image_negative_url_1="https://hehge.com/wp-content/uploads/sites/16/2023/05/MI_Finance_Negative_Landscape_0044.jpeg"
image_negative_thumbnail_id_2="117"
image_negative_url_2="https://hehge.com/wp-content/uploads/sites/16/2023/05/MI_Finance_Negative_Landscape_0059.jpeg"
image_neutral_thumbnail_id_1="544"
image_neutral_url_1="https://hehge.com/wp-content/uploads/sites/16/2023/06/MI_Finance_Neutral_Landscape_0055.jpeg"
image_neutral_thumbnail_id_2="537"
image_neutral_url_2="https://hehge.com/wp-content/uploads/sites/16/2023/06/MI_Finance_Neutral_Landscape_0062.jpeg"
image_positive_thumbnail_id_1="655"
image_positive_url_1="https://hehge.com/wp-content/uploads/sites/16/2023/06/MI_Finance_Positive_Landscape_0053.jpeg"
image_positive_thumbnail_id_2="677"
image_positive_url_2="https://hehge.com/wp-content/uploads/sites/16/2023/06/MI_Finance_Positive_Landscape_0031.jpeg"
image_professor_thumbnail_id_1="1188"
image_professor_url_1="https://hehge.com/wp-content/uploads/sites/16/2023/06/MI_Finance_Professor_Landscape_0022.jpeg"
image_professor_thumbnail_id_2="1200"
image_professor_url_2="https://hehge.com/wp-content/uploads/sites/16/2023/06/MI_Finance_Professor_Landscape_0034.jpeg"
