Symbol="PRGS"
AssetType="Common Stock"
Name="Progress Software Corporation"
Description="Progress Software Corporation develops business applications. The company is headquartered in Bedford, Massachusetts."
CIK="876167"
Exchange="NASDAQ"
Currency="USD"
Country="USA"
Sector="TECHNOLOGY"
Industry="SERVICES-PREPACKAGED SOFTWARE"
Address="14 OAK PARK DRIVE, BEDFORD, MA, US"
FiscalYearEnd="November"
LatestQuarter="2023-05-31"
MarketCapitalization="2534309000"
EBITDA="221815000"
PERatio="31.59"
PEGRatio="5.89"
BookValue="9.66"
DividendPerShare="0.7"
DividendYield="0.012"
EPS="1.85"
RevenuePerShareTTM="15.05"
ProfitMargin="0.125"
OperatingMarginTTM="0.209"
ReturnOnAssetsTTM="0.0576"
ReturnOnEquityTTM="0.205"
RevenueTTM="650821000"
GrossProfitTTM="529593000"
DilutedEPSTTM="1.85"
QuarterlyEarningsGrowthYOY="-0.591"
QuarterlyRevenueGrowthYOY="0.198"
AnalystTargetPrice="63.67"
TrailingPE="31.59"
ForwardPE="11.78"
PriceToSalesRatioTTM="3.751"
PriceToBookRatio="6.06"
EVToRevenue="4.515"
EVToEBITDA="13.65"
Beta="0.923"
num_52WeekHigh="61.79"
num_52WeekLow="39.95"
num_50DayMovingAverage="58.21"
num_200DayMovingAverage="54.77"
SharesOutstanding="43366000"
DividendDate="2023-09-15"
ExDividendDate="2023-08-31"
symbol="PRGS"
open="58.45"
high="60.08"
low="58.29"
price="60.06"
volume="284301.00"
latest_trading_day="2023-07-31"
previous_close="58.44"
change="1.62"
change_percent="2.7721%"
aroon_positive_momentum_days="82"
aroon_negative_momentum_days="0"
trend_strength="Absent or Weak Trend"
buying_signal="Weak Buy Signal"
volume_analysis="Target Volume"
value_analysis="Expected Range"
Aroon_change="FALSE"
Aroon_momentum="82"
Volume_recent_avg="373542"
Change_recent_avg="0.03"
Delta_recent_avg="1.17"
Variance_recent_avg="0.59"
Change_ratio_recent_avg="0.04"
RSI_change="FALSE"
ADX_change="FALSE"

event="aroon_milestone_positive_45"
Aroon_signal="positive"
Aroon_change="FALSE"
Aroon_momentum_positive="82"
Aroon_momentum_negative="18"
image_negative_thumbnail_id_1="137"
image_negative_url_1="https://hehge.com/wp-content/uploads/sites/16/2023/05/MI_Finance_Negative_Landscape_0039.jpeg"
image_negative_thumbnail_id_2="492"
image_negative_url_2="https://hehge.com/wp-content/uploads/sites/16/2023/06/MI_Finance_Negative_Landscape_0113.jpeg"
image_neutral_thumbnail_id_1="539"
image_neutral_url_1="https://hehge.com/wp-content/uploads/sites/16/2023/06/MI_Finance_Neutral_Landscape_0060.jpeg"
image_neutral_thumbnail_id_2="528"
image_neutral_url_2="https://hehge.com/wp-content/uploads/sites/16/2023/06/MI_Finance_Neutral_Landscape_0071.jpeg"
image_positive_thumbnail_id_1="964"
image_positive_url_1="https://hehge.com/wp-content/uploads/sites/16/2023/06/MI_Finance_Positive_Landscape_0126.jpeg"
image_positive_thumbnail_id_2="610"
image_positive_url_2="https://hehge.com/wp-content/uploads/sites/16/2023/06/MI_Finance_Positive_Landscape_0098.jpeg"
image_professor_thumbnail_id_1="1177"
image_professor_url_1="https://hehge.com/wp-content/uploads/sites/16/2023/06/MI_Finance_Professor_Landscape_0011.jpeg"
image_professor_thumbnail_id_2="1167"
image_professor_url_2="https://hehge.com/wp-content/uploads/sites/16/2023/06/MI_Finance_Professor_Landscape_0001.jpeg"
