Symbol="DOCU"
AssetType="Common Stock"
Name="DocuSign Inc"
Description="DocuSign, Inc. provides cloud-based software in the United States and internationally. The company is headquartered in San Francisco, California."
CIK="1261333"
Exchange="NASDAQ"
Currency="USD"
Country="USA"
Sector="TECHNOLOGY"
Industry="SERVICES-PREPACKAGED SOFTWARE"
Address="221 MAIN ST., SUITE 1550, SAN FRANCISCO, CA, US"
FiscalYearEnd="January"
LatestQuarter="2023-04-30"
MarketCapitalization="10057840000"
EBITDA="50791000"
PERatio="None"
PEGRatio="1.536"
BookValue="3.704"
DividendPerShare="0"
DividendYield="0"
EPS="-0.33"
RevenuePerShareTTM="12.84"
ProfitMargin="-0.0269"
OperatingMarginTTM="-0.0057"
ReturnOnAssetsTTM="-0.0032"
ReturnOnEquityTTM="-0.127"
RevenueTTM="2588611000"
GrossProfitTTM="1983101000"
DilutedEPSTTM="-0.33"
QuarterlyEarningsGrowthYOY="0"
QuarterlyRevenueGrowthYOY="0.123"
AnalystTargetPrice="66.05"
TrailingPE="-"
ForwardPE="27.03"
PriceToSalesRatioTTM="4.913"
PriceToBookRatio="21.1"
EVToRevenue="3.999"
EVToEBITDA="-316.26"
Beta="0.905"
num_52WeekHigh="77.24"
num_52WeekLow="39.57"
num_50DayMovingAverage="52.33"
num_200DayMovingAverage="53.68"
SharesOutstanding="202371000"
DividendDate="None"
ExDividendDate="None"
symbol="DOCU"
open="49.40"
high="50.41"
low="49.35"
price="49.70"
volume="1933551.00"
latest_trading_day="2023-07-07"
previous_close="49.44"
change="0.26"
change_percent="0.5259%"
aroon_positive_momentum_days="39"
aroon_negative_momentum_days="0"
trend_strength="Absent or Weak Trend"
buying_signal="Weak Buy Signal"
volume_analysis="Target Volume"
value_analysis="Expected Range"
Aroon_change="FALSE"
Aroon_momentum="39"
Volume_recent_avg="4216476"
Change_recent_avg="0.03"
Delta_recent_avg="2.25"
Variance_recent_avg="1.12"
Change_ratio_recent_avg="0.01"
RSI_change="FALSE"
ADX_change="FALSE"

event="FALSE"
Aroon_signal="positive"
Aroon_change="FALSE"
Aroon_momentum_positive="39"
Aroon_momentum_negative="61"
image_negative_thumbnail_id_1="1142"
image_negative_url_1="https://hehge.com/wp-content/uploads/sites/16/2023/06/MI_Finance_Negative_Landscape_0175.jpeg"
image_negative_thumbnail_id_2="107"
image_negative_url_2="https://hehge.com/wp-content/uploads/sites/16/2023/05/MI_Finance_Negative_Landscape_0069.jpeg"
image_neutral_thumbnail_id_1="527"
image_neutral_url_1="https://hehge.com/wp-content/uploads/sites/16/2023/06/MI_Finance_Neutral_Landscape_0072.jpeg"
image_neutral_thumbnail_id_2="580"
image_neutral_url_2="https://hehge.com/wp-content/uploads/sites/16/2023/06/MI_Finance_Neutral_Landscape_0019.jpeg"
image_positive_thumbnail_id_1="966"
image_positive_url_1="https://hehge.com/wp-content/uploads/sites/16/2023/06/MI_Finance_Positive_Landscape_0128.jpeg"
image_positive_thumbnail_id_2="681"
image_positive_url_2="https://hehge.com/wp-content/uploads/sites/16/2023/06/MI_Finance_Positive_Landscape_0027.jpeg"
image_professor_thumbnail_id_1="1193"
image_professor_url_1="https://hehge.com/wp-content/uploads/sites/16/2023/06/MI_Finance_Professor_Landscape_0027.jpeg"
image_professor_thumbnail_id_2="1181"
image_professor_url_2="https://hehge.com/wp-content/uploads/sites/16/2023/06/MI_Finance_Professor_Landscape_0015.jpeg"
