Symbol="SCKT"
AssetType="Common Stock"
Name="Socket Mobile Inc"
Description="Socket Mobile, Inc. produces data capture products for mobile applications that are used in the enterprise mobility markets in the United States, Europe, Asia, and internationally. The company is headquartered in Newark, California."
CIK="944075"
Exchange="NASDAQ"
Currency="USD"
Country="USA"
Sector="TECHNOLOGY"
Industry="ELECTRONIC COMPUTERS"
Address="39700 EUREKA DRIVE, NEWARK, CA, US"
FiscalYearEnd="December"
LatestQuarter="2023-03-31"
MarketCapitalization="9741400"
EBITDA="-1144598"
PERatio="None"
PEGRatio="0"
BookValue="2.728"
DividendPerShare="0"
DividendYield="0"
EPS="-0.15"
RevenuePerShareTTM="2.692"
ProfitMargin="-0.0648"
OperatingMarginTTM="-0.0969"
ReturnOnAssetsTTM="-0.0433"
ReturnOnEquityTTM="-0.0624"
RevenueTTM="19256900"
GrossProfitTTM="10366000"
DilutedEPSTTM="-0.15"
QuarterlyEarningsGrowthYOY="-0.508"
QuarterlyRevenueGrowthYOY="-0.315"
AnalystTargetPrice="2"
TrailingPE="-"
ForwardPE="-"
PriceToSalesRatioTTM="0.65"
PriceToBookRatio="0.747"
EVToRevenue="0.718"
EVToEBITDA="9.8"
Beta="0.898"
num_52WeekHigh="3.23"
num_52WeekLow="1.24"
num_50DayMovingAverage="1.441"
num_200DayMovingAverage="1.908"
SharesOutstanding="7215800"
DividendDate="None"
ExDividendDate="None"
symbol="SCKT"
open="1.47"
high="1.47"
low="1.35"
price="1.35"
volume="5511.00"
latest_trading_day="2023-07-07"
previous_close="1.44"
change="-0.09"
change_percent="-6.2500%"
aroon_positive_momentum_days="0"
aroon_negative_momentum_days="79"
trend_strength="Absent or Weak Trend"
buying_signal="Weak Sell Signal"
volume_analysis="Target Volume"
value_analysis="Expected Range"
Aroon_change="FALSE"
Aroon_momentum="21"
Volume_recent_avg="13043"
Change_recent_avg="0.01"
Delta_recent_avg="0.06"
Variance_recent_avg="0.03"
Change_ratio_recent_avg="-0.23"
RSI_change="FALSE"
ADX_change="FALSE"

event="FALSE"
Aroon_signal="negative"
Aroon_change="FALSE"
Aroon_momentum_positive="21"
Aroon_momentum_negative="79"
image_negative_thumbnail_id_1="510"
image_negative_url_1="https://hehge.com/wp-content/uploads/sites/16/2023/06/MI_Finance_Negative_Landscape_0095.jpeg"
image_negative_thumbnail_id_2="1156"
image_negative_url_2="https://hehge.com/wp-content/uploads/sites/16/2023/06/MI_Finance_Negative_Landscape_0190.jpeg"
image_neutral_thumbnail_id_1="572"
image_neutral_url_1="https://hehge.com/wp-content/uploads/sites/16/2023/06/MI_Finance_Neutral_Landscape_0027.jpeg"
image_neutral_thumbnail_id_2="581"
image_neutral_url_2="https://hehge.com/wp-content/uploads/sites/16/2023/06/MI_Finance_Neutral_Landscape_0018.jpeg"
image_positive_thumbnail_id_1="1013"
image_positive_url_1="https://hehge.com/wp-content/uploads/sites/16/2023/06/MI_Finance_Positive_Landscape_0175.jpeg"
image_positive_thumbnail_id_2="1006"
image_positive_url_2="https://hehge.com/wp-content/uploads/sites/16/2023/06/MI_Finance_Positive_Landscape_0168.jpeg"
image_professor_thumbnail_id_1="1204"
image_professor_url_1="https://hehge.com/wp-content/uploads/sites/16/2023/06/MI_Finance_Professor_Landscape_0038.jpeg"
image_professor_thumbnail_id_2="1188"
image_professor_url_2="https://hehge.com/wp-content/uploads/sites/16/2023/06/MI_Finance_Professor_Landscape_0022.jpeg"
