Symbol="RBLX"
AssetType="Common Stock"
Name="Roblox Corp"
Description="Roblox Corporation develops and operates an online entertainment platform. The company is headquartered in San Mateo, California."
CIK="1315098"
Exchange="NYSE"
Currency="USD"
Country="USA"
Sector="TECHNOLOGY"
Industry="SERVICES-PREPACKAGED SOFTWARE"
Address="970 PARK PLACE, SAN MATEO, CA, US"
FiscalYearEnd="December"
LatestQuarter="2023-03-31"
MarketCapitalization="24396708000"
EBITDA="-909022016"
PERatio="None"
PEGRatio="8.18"
BookValue="0.406"
DividendPerShare="0"
DividendYield="0"
EPS="-1.73"
RevenuePerShareTTM="3.905"
ProfitMargin="-0.441"
OperatingMarginTTM="-0.453"
ReturnOnAssetsTTM="-0.13"
ReturnOnEquityTTM="-2.565"
RevenueTTM="2343262000"
GrossProfitTTM="364458000"
DilutedEPSTTM="-1.73"
QuarterlyEarningsGrowthYOY="0"
QuarterlyRevenueGrowthYOY="0.22"
AnalystTargetPrice="42.9"
TrailingPE="-"
ForwardPE="192.31"
PriceToSalesRatioTTM="7.57"
PriceToBookRatio="46.98"
EVToRevenue="8.29"
EVToEBITDA="-28.55"
Beta="1.635"
num_52WeekHigh="53.88"
num_52WeekLow="25.32"
num_50DayMovingAverage="40.77"
num_200DayMovingAverage="38.17"
SharesOutstanding="560595000"
DividendDate="None"
ExDividendDate="None"
symbol="RBLX"
open="39.61"
high="40.23"
low="39.21"
price="39.95"
volume="4245675.00"
latest_trading_day="2023-07-26"
previous_close="39.66"
change="0.29"
change_percent="0.7312%"
aroon_positive_momentum_days="59"
aroon_negative_momentum_days="0"
trend_strength="Absent or Weak Trend"
buying_signal="Strong Buy Signal"
volume_analysis="Target Volume"
value_analysis="Expected Range"
Aroon_change="FALSE"
Aroon_momentum="59"
Volume_recent_avg="9738532"
Change_recent_avg="0.01"
Delta_recent_avg="1.86"
Variance_recent_avg="0.93"
Change_ratio_recent_avg="-0.04"
RSI_change="FALSE"
ADX_change="FALSE"

event="aroon_milestone_positive_10"
Aroon_signal="positive"
Aroon_change="FALSE"
Aroon_momentum_positive="59"
Aroon_momentum_negative="41"
image_negative_thumbnail_id_1="498"
image_negative_url_1="https://hehge.com/wp-content/uploads/sites/16/2023/06/MI_Finance_Negative_Landscape_0107.jpeg"
image_negative_thumbnail_id_2="519"
image_negative_url_2="https://hehge.com/wp-content/uploads/sites/16/2023/06/MI_Finance_Negative_Landscape_0086.jpeg"
image_neutral_thumbnail_id_1="536"
image_neutral_url_1="https://hehge.com/wp-content/uploads/sites/16/2023/06/MI_Finance_Neutral_Landscape_0063.jpeg"
image_neutral_thumbnail_id_2="551"
image_neutral_url_2="https://hehge.com/wp-content/uploads/sites/16/2023/06/MI_Finance_Neutral_Landscape_0048.jpeg"
image_positive_thumbnail_id_1="672"
image_positive_url_1="https://hehge.com/wp-content/uploads/sites/16/2023/06/MI_Finance_Positive_Landscape_0036.jpeg"
image_positive_thumbnail_id_2="968"
image_positive_url_2="https://hehge.com/wp-content/uploads/sites/16/2023/06/MI_Finance_Positive_Landscape_0130.jpeg"
image_professor_thumbnail_id_1="1171"
image_professor_url_1="https://hehge.com/wp-content/uploads/sites/16/2023/06/MI_Finance_Professor_Landscape_0005.jpeg"
image_professor_thumbnail_id_2="1169"
image_professor_url_2="https://hehge.com/wp-content/uploads/sites/16/2023/06/MI_Finance_Professor_Landscape_0003.jpeg"
