Symbol="SBET"
AssetType="Common Stock"
Name="Sharplink Gaming Ltd"
Description="None"
CIK="1025561"
Exchange="NASDAQ"
Currency="USD"
Country="USA"
Sector="TECHNOLOGY"
Industry="SERVICES-PREPACKAGED SOFTWARE"
Address="333 WASHINGTON AVENUE NORTH, SUITE 104, MINNEAPOLIS, MN, UNITED STATES"
FiscalYearEnd="December"
LatestQuarter="2023-03-31"
MarketCapitalization="8233100"
EBITDA="-9650731"
PERatio="None"
PEGRatio="None"
BookValue="0.552"
DividendPerShare="0"
DividendYield="0"
EPS="-4.28"
RevenuePerShareTTM="3.377"
ProfitMargin="-1.254"
OperatingMarginTTM="-1.229"
ReturnOnAssetsTTM="-0.186"
ReturnOnEquityTTM="-1.409"
RevenueTTM="8782100"
GrossProfitTTM="282500"
DilutedEPSTTM="-4.28"
QuarterlyEarningsGrowthYOY="0"
QuarterlyRevenueGrowthYOY="0.788"
AnalystTargetPrice="None"
TrailingPE="-"
ForwardPE="-"
PriceToSalesRatioTTM="1.548"
PriceToBookRatio="2.113"
EVToRevenue="1.266"
EVToEBITDA="-0.176"
Beta="None"
num_52WeekHigh="14"
num_52WeekLow="2.34"
num_50DayMovingAverage="2.97"
num_200DayMovingAverage="4.532"
SharesOutstanding="2809900"
DividendDate="2017-09-06"
ExDividendDate="None"
symbol="SBET"
open="2.72"
high="2.95"
low="2.72"
price="2.90"
volume="3113.00"
latest_trading_day="2023-07-14"
previous_close="2.85"
change="0.05"
change_percent="1.7544%"
aroon_positive_momentum_days="0"
aroon_negative_momentum_days="60"
trend_strength="Absent or Weak Trend"
buying_signal="Weak Sell Signal"
volume_analysis="Target Volume"
value_analysis="Expected Range"
Aroon_change="FALSE"
Aroon_momentum="40"
Volume_recent_avg="54406"
Change_recent_avg="0.01"
Delta_recent_avg="0.17"
Variance_recent_avg="0.08"
Change_ratio_recent_avg="-0.36"
RSI_change="FALSE"
ADX_change="FALSE"

event="aroon_milestone_negative_60"
Aroon_signal="negative"
Aroon_change="FALSE"
Aroon_momentum_positive="40"
Aroon_momentum_negative="60"
image_negative_thumbnail_id_1="506"
image_negative_url_1="https://hehge.com/wp-content/uploads/sites/16/2023/06/MI_Finance_Negative_Landscape_0099.jpeg"
image_negative_thumbnail_id_2="1127"
image_negative_url_2="https://hehge.com/wp-content/uploads/sites/16/2023/06/MI_Finance_Negative_Landscape_0160.jpeg"
image_neutral_thumbnail_id_1="571"
image_neutral_url_1="https://hehge.com/wp-content/uploads/sites/16/2023/06/MI_Finance_Neutral_Landscape_0028.jpeg"
image_neutral_thumbnail_id_2="539"
image_neutral_url_2="https://hehge.com/wp-content/uploads/sites/16/2023/06/MI_Finance_Neutral_Landscape_0060.jpeg"
image_positive_thumbnail_id_1="964"
image_positive_url_1="https://hehge.com/wp-content/uploads/sites/16/2023/06/MI_Finance_Positive_Landscape_0126.jpeg"
image_positive_thumbnail_id_2="700"
image_positive_url_2="https://hehge.com/wp-content/uploads/sites/16/2023/06/MI_Finance_Positive_Landscape_0008.jpeg"
image_professor_thumbnail_id_1="1184"
image_professor_url_1="https://hehge.com/wp-content/uploads/sites/16/2023/06/MI_Finance_Professor_Landscape_0018.jpeg"
image_professor_thumbnail_id_2="1168"
image_professor_url_2="https://hehge.com/wp-content/uploads/sites/16/2023/06/MI_Finance_Professor_Landscape_0002.jpeg"
