Symbol="RBBN"
AssetType="Common Stock"
Name="Ribbon Communications Inc"
Description="Ribbon Communications Inc. provides communications technology in the United States, Europe, the Middle East, Africa, Japan, Asia Pacific, and internationally. The company is headquartered in Plano, Texas."
CIK="1708055"
Exchange="NASDAQ"
Currency="USD"
Country="USA"
Sector="TECHNOLOGY"
Industry="SERVICES-COMPUTER INTEGRATED SYSTEMS DESIGN"
Address="4 TECHNOLOGY PARK DRIVE, WESTFORD, MA, US"
FiscalYearEnd="December"
LatestQuarter="2023-03-31"
MarketCapitalization="590941000"
EBITDA="49795000"
PERatio="None"
PEGRatio="None"
BookValue="2.795"
DividendPerShare="0"
DividendYield="0"
EPS="-0.39"
RevenuePerShareTTM="5.16"
ProfitMargin="-0.0798"
OperatingMarginTTM="-0.0305"
ReturnOnAssetsTTM="-0.0129"
ReturnOnEquityTTM="-0.14"
RevenueTTM="832721000"
GrossProfitTTM="432478000"
DilutedEPSTTM="-0.39"
QuarterlyEarningsGrowthYOY="3"
QuarterlyRevenueGrowthYOY="0.075"
AnalystTargetPrice="6"
TrailingPE="-"
ForwardPE="-"
PriceToSalesRatioTTM="0.576"
PriceToBookRatio="1.034"
EVToRevenue="1.036"
EVToEBITDA="-5.95"
Beta="0.997"
num_52WeekHigh="4.84"
num_52WeekLow="2.19"
num_50DayMovingAverage="2.793"
num_200DayMovingAverage="2.993"
SharesOutstanding="170225000"
DividendDate="None"
ExDividendDate="None"
symbol="RBBN"
open="3.39"
high="3.51"
low="3.33"
price="3.44"
volume="843444.00"
latest_trading_day="2023-07-21"
previous_close="3.36"
change="0.08"
change_percent="2.3810%"
aroon_positive_momentum_days="39"
aroon_negative_momentum_days="0"
trend_strength="Absent or Weak Trend"
buying_signal="Strong Buy Signal"
volume_analysis="Target Volume"
value_analysis="Expected Range"
Aroon_change="FALSE"
Aroon_momentum="39"
Volume_recent_avg="827497"
Change_recent_avg="-0.01"
Delta_recent_avg="0.16"
Variance_recent_avg="0.08"
Change_ratio_recent_avg="-0.45"
RSI_change="FALSE"
ADX_change="FALSE"

event="FALSE"
Aroon_signal="positive"
Aroon_change="FALSE"
Aroon_momentum_positive="39"
Aroon_momentum_negative="61"
image_negative_thumbnail_id_1="121"
image_negative_url_1="https://hehge.com/wp-content/uploads/sites/16/2023/05/MI_Finance_Negative_Landscape_0055.jpeg"
image_negative_thumbnail_id_2="130"
image_negative_url_2="https://hehge.com/wp-content/uploads/sites/16/2023/05/MI_Finance_Negative_Landscape_0046.jpeg"
image_neutral_thumbnail_id_1="521"
image_neutral_url_1="https://hehge.com/wp-content/uploads/sites/16/2023/06/MI_Finance_Neutral_Landscape_0078.jpeg"
image_neutral_thumbnail_id_2="589"
image_neutral_url_2="https://hehge.com/wp-content/uploads/sites/16/2023/06/MI_Finance_Neutral_Landscape_0010.jpeg"
image_positive_thumbnail_id_1="696"
image_positive_url_1="https://hehge.com/wp-content/uploads/sites/16/2023/06/MI_Finance_Positive_Landscape_0012.jpeg"
image_positive_thumbnail_id_2="707"
image_positive_url_2="https://hehge.com/wp-content/uploads/sites/16/2023/06/MI_Finance_Positive_Landscape_0001.jpeg"
image_professor_thumbnail_id_1="1169"
image_professor_url_1="https://hehge.com/wp-content/uploads/sites/16/2023/06/MI_Finance_Professor_Landscape_0003.jpeg"
image_professor_thumbnail_id_2="1203"
image_professor_url_2="https://hehge.com/wp-content/uploads/sites/16/2023/06/MI_Finance_Professor_Landscape_0037.jpeg"
