Symbol="DM"
AssetType="Common Stock"
Name="Desktop Metal Inc"
Description="Desktop Metal, Inc. manufactures and sells additive manufacturing solutions for engineers, designers, and fabricators in the Americas, Europe, the Middle East, Africa, and Asia-Pacific. The company is headquartered in Burlington, Massachusetts."
CIK="1754820"
Exchange="NYSE"
Currency="USD"
Country="USA"
Sector="TECHNOLOGY"
Industry="COMPUTER PERIPHERAL EQUIPMENT, NEC"
Address="405 LEXINGTON AVENUE, 48TH FLOOR, NEW YORK, NY, US"
FiscalYearEnd="December"
LatestQuarter="2023-03-31"
MarketCapitalization="588445000"
EBITDA="-140391008"
PERatio="None"
PEGRatio="None"
BookValue="1.516"
DividendPerShare="0"
DividendYield="0"
EPS="-2.289"
RevenuePerShareTTM="0.653"
ProfitMargin="0"
OperatingMarginTTM="-0.927"
ReturnOnAssetsTTM="-0.118"
ReturnOnEquityTTM="-86.93"
RevenueTTM="206633000"
GrossProfitTTM="20988000"
DilutedEPSTTM="-2.25"
QuarterlyEarningsGrowthYOY="0"
QuarterlyRevenueGrowthYOY="-0.055"
AnalystTargetPrice="2.5"
TrailingPE="-"
ForwardPE="-"
PriceToSalesRatioTTM="2.291"
PriceToBookRatio="0.665"
EVToRevenue="2.223"
EVToEBITDA="-1.056"
Beta="0.61"
num_52WeekHigh="3.65"
num_52WeekLow="1.13"
num_50DayMovingAverage="1.901"
num_200DayMovingAverage="1.952"
SharesOutstanding="321555000"
DividendDate="None"
ExDividendDate="None"
symbol="DM"
open="1.80"
high="1.82"
low="1.77"
price="1.81"
volume="1471142.00"
latest_trading_day="2023-08-02"
previous_close="1.83"
change="-0.02"
change_percent="-1.0929%"
aroon_positive_momentum_days="70"
aroon_negative_momentum_days="0"
trend_strength="Absent or Weak Trend"
buying_signal="Weak Buy Signal"
volume_analysis="Target Volume"
value_analysis="Expected Range"
Aroon_change="FALSE"
Aroon_momentum="70"
Volume_recent_avg="3433605"
Change_recent_avg="0.01"
Delta_recent_avg="0.12"
Variance_recent_avg="0.06"
Change_ratio_recent_avg="0.1"
RSI_change="FALSE"
ADX_change="FALSE"

event="FALSE"
Aroon_signal="positive"
Aroon_change="FALSE"
Aroon_momentum_positive="70"
Aroon_momentum_negative="30"
image_negative_thumbnail_id_1="1123"
image_negative_url_1="https://hehge.com/wp-content/uploads/sites/16/2023/06/MI_Finance_Negative_Landscape_0156.jpeg"
image_negative_thumbnail_id_2="1096"
image_negative_url_2="https://hehge.com/wp-content/uploads/sites/16/2023/06/MI_Finance_Negative_Landscape_0129.jpeg"
image_neutral_thumbnail_id_1="591"
image_neutral_url_1="https://hehge.com/wp-content/uploads/sites/16/2023/06/MI_Finance_Neutral_Landscape_0008.jpeg"
image_neutral_thumbnail_id_2="569"
image_neutral_url_2="https://hehge.com/wp-content/uploads/sites/16/2023/06/MI_Finance_Neutral_Landscape_0030.jpeg"
image_positive_thumbnail_id_1="629"
image_positive_url_1="https://hehge.com/wp-content/uploads/sites/16/2023/06/MI_Finance_Positive_Landscape_0079.jpeg"
image_positive_thumbnail_id_2="948"
image_positive_url_2="https://hehge.com/wp-content/uploads/sites/16/2023/06/MI_Finance_Positive_Landscape_0110.jpeg"
image_professor_thumbnail_id_1="1203"
image_professor_url_1="https://hehge.com/wp-content/uploads/sites/16/2023/06/MI_Finance_Professor_Landscape_0037.jpeg"
image_professor_thumbnail_id_2="1200"
image_professor_url_2="https://hehge.com/wp-content/uploads/sites/16/2023/06/MI_Finance_Professor_Landscape_0034.jpeg"
