Symbol="DDOG"
AssetType="Common Stock"
Name="Datadog Inc"
Description="Datadog, Inc. provides an analytics and monitoring platform for developers, information technology operations teams, and business users in the cloud in North America and internationally. The company is headquartered in New York, New York."
CIK="1561550"
Exchange="NASDAQ"
Currency="USD"
Country="USA"
Sector="TECHNOLOGY"
Industry="SERVICES-PREPACKAGED SOFTWARE"
Address="620 EIGHTH AVENUE, 45TH FLOOR, NEW YORK, NY, US"
FiscalYearEnd="December"
LatestQuarter="2023-03-31"
MarketCapitalization="33790439000"
EBITDA="-73319000"
PERatio="None"
PEGRatio="1.227"
BookValue="4.704"
DividendPerShare="0"
DividendYield="0"
EPS="-0.28"
RevenuePerShareTTM="5.66"
ProfitMargin="-0.0468"
OperatingMarginTTM="-0.058"
ReturnOnAssetsTTM="-0.023"
ReturnOnEquityTTM="-0.0639"
RevenueTTM="1793784000"
GrossProfitTTM="1328623000"
DilutedEPSTTM="-0.28"
QuarterlyEarningsGrowthYOY="0"
QuarterlyRevenueGrowthYOY="0.327"
AnalystTargetPrice="99.06"
TrailingPE="-"
ForwardPE="69.44"
PriceToSalesRatioTTM="16.23"
PriceToBookRatio="19.82"
EVToRevenue="16.08"
EVToEBITDA="522.64"
Beta="0.923"
num_52WeekHigh="120.75"
num_52WeekLow="61.34"
num_50DayMovingAverage="91.31"
num_200DayMovingAverage="79.36"
SharesOutstanding="296269000"
DividendDate="None"
ExDividendDate="None"
symbol="DDOG"
open="110.00"
high="111.60"
low="107.66"
price="108.53"
volume="3312853.00"
latest_trading_day="2023-07-14"
previous_close="109.19"
change="-0.66"
change_percent="-0.6045%"
aroon_positive_momentum_days="73"
aroon_negative_momentum_days="0"
trend_strength="Absent or Weak Trend"
buying_signal="Strong Buy Signal"
volume_analysis="Target Volume"
value_analysis="Expected Range"
Aroon_change="FALSE"
Aroon_momentum="73"
Volume_recent_avg="4864701"
Change_recent_avg="0.15"
Delta_recent_avg="3.34"
Variance_recent_avg="1.67"
Change_ratio_recent_avg="0.1"
RSI_change="FALSE"
ADX_change="FALSE"

event="FALSE"
Aroon_signal="positive"
Aroon_change="FALSE"
Aroon_momentum_positive="73"
Aroon_momentum_negative="27"
image_negative_thumbnail_id_1="488"
image_negative_url_1="https://hehge.com/wp-content/uploads/sites/16/2023/06/MI_Finance_Negative_Landscape_0117.jpeg"
image_negative_thumbnail_id_2="1157"
image_negative_url_2="https://hehge.com/wp-content/uploads/sites/16/2023/06/MI_Finance_Negative_Landscape_0191.jpeg"
image_neutral_thumbnail_id_1="537"
image_neutral_url_1="https://hehge.com/wp-content/uploads/sites/16/2023/06/MI_Finance_Neutral_Landscape_0062.jpeg"
image_neutral_thumbnail_id_2="547"
image_neutral_url_2="https://hehge.com/wp-content/uploads/sites/16/2023/06/MI_Finance_Neutral_Landscape_0052.jpeg"
image_positive_thumbnail_id_1="684"
image_positive_url_1="https://hehge.com/wp-content/uploads/sites/16/2023/06/MI_Finance_Positive_Landscape_0024.jpeg"
image_positive_thumbnail_id_2="980"
image_positive_url_2="https://hehge.com/wp-content/uploads/sites/16/2023/06/MI_Finance_Positive_Landscape_0142.jpeg"
image_professor_thumbnail_id_1="1204"
image_professor_url_1="https://hehge.com/wp-content/uploads/sites/16/2023/06/MI_Finance_Professor_Landscape_0038.jpeg"
image_professor_thumbnail_id_2="1198"
image_professor_url_2="https://hehge.com/wp-content/uploads/sites/16/2023/06/MI_Finance_Professor_Landscape_0032.jpeg"
