Symbol="BILI"
AssetType="Common Stock"
Name="Bilibili Inc"
Description="Bilibili Inc. provides online entertainment services for the younger generation in the People's Republic of China. The company is headquartered in Shanghai, the People's Republic of China."
CIK="1723690"
Exchange="NASDAQ"
Currency="USD"
Country="China"
Sector="TECHNOLOGY"
Industry="SERVICES-COMPUTER PROCESSING & DATA PREPARATION"
Address="17TH FLOOR, BUILDING 3, GUOZHENG CENTER, NO. 485 ZHENGLI ROAD, YANGPU DISTRICT, SHANGHAI, CHINA"
FiscalYearEnd="December"
LatestQuarter="2023-03-31"
MarketCapitalization="6465805000"
EBITDA="-3839878400"
PERatio="None"
PEGRatio="None"
BookValue="42.84"
DividendPerShare="0"
DividendYield="0"
EPS="-2"
RevenuePerShareTTM="54.91"
ProfitMargin="-0.267"
OperatingMarginTTM="-0.338"
ReturnOnAssetsTTM="-0.104"
ReturnOnEquityTTM="-0.316"
RevenueTTM="21914679000"
GrossProfitTTM="3849295000"
DilutedEPSTTM="-2"
QuarterlyEarningsGrowthYOY="0"
QuarterlyRevenueGrowthYOY="0.003"
AnalystTargetPrice="22.72"
TrailingPE="-"
ForwardPE="-"
PriceToSalesRatioTTM="0.4"
PriceToBookRatio="4.086"
EVToRevenue="0.413"
EVToEBITDA="-1.146"
Beta="1.055"
num_52WeekHigh="29.46"
num_52WeekLow="8.23"
num_50DayMovingAverage="16.48"
num_200DayMovingAverage="19.1"
SharesOutstanding="411092000"
DividendDate="None"
ExDividendDate="None"
symbol="BILI"
open="15.60"
high="15.75"
low="15.26"
price="15.46"
volume="3583138.00"
latest_trading_day="2023-07-21"
previous_close="15.37"
change="0.09"
change_percent="0.5856%"
aroon_positive_momentum_days="0"
aroon_negative_momentum_days="90"
trend_strength="Absent or Weak Trend"
buying_signal="Strong Sell Signal"
volume_analysis="Target Volume"
value_analysis="Expected Range"
Aroon_change="FALSE"
Aroon_momentum="10"
Volume_recent_avg="5621982"
Change_recent_avg="0.01"
Delta_recent_avg="0.82"
Variance_recent_avg="0.41"
Change_ratio_recent_avg="-0.11"
RSI_change="FALSE"
ADX_change="FALSE"

event="FALSE"
Aroon_signal="negative"
Aroon_change="FALSE"
Aroon_momentum_positive="10"
Aroon_momentum_negative="90"
image_negative_thumbnail_id_1="96"
image_negative_url_1="https://hehge.com/wp-content/uploads/sites/16/2023/05/MI_Finance_Negative_Landscape_0080.jpeg"
image_negative_thumbnail_id_2="155"
image_negative_url_2="https://hehge.com/wp-content/uploads/sites/16/2023/05/MI_Finance_Negative_Landscape_0021.jpeg"
image_neutral_thumbnail_id_1="550"
image_neutral_url_1="https://hehge.com/wp-content/uploads/sites/16/2023/06/MI_Finance_Neutral_Landscape_0049.jpeg"
image_neutral_thumbnail_id_2="575"
image_neutral_url_2="https://hehge.com/wp-content/uploads/sites/16/2023/06/MI_Finance_Neutral_Landscape_0024.jpeg"
image_positive_thumbnail_id_1="668"
image_positive_url_1="https://hehge.com/wp-content/uploads/sites/16/2023/06/MI_Finance_Positive_Landscape_0040.jpeg"
image_positive_thumbnail_id_2="631"
image_positive_url_2="https://hehge.com/wp-content/uploads/sites/16/2023/06/MI_Finance_Positive_Landscape_0077.jpeg"
image_professor_thumbnail_id_1="1172"
image_professor_url_1="https://hehge.com/wp-content/uploads/sites/16/2023/06/MI_Finance_Professor_Landscape_0006.jpeg"
image_professor_thumbnail_id_2="1202"
image_professor_url_2="https://hehge.com/wp-content/uploads/sites/16/2023/06/MI_Finance_Professor_Landscape_0036.jpeg"
