Symbol="BPT"
AssetType="Common Stock"
Name="BP Prudhoe Bay Royalty Trust"
Description="BP Prudhoe Bay Royalty Trust is a grantor trust in the United States. The company is headquartered in Houston, Texas."
CIK="850033"
Exchange="NYSE"
Currency="USD"
Country="USA"
Sector="TECHNOLOGY"
Industry="GENERAL"
Address="NONE"
FiscalYearEnd="December"
LatestQuarter="2023-03-31"
MarketCapitalization="105716000"
EBITDA="None"
PERatio="1.307"
PEGRatio="0"
BookValue="0.256"
DividendPerShare="2.405"
DividendYield="0.707"
EPS="3.496"
RevenuePerShareTTM="3.56"
ProfitMargin="0.982"
OperatingMarginTTM="0.982"
ReturnOnAssetsTTM="7.75"
ReturnOnEquityTTM="1367.7"
RevenueTTM="76193000"
GrossProfitTTM="82352000"
DilutedEPSTTM="3.62"
QuarterlyEarningsGrowthYOY="-0.488"
QuarterlyRevenueGrowthYOY="-0.481"
AnalystTargetPrice="2.52"
TrailingPE="1.359"
ForwardPE="-"
PriceToSalesRatioTTM="3.293"
PriceToBookRatio="44.32"
EVToRevenue="3.39"
EVToEBITDA="3.466"
Beta="0.338"
num_52WeekHigh="19.15"
num_52WeekLow="4.52"
num_50DayMovingAverage="5.5"
num_200DayMovingAverage="10.09"
SharesOutstanding="21400000"
DividendDate="2023-01-23"
ExDividendDate="2023-01-13"
symbol="BPT"
open="4.79"
high="4.83"
low="4.52"
price="4.72"
volume="329362.00"
latest_trading_day="2023-07-06"
previous_close="4.81"
change="-0.09"
change_percent="-1.8711%"
aroon_positive_momentum_days="0"
aroon_negative_momentum_days="96"
trend_strength="Absent or Weak Trend"
buying_signal="Strong Sell Signal"
volume_analysis="Target Volume"
value_analysis="Expected Range"
Aroon_change="FALSE"
Aroon_momentum="4"
Volume_recent_avg="262495"
Change_recent_avg="-0.08"
Delta_recent_avg="0.42"
Variance_recent_avg="0.21"
Change_ratio_recent_avg="-1.24"
RSI_change="FALSE"
ADX_change="FALSE"

event="FALSE"
Aroon_signal="negative"
Aroon_change="FALSE"
Aroon_momentum_positive="4"
Aroon_momentum_negative="96"
image_negative_thumbnail_id_1="127"
image_negative_url_1="https://hehge.com/wp-content/uploads/sites/16/2023/05/MI_Finance_Negative_Landscape_0049.jpeg"
image_negative_thumbnail_id_2="145"
image_negative_url_2="https://hehge.com/wp-content/uploads/sites/16/2023/05/MI_Finance_Negative_Landscape_0031.jpeg"
image_neutral_thumbnail_id_1="555"
image_neutral_url_1="https://hehge.com/wp-content/uploads/sites/16/2023/06/MI_Finance_Neutral_Landscape_0044.jpeg"
image_neutral_thumbnail_id_2="560"
image_neutral_url_2="https://hehge.com/wp-content/uploads/sites/16/2023/06/MI_Finance_Neutral_Landscape_0039.jpeg"
image_positive_thumbnail_id_1="681"
image_positive_url_1="https://hehge.com/wp-content/uploads/sites/16/2023/06/MI_Finance_Positive_Landscape_0027.jpeg"
image_positive_thumbnail_id_2="977"
image_positive_url_2="https://hehge.com/wp-content/uploads/sites/16/2023/06/MI_Finance_Positive_Landscape_0139.jpeg"
image_professor_thumbnail_id_1="1182"
image_professor_url_1="https://hehge.com/wp-content/uploads/sites/16/2023/06/MI_Finance_Professor_Landscape_0016.jpeg"
image_professor_thumbnail_id_2="1193"
image_professor_url_2="https://hehge.com/wp-content/uploads/sites/16/2023/06/MI_Finance_Professor_Landscape_0027.jpeg"
