Symbol="PATH"
AssetType="Common Stock"
Name="Uipath Inc"
Description="UiPath Inc. provides an end-to-end automation platform offering a range of robotic process automation (RPA) solutions primarily in the United States, Romania, and Japan. The company is headquartered in New York, New York."
CIK="1734722"
Exchange="NYSE"
Currency="USD"
Country="USA"
Sector="TECHNOLOGY"
Industry="SERVICES-PREPACKAGED SOFTWARE"
Address="452 FIFTH AVENUE, 22ND FLOOR, NEW YORK, NY, US"
FiscalYearEnd="January"
LatestQuarter="2023-04-30"
MarketCapitalization="9926956000"
EBITDA="-236207008"
PERatio="None"
PEGRatio="2.312"
BookValue="3.488"
DividendPerShare="0"
DividendYield="0"
EPS="-0.41"
RevenuePerShareTTM="1.998"
ProfitMargin="-0.215"
OperatingMarginTTM="-0.23"
ReturnOnAssetsTTM="-0.0625"
ReturnOnEquityTTM="-0.124"
RevenueTTM="1103103000"
GrossProfitTTM="879957000"
DilutedEPSTTM="-0.41"
QuarterlyEarningsGrowthYOY="0"
QuarterlyRevenueGrowthYOY="0.182"
AnalystTargetPrice="18.53"
TrailingPE="-"
ForwardPE="80.65"
PriceToSalesRatioTTM="6.74"
PriceToBookRatio="3.849"
EVToRevenue="5.33"
EVToEBITDA="-17.03"
Beta="0.626"
num_52WeekHigh="22.19"
num_52WeekLow="10.4"
num_50DayMovingAverage="16.13"
num_200DayMovingAverage="14.49"
SharesOutstanding="478709000"
DividendDate="None"
ExDividendDate="None"
symbol="PATH"
open="17.26"
high="17.99"
low="17.16"
price="17.69"
volume="11834519.00"
latest_trading_day="2023-07-11"
previous_close="17.07"
change="0.62"
change_percent="3.6321%"
aroon_positive_momentum_days="66"
aroon_negative_momentum_days="0"
trend_strength="Absent or Weak Trend"
buying_signal="Weak Buy Signal"
volume_analysis="Target Volume"
value_analysis="Expected Range"
Aroon_change="FALSE"
Aroon_momentum="66"
Volume_recent_avg="8640567"
Change_recent_avg="0.02"
Delta_recent_avg="0.79"
Variance_recent_avg="0.4"
Change_ratio_recent_avg="0.1"
RSI_change="FALSE"
ADX_change="FALSE"

event="FALSE"
Aroon_signal="positive"
Aroon_change="FALSE"
Aroon_momentum_positive="66"
Aroon_momentum_negative="34"
image_negative_thumbnail_id_1="1118"
image_negative_url_1="https://hehge.com/wp-content/uploads/sites/16/2023/06/MI_Finance_Negative_Landscape_0151.jpeg"
image_negative_thumbnail_id_2="159"
image_negative_url_2="https://hehge.com/wp-content/uploads/sites/16/2023/05/MI_Finance_Negative_Landscape_0017.jpeg"
image_neutral_thumbnail_id_1="539"
image_neutral_url_1="https://hehge.com/wp-content/uploads/sites/16/2023/06/MI_Finance_Neutral_Landscape_0060.jpeg"
image_neutral_thumbnail_id_2="586"
image_neutral_url_2="https://hehge.com/wp-content/uploads/sites/16/2023/06/MI_Finance_Neutral_Landscape_0013.jpeg"
image_positive_thumbnail_id_1="958"
image_positive_url_1="https://hehge.com/wp-content/uploads/sites/16/2023/06/MI_Finance_Positive_Landscape_0120.jpeg"
image_positive_thumbnail_id_2="603"
image_positive_url_2="https://hehge.com/wp-content/uploads/sites/16/2023/06/MI_Finance_Positive_Landscape_0105.jpeg"
image_professor_thumbnail_id_1="1178"
image_professor_url_1="https://hehge.com/wp-content/uploads/sites/16/2023/06/MI_Finance_Professor_Landscape_0012.jpeg"
image_professor_thumbnail_id_2="1177"
image_professor_url_2="https://hehge.com/wp-content/uploads/sites/16/2023/06/MI_Finance_Professor_Landscape_0011.jpeg"
