Symbol="LSXMB"
AssetType="Common Stock"
Name="Liberty Media Corp SiriusXM B"
Description="Liberty SiriusXM Group is engaged in the entertainment business in the United States and Canada. "
CIK="1560385"
Exchange="NASDAQ"
Currency="USD"
Country="USA"
Sector="TECHNOLOGY"
Industry="TELEVISION BROADCASTING STATIONS"
Address="12300 LIBERTY BOULEVARD, ENGLEWOOD, CO, US"
FiscalYearEnd="December"
LatestQuarter="2023-03-31"
MarketCapitalization="9926969000"
EBITDA="2483000000"
PERatio="10.02"
PEGRatio="0"
BookValue="27.31"
DividendPerShare="0"
DividendYield="0"
EPS="3.22"
RevenuePerShareTTM="27.43"
ProfitMargin="0.133"
OperatingMarginTTM="0.208"
ReturnOnAssetsTTM="0.0377"
ReturnOnEquityTTM="0.118"
RevenueTTM="8961000000"
GrossProfitTTM="4521000000"
DilutedEPSTTM="3.22"
QuarterlyEarningsGrowthYOY="-0.539"
QuarterlyRevenueGrowthYOY="-0.019"
AnalystTargetPrice="None"
TrailingPE="10.02"
ForwardPE="14.08"
PriceToSalesRatioTTM="1.405"
PriceToBookRatio="1.776"
EVToRevenue="2.96"
EVToEBITDA="10.08"
Beta="1.133"
num_52WeekHigh="47.43"
num_52WeekLow="25.35"
num_50DayMovingAverage="30.23"
num_200DayMovingAverage="34.91"
SharesOutstanding="9802200"
DividendDate="None"
ExDividendDate="2022-02-10"
symbol="LSXMB"
open="33.04"
high="33.11"
low="33.04"
price="33.10"
volume="1149.00"
latest_trading_day="2023-08-03"
previous_close="32.70"
change="0.40"
change_percent="1.2232%"
aroon_positive_momentum_days="41"
aroon_negative_momentum_days="0"
trend_strength="Absent or Weak Trend"
buying_signal="Weak Buy Signal"
volume_analysis="Target Volume"
value_analysis="Expected Range"
Aroon_change="FALSE"
Aroon_momentum="41"
Volume_recent_avg="553"
Change_recent_avg="-0.04"
Delta_recent_avg="0.1"
Variance_recent_avg="0.05"
Change_ratio_recent_avg="-0.16"
RSI_change="FALSE"
ADX_change="FALSE"

event="FALSE"
Aroon_signal="positive"
Aroon_change="FALSE"
Aroon_momentum_positive="41"
Aroon_momentum_negative="59"
image_negative_thumbnail_id_1="99"
image_negative_url_1="https://hehge.com/wp-content/uploads/sites/16/2023/05/MI_Finance_Negative_Landscape_0077.jpeg"
image_negative_thumbnail_id_2="1108"
image_negative_url_2="https://hehge.com/wp-content/uploads/sites/16/2023/06/MI_Finance_Negative_Landscape_0141.jpeg"
image_neutral_thumbnail_id_1="576"
image_neutral_url_1="https://hehge.com/wp-content/uploads/sites/16/2023/06/MI_Finance_Neutral_Landscape_0023.jpeg"
image_neutral_thumbnail_id_2="579"
image_neutral_url_2="https://hehge.com/wp-content/uploads/sites/16/2023/06/MI_Finance_Neutral_Landscape_0020.jpeg"
image_positive_thumbnail_id_1="687"
image_positive_url_1="https://hehge.com/wp-content/uploads/sites/16/2023/06/MI_Finance_Positive_Landscape_0021.jpeg"
image_positive_thumbnail_id_2="638"
image_positive_url_2="https://hehge.com/wp-content/uploads/sites/16/2023/06/MI_Finance_Positive_Landscape_0070.jpeg"
image_professor_thumbnail_id_1="1203"
image_professor_url_1="https://hehge.com/wp-content/uploads/sites/16/2023/06/MI_Finance_Professor_Landscape_0037.jpeg"
image_professor_thumbnail_id_2="1178"
image_professor_url_2="https://hehge.com/wp-content/uploads/sites/16/2023/06/MI_Finance_Professor_Landscape_0012.jpeg"
