Symbol="PANW"
AssetType="Common Stock"
Name="Palo Alto Networks Inc"
Description="Palo Alto Networks, Inc. provides cybersecurity platform solutions globally. The company is headquartered in Santa Clara, California."
CIK="1327567"
Exchange="NASDAQ"
Currency="USD"
Country="USA"
Sector="TECHNOLOGY"
Industry="COMPUTER PERIPHERAL EQUIPMENT, NEC"
Address="4401 GREAT AMERICA PARKWAY, SANTA CLARA, CA, US"
FiscalYearEnd="July"
LatestQuarter="2023-04-30"
MarketCapitalization="75689943000"
EBITDA="372200000"
PERatio="386.67"
PEGRatio="1.586"
BookValue="4.033"
DividendPerShare="0"
DividendYield="0"
EPS="0.64"
RevenuePerShareTTM="21.56"
ProfitMargin="0.0332"
OperatingMarginTTM="0.023"
ReturnOnAssetsTTM="0.0074"
ReturnOnEquityTTM="0.274"
RevenueTTM="6489900000"
GrossProfitTTM="3782800000"
DilutedEPSTTM="0.64"
QuarterlyEarningsGrowthYOY="0"
QuarterlyRevenueGrowthYOY="0.241"
AnalystTargetPrice="244.92"
TrailingPE="386.67"
ForwardPE="49.26"
PriceToSalesRatioTTM="7.93"
PriceToBookRatio="95.37"
EVToRevenue="8.35"
EVToEBITDA="218.15"
Beta="1.212"
num_52WeekHigh="258.88"
num_52WeekLow="132.22"
num_50DayMovingAverage="217.32"
num_200DayMovingAverage="180.55"
SharesOutstanding="305855000"
DividendDate="None"
ExDividendDate="None"
symbol="PANW"
open="248.57"
high="250.99"
low="246.27"
price="250.23"
volume="2772856.00"
latest_trading_day="2023-07-11"
previous_close="247.47"
change="2.76"
change_percent="1.1153%"
aroon_positive_momentum_days="92"
aroon_negative_momentum_days="0"
trend_strength="Absent or Weak Trend"
buying_signal="Strong Buy Signal"
volume_analysis="Trending Low"
value_analysis="Bearish Trend"
Aroon_change="FALSE"
Aroon_momentum="92"
Volume_recent_avg="5113075"
Change_recent_avg="0.62"
Delta_recent_avg="4.99"
Variance_recent_avg="2.5"
Change_ratio_recent_avg="0.27"
RSI_change="FALSE"
ADX_change="FALSE"

event="FALSE"
Aroon_signal="positive"
Aroon_change="FALSE"
Aroon_momentum_positive="92"
Aroon_momentum_negative="8"
image_negative_thumbnail_id_1="1093"
image_negative_url_1="https://hehge.com/wp-content/uploads/sites/16/2023/06/MI_Finance_Negative_Landscape_0126.jpeg"
image_negative_thumbnail_id_2="1160"
image_negative_url_2="https://hehge.com/wp-content/uploads/sites/16/2023/06/MI_Finance_Negative_Landscape_0194.jpeg"
image_neutral_thumbnail_id_1="539"
image_neutral_url_1="https://hehge.com/wp-content/uploads/sites/16/2023/06/MI_Finance_Neutral_Landscape_0060.jpeg"
image_neutral_thumbnail_id_2="533"
image_neutral_url_2="https://hehge.com/wp-content/uploads/sites/16/2023/06/MI_Finance_Neutral_Landscape_0066.jpeg"
image_positive_thumbnail_id_1="950"
image_positive_url_1="https://hehge.com/wp-content/uploads/sites/16/2023/06/MI_Finance_Positive_Landscape_0112.jpeg"
image_positive_thumbnail_id_2="658"
image_positive_url_2="https://hehge.com/wp-content/uploads/sites/16/2023/06/MI_Finance_Positive_Landscape_0050.jpeg"
image_professor_thumbnail_id_1="1180"
image_professor_url_1="https://hehge.com/wp-content/uploads/sites/16/2023/06/MI_Finance_Professor_Landscape_0014.jpeg"
image_professor_thumbnail_id_2="1185"
image_professor_url_2="https://hehge.com/wp-content/uploads/sites/16/2023/06/MI_Finance_Professor_Landscape_0019.jpeg"
