Symbol="PANW"
AssetType="Common Stock"
Name="Palo Alto Networks Inc"
Description="Palo Alto Networks, Inc. provides cybersecurity platform solutions globally. The company is headquartered in Santa Clara, California."
CIK="1327567"
Exchange="NASDAQ"
Currency="USD"
Country="USA"
Sector="TECHNOLOGY"
Industry="COMPUTER PERIPHERAL EQUIPMENT, NEC"
Address="4401 GREAT AMERICA PARKWAY, SANTA CLARA, CA, US"
FiscalYearEnd="July"
LatestQuarter="2023-04-30"
MarketCapitalization="72625267000"
EBITDA="372200000"
PERatio="359.77"
PEGRatio="1.586"
BookValue="4.033"
DividendPerShare="0"
DividendYield="0"
EPS="0.66"
RevenuePerShareTTM="21.56"
ProfitMargin="0.0332"
OperatingMarginTTM="0.023"
ReturnOnAssetsTTM="0.0074"
ReturnOnEquityTTM="0.274"
RevenueTTM="6489900000"
GrossProfitTTM="3782800000"
DilutedEPSTTM="0.66"
QuarterlyEarningsGrowthYOY="0"
QuarterlyRevenueGrowthYOY="0.241"
AnalystTargetPrice="252.13"
TrailingPE="359.77"
ForwardPE="49.26"
PriceToSalesRatioTTM="7.93"
PriceToBookRatio="95.37"
EVToRevenue="8.35"
EVToEBITDA="218.15"
Beta="1.202"
num_52WeekHigh="258.88"
num_52WeekLow="132.22"
num_50DayMovingAverage="237.27"
num_200DayMovingAverage="187.66"
SharesOutstanding="305855000"
DividendDate="None"
ExDividendDate="None"
symbol="PANW"
open="224.50"
high="225.50"
low="213.35"
price="218.32"
volume="15300712.00"
latest_trading_day="2023-08-04"
previous_close="237.45"
change="-19.13"
change_percent="-8.0564%"
aroon_positive_momentum_days="96"
aroon_negative_momentum_days="0"
trend_strength="Absent or Weak Trend"
buying_signal="Weak Buy Signal"
volume_analysis="Target Volume"
value_analysis="Expected Range"
Aroon_change="FALSE"
Aroon_momentum="96"
Volume_recent_avg="5033125"
Change_recent_avg="0.27"
Delta_recent_avg="5.59"
Variance_recent_avg="2.79"
Change_ratio_recent_avg="0.11"
RSI_change="FALSE"
ADX_change="FALSE"

event="FALSE"
Aroon_signal="positive"
Aroon_change="FALSE"
Aroon_momentum_positive="96"
Aroon_momentum_negative="4"
image_negative_thumbnail_id_1="494"
image_negative_url_1="https://hehge.com/wp-content/uploads/sites/16/2023/06/MI_Finance_Negative_Landscape_0111.jpeg"
image_negative_thumbnail_id_2="1158"
image_negative_url_2="https://hehge.com/wp-content/uploads/sites/16/2023/06/MI_Finance_Negative_Landscape_0192.jpeg"
image_neutral_thumbnail_id_1="559"
image_neutral_url_1="https://hehge.com/wp-content/uploads/sites/16/2023/06/MI_Finance_Neutral_Landscape_0040.jpeg"
image_neutral_thumbnail_id_2="564"
image_neutral_url_2="https://hehge.com/wp-content/uploads/sites/16/2023/06/MI_Finance_Neutral_Landscape_0035.jpeg"
image_positive_thumbnail_id_1="616"
image_positive_url_1="https://hehge.com/wp-content/uploads/sites/16/2023/06/MI_Finance_Positive_Landscape_0092.jpeg"
image_positive_thumbnail_id_2="631"
image_positive_url_2="https://hehge.com/wp-content/uploads/sites/16/2023/06/MI_Finance_Positive_Landscape_0077.jpeg"
image_professor_thumbnail_id_1="1167"
image_professor_url_1="https://hehge.com/wp-content/uploads/sites/16/2023/06/MI_Finance_Professor_Landscape_0001.jpeg"
image_professor_thumbnail_id_2="1181"
image_professor_url_2="https://hehge.com/wp-content/uploads/sites/16/2023/06/MI_Finance_Professor_Landscape_0015.jpeg"
