Symbol="CDLX"
AssetType="Common Stock"
Name="Cardlytics Inc"
Description="Cardlytics, Inc. operates an advertising platform within financial institutions' digital channels including online, mobile, email, and various real-time notifications in the United States and the United Kingdom. The company is headquartered in Atlanta, Georgia."
CIK="1666071"
Exchange="NASDAQ"
Currency="USD"
Country="USA"
Sector="TECHNOLOGY"
Industry="SERVICES-COMPUTER PROGRAMMING, DATA PROCESSING, ETC."
Address="675 PONCE DE LEON AVENUE, NE, SUITE 6000, ATLANTA, GA, US"
FiscalYearEnd="December"
LatestQuarter="2023-06-30"
MarketCapitalization="382145000"
EBITDA="-79148000"
PERatio="None"
PEGRatio="None"
BookValue="6.9"
DividendPerShare="0"
DividendYield="0"
EPS="-14.22"
RevenuePerShareTTM="8.84"
ProfitMargin="-1.643"
OperatingMarginTTM="-0.385"
ReturnOnAssetsTTM="-0.074"
ReturnOnEquityTTM="-1.027"
RevenueTTM="294945000"
GrossProfitTTM="115415000"
DilutedEPSTTM="-14.22"
QuarterlyEarningsGrowthYOY="-0.567"
QuarterlyRevenueGrowthYOY="-0.053"
AnalystTargetPrice="9"
TrailingPE="-"
ForwardPE="-"
PriceToSalesRatioTTM="0.637"
PriceToBookRatio="0.341"
EVToRevenue="0.967"
EVToEBITDA="-5.3"
Beta="1.803"
num_52WeekHigh="18.21"
num_52WeekLow="2.57"
num_50DayMovingAverage="7.01"
num_200DayMovingAverage="5.99"
SharesOutstanding="33908200"
DividendDate="None"
ExDividendDate="None"
symbol="CDLX"
open="13.76"
high="15.20"
low="12.69"
price="13.50"
volume="2919164.00"
latest_trading_day="2023-08-02"
previous_close="11.27"
change="2.23"
change_percent="19.7870%"
aroon_positive_momentum_days="60"
aroon_negative_momentum_days="0"
trend_strength="Absent or Weak Trend"
buying_signal="Strong Buy Signal"
volume_analysis="Trending Low"
value_analysis="Bearish Trend"
Aroon_change="FALSE"
Aroon_momentum="60"
Volume_recent_avg="1798793"
Change_recent_avg="0.03"
Delta_recent_avg="0.64"
Variance_recent_avg="0.32"
Change_ratio_recent_avg="-0.03"
RSI_change="FALSE"
ADX_change="FALSE"

event="FALSE"
Aroon_signal="positive"
Aroon_change="FALSE"
Aroon_momentum_positive="60"
Aroon_momentum_negative="40"
image_negative_thumbnail_id_1="169"
image_negative_url_1="https://hehge.com/wp-content/uploads/sites/16/2023/05/MI_Finance_Negative_Landscape_0007.jpeg"
image_negative_thumbnail_id_2="93"
image_negative_url_2="https://hehge.com/wp-content/uploads/sites/16/2023/05/MI_Finance_Negative_Landscape_0083.jpeg"
image_neutral_thumbnail_id_1="560"
image_neutral_url_1="https://hehge.com/wp-content/uploads/sites/16/2023/06/MI_Finance_Neutral_Landscape_0039.jpeg"
image_neutral_thumbnail_id_2="528"
image_neutral_url_2="https://hehge.com/wp-content/uploads/sites/16/2023/06/MI_Finance_Neutral_Landscape_0071.jpeg"
image_positive_thumbnail_id_1="976"
image_positive_url_1="https://hehge.com/wp-content/uploads/sites/16/2023/06/MI_Finance_Positive_Landscape_0138.jpeg"
image_positive_thumbnail_id_2="980"
image_positive_url_2="https://hehge.com/wp-content/uploads/sites/16/2023/06/MI_Finance_Positive_Landscape_0142.jpeg"
image_professor_thumbnail_id_1="1191"
image_professor_url_1="https://hehge.com/wp-content/uploads/sites/16/2023/06/MI_Finance_Professor_Landscape_0025.jpeg"
image_professor_thumbnail_id_2="1197"
image_professor_url_2="https://hehge.com/wp-content/uploads/sites/16/2023/06/MI_Finance_Professor_Landscape_0031.jpeg"
