Symbol="FTI"
AssetType="Common Stock"
Name="TechnipFMC PLC"
Description="TechnipFMC plc is involved in oil and gas projects, technologies, systems and services. The company is headquartered in London, the United Kingdom."
CIK="1681459"
Exchange="NYSE"
Currency="USD"
Country="USA"
Sector="TECHNOLOGY"
Industry="OIL & GAS FIELD MACHINERY & EQUIPMENT"
Address="ONE ST. PAUL'S CHURCHYARD, LONDON, GB"
FiscalYearEnd="December"
LatestQuarter="2023-06-30"
MarketCapitalization="7948134000"
EBITDA="626300000"
PERatio="None"
PEGRatio="14.01"
BookValue="7.33"
DividendPerShare="0"
DividendYield="0.0108"
EPS="-0.05"
RevenuePerShareTTM="14.91"
ProfitMargin="0"
OperatingMarginTTM="0"
ReturnOnAssetsTTM="0.016"
ReturnOnEquityTTM="-3.381"
RevenueTTM="6862000000"
GrossProfitTTM="896300000"
DilutedEPSTTM="-0.05"
QuarterlyEarningsGrowthYOY="-0.876"
QuarterlyRevenueGrowthYOY="0.104"
AnalystTargetPrice="21.23"
TrailingPE="-"
ForwardPE="19.05"
PriceToSalesRatioTTM="0.794"
PriceToBookRatio="1.582"
EVToRevenue="0.992"
EVToEBITDA="12.82"
Beta="1.813"
num_52WeekHigh="19.15"
num_52WeekLow="7.88"
num_50DayMovingAverage="16.04"
num_200DayMovingAverage="13.62"
SharesOutstanding="441563000"
DividendDate="2023-09-06"
ExDividendDate="2023-08-21"
symbol="FTI"
open="17.99"
high="18.43"
low="17.98"
price="18.25"
volume="3548529.00"
latest_trading_day="2023-08-03"
previous_close="18.00"
change="0.25"
change_percent="1.3889%"
aroon_positive_momentum_days="58"
aroon_negative_momentum_days="0"
trend_strength="Absent or Weak Trend"
buying_signal="Weak Buy Signal"
volume_analysis="Target Volume"
value_analysis="Expected Range"
Aroon_change="FALSE"
Aroon_momentum="58"
Volume_recent_avg="6089010"
Change_recent_avg="0.06"
Delta_recent_avg="0.55"
Variance_recent_avg="0.27"
Change_ratio_recent_avg="0.33"
RSI_change="FALSE"
ADX_change="FALSE"

event="FALSE"
Aroon_signal="positive"
Aroon_change="FALSE"
Aroon_momentum_positive="58"
Aroon_momentum_negative="42"
image_negative_thumbnail_id_1="1131"
image_negative_url_1="https://hehge.com/wp-content/uploads/sites/16/2023/06/MI_Finance_Negative_Landscape_0164.jpeg"
image_negative_thumbnail_id_2="1099"
image_negative_url_2="https://hehge.com/wp-content/uploads/sites/16/2023/06/MI_Finance_Negative_Landscape_0132.jpeg"
image_neutral_thumbnail_id_1="567"
image_neutral_url_1="https://hehge.com/wp-content/uploads/sites/16/2023/06/MI_Finance_Neutral_Landscape_0032.jpeg"
image_neutral_thumbnail_id_2="432"
image_neutral_url_2="https://hehge.com/wp-content/uploads/sites/16/2023/05/MI_Finance_Neutral_Landscape_0019.jpeg"
image_positive_thumbnail_id_1="951"
image_positive_url_1="https://hehge.com/wp-content/uploads/sites/16/2023/06/MI_Finance_Positive_Landscape_0113.jpeg"
image_positive_thumbnail_id_2="617"
image_positive_url_2="https://hehge.com/wp-content/uploads/sites/16/2023/06/MI_Finance_Positive_Landscape_0091.jpeg"
image_professor_thumbnail_id_1="1199"
image_professor_url_1="https://hehge.com/wp-content/uploads/sites/16/2023/06/MI_Finance_Professor_Landscape_0033.jpeg"
image_professor_thumbnail_id_2="1180"
image_professor_url_2="https://hehge.com/wp-content/uploads/sites/16/2023/06/MI_Finance_Professor_Landscape_0014.jpeg"
