Symbol="CNHI"
AssetType="Common Stock"
Name="CNH Industrial N.V."
Description="CNH Industrial NV designs, produces, markets, sells, and finances agricultural and construction equipment, trucks, commercial vehicles, buses, and specialty vehicles in North America, Europe, South America, and internationally. The company is headquartered in London, the United Kingdom."
CIK="1567094"
Exchange="NYSE"
Currency="USD"
Country="USA"
Sector="TECHNOLOGY"
Industry="CONSTRUCTION MACHINERY & EQUIP"
Address="25 ST. JAMES'S STREET, LONDON,, GB"
FiscalYearEnd="December"
LatestQuarter="2023-06-30"
MarketCapitalization="19405568000"
EBITDA="3369200000"
PERatio="9.1"
PEGRatio="31.71"
BookValue="5.15"
DividendPerShare="0"
DividendYield="0.0276"
EPS="1.6"
RevenuePerShareTTM="17.43"
ProfitMargin="0"
OperatingMarginTTM="0"
ReturnOnAssetsTTM="0.0494"
ReturnOnEquityTTM="0.334"
RevenueTTM="24248001000"
GrossProfitTTM="5247000000"
DilutedEPSTTM="1.6"
QuarterlyEarningsGrowthYOY="0.458"
QuarterlyRevenueGrowthYOY="0.15"
AnalystTargetPrice="18.95"
TrailingPE="9.1"
ForwardPE="10.46"
PriceToSalesRatioTTM="0.594"
PriceToBookRatio="3.432"
EVToRevenue="1.105"
EVToEBITDA="9.6"
Beta="1.677"
num_52WeekHigh="17.5"
num_52WeekLow="10.6"
num_50DayMovingAverage="14.32"
num_200DayMovingAverage="15.0"
SharesOutstanding="1332800000"
DividendDate="2023-05-03"
ExDividendDate="2023-04-24"
symbol="CNHI"
open="14.49"
high="14.57"
low="14.36"
price="14.41"
volume="6394134.00"
latest_trading_day="2023-08-02"
previous_close="14.56"
change="-0.15"
change_percent="-1.0302%"
aroon_positive_momentum_days="22"
aroon_negative_momentum_days="0"
trend_strength="Absent or Weak Trend"
buying_signal="Weak Buy Signal"
volume_analysis="Target Volume"
value_analysis="Expected Range"
Aroon_change="FALSE"
Aroon_momentum="22"
Volume_recent_avg="6186492"
Change_recent_avg="0.01"
Delta_recent_avg="0.31"
Variance_recent_avg="0.16"
Change_ratio_recent_avg="0.01"
RSI_change="FALSE"
ADX_change="FALSE"

event="FALSE"
Aroon_signal="positive"
Aroon_change="FALSE"
Aroon_momentum_positive="22"
Aroon_momentum_negative="78"
image_negative_thumbnail_id_1="507"
image_negative_url_1="https://hehge.com/wp-content/uploads/sites/16/2023/06/MI_Finance_Negative_Landscape_0098.jpeg"
image_negative_thumbnail_id_2="105"
image_negative_url_2="https://hehge.com/wp-content/uploads/sites/16/2023/05/MI_Finance_Negative_Landscape_0071.jpeg"
image_neutral_thumbnail_id_1="531"
image_neutral_url_1="https://hehge.com/wp-content/uploads/sites/16/2023/06/MI_Finance_Neutral_Landscape_0068.jpeg"
image_neutral_thumbnail_id_2="570"
image_neutral_url_2="https://hehge.com/wp-content/uploads/sites/16/2023/06/MI_Finance_Neutral_Landscape_0029.jpeg"
image_positive_thumbnail_id_1="654"
image_positive_url_1="https://hehge.com/wp-content/uploads/sites/16/2023/06/MI_Finance_Positive_Landscape_0054.jpeg"
image_positive_thumbnail_id_2="988"
image_positive_url_2="https://hehge.com/wp-content/uploads/sites/16/2023/06/MI_Finance_Positive_Landscape_0150.jpeg"
image_professor_thumbnail_id_1="1200"
image_professor_url_1="https://hehge.com/wp-content/uploads/sites/16/2023/06/MI_Finance_Professor_Landscape_0034.jpeg"
image_professor_thumbnail_id_2="1202"
image_professor_url_2="https://hehge.com/wp-content/uploads/sites/16/2023/06/MI_Finance_Professor_Landscape_0036.jpeg"
