Symbol="CAT"
AssetType="Common Stock"
Name="Caterpillar Inc"
Description="Caterpillar Inc. (often shortened to CAT) is an American Fortune 100 corporation that designs, develops, engineers, manufactures, markets, and sells machinery, engines, financial products, and insurance to customers via a worldwide dealer network."
CIK="18230"
Exchange="NYSE"
Currency="USD"
Country="USA"
Sector="TECHNOLOGY"
Industry="CONSTRUCTION MACHINERY & EQUIP"
Address="510 LAKE COOK ROAD, SUITE 100, DEERFIELD, IL, US"
FiscalYearEnd="December"
LatestQuarter="2023-03-31"
MarketCapitalization="130307700000"
EBITDA="12711999000"
PERatio="16.69"
PEGRatio="1.557"
BookValue="35.16"
DividendPerShare="3.6"
DividendYield="0.0219"
EPS="13.53"
RevenuePerShareTTM="118.13"
ProfitMargin="0.115"
OperatingMarginTTM="0.172"
ReturnOnAssetsTTM="0.0798"
ReturnOnEquityTTM="40.39"
RevenueTTM="61700002000"
GrossProfitTTM="15565000000"
DilutedEPSTTM="13.52"
QuarterlyEarningsGrowthYOY="0.308"
QuarterlyRevenueGrowthYOY="0.167"
AnalystTargetPrice="242.13"
TrailingPE="18.7"
ForwardPE="15.9"
PriceToSalesRatioTTM="2.12"
PriceToBookRatio="7.83"
EVToRevenue="2.688"
EVToEBITDA="12.79"
Beta="1.08"
num_52WeekHigh="264.6"
num_52WeekLow="157.92"
num_50DayMovingAverage="226.82"
num_200DayMovingAverage="225.82"
SharesOutstanding="516346000"
DividendDate="2023-08-18"
ExDividendDate="2023-04-21"
symbol="CAT"
open="254.56"
high="256.46"
low="252.74"
price="255.86"
volume="1949520.00"
latest_trading_day="2023-07-13"
previous_close="253.60"
change="2.26"
change_percent="0.8912%"
aroon_positive_momentum_days="39"
aroon_negative_momentum_days="0"
trend_strength="Absent or Weak Trend"
buying_signal="Strong Buy Signal"
volume_analysis="Target Volume"
value_analysis="Expected Range"
Aroon_change="FALSE"
Aroon_momentum="39"
Volume_recent_avg="3143564"
Change_recent_avg="0.03"
Delta_recent_avg="5.36"
Variance_recent_avg="2.68"
Change_ratio_recent_avg="0.01"
RSI_change="FALSE"
ADX_change="FALSE"

event="FALSE"
Aroon_signal="positive"
Aroon_change="FALSE"
Aroon_momentum_positive="39"
Aroon_momentum_negative="61"
image_negative_thumbnail_id_1="497"
image_negative_url_1="https://hehge.com/wp-content/uploads/sites/16/2023/06/MI_Finance_Negative_Landscape_0108.jpeg"
image_negative_thumbnail_id_2="109"
image_negative_url_2="https://hehge.com/wp-content/uploads/sites/16/2023/05/MI_Finance_Negative_Landscape_0067.jpeg"
image_neutral_thumbnail_id_1="596"
image_neutral_url_1="https://hehge.com/wp-content/uploads/sites/16/2023/06/MI_Finance_Neutral_Landscape_0003.jpeg"
image_neutral_thumbnail_id_2="582"
image_neutral_url_2="https://hehge.com/wp-content/uploads/sites/16/2023/06/MI_Finance_Neutral_Landscape_0017.jpeg"
image_positive_thumbnail_id_1="689"
image_positive_url_1="https://hehge.com/wp-content/uploads/sites/16/2023/06/MI_Finance_Positive_Landscape_0019.jpeg"
image_positive_thumbnail_id_2="706"
image_positive_url_2="https://hehge.com/wp-content/uploads/sites/16/2023/06/MI_Finance_Positive_Landscape_0002.jpeg"
image_professor_thumbnail_id_1="1179"
image_professor_url_1="https://hehge.com/wp-content/uploads/sites/16/2023/06/MI_Finance_Professor_Landscape_0013.jpeg"
image_professor_thumbnail_id_2="1196"
image_professor_url_2="https://hehge.com/wp-content/uploads/sites/16/2023/06/MI_Finance_Professor_Landscape_0030.jpeg"
