Symbol="ZWS"
AssetType="Common Stock"
Name="Zurn Elkay Water Solutions Corporation"
Description="Zurn Water Solutions Corporation designs, acquires, manufactures, and markets water system solutions that provide and improve water quality, safety, flow control, and conservation in and around non-residential buildings. The company is headquartered in Milwaukee, Wisconsin."
CIK="1439288"
Exchange="NYSE"
Currency="USD"
Country="USA"
Sector="TECHNOLOGY"
Industry="GENERAL INDUSTRIAL MACHINERY & EQUIPMENT"
Address="511 WEST FRESHWATER WAY, MILWAUKEE, WI, US"
FiscalYearEnd="March"
LatestQuarter="2023-03-31"
MarketCapitalization="4555038000"
EBITDA="229800000"
PERatio="38.81"
PEGRatio="1.084"
BookValue="9.13"
DividendPerShare="0.24"
DividendYield="0.0104"
EPS="0.38"
RevenuePerShareTTM="8.62"
ProfitMargin="0.0384"
OperatingMarginTTM="0.112"
ReturnOnAssetsTTM="0.0502"
ReturnOnEquityTTM="5.6"
RevenueTTM="1414300000"
GrossProfitTTM="465500000"
DilutedEPSTTM="0.26"
QuarterlyEarningsGrowthYOY="-0.453"
QuarterlyRevenueGrowthYOY="0.553"
AnalystTargetPrice="26.43"
TrailingPE="100.38"
ForwardPE="21.69"
PriceToSalesRatioTTM="3.29"
PriceToBookRatio="2.664"
EVToRevenue="5.33"
EVToEBITDA="39.84"
Beta="1.104"
num_52WeekHigh="32.49"
num_52WeekLow="19.23"
num_50DayMovingAverage="23.69"
num_200DayMovingAverage="22.97"
SharesOutstanding="174523000"
DividendDate="2023-06-07"
ExDividendDate="2023-05-18"
symbol="ZWS"
open="25.86"
high="26.50"
low="25.85"
price="26.10"
volume="795804.00"
latest_trading_day="2023-07-07"
previous_close="25.85"
change="0.25"
change_percent="0.9671%"
image_negative_thumbnail_id_1="174"
image_negative_url_1="https://hehge.com/wp-content/uploads/sites/16/2023/05/MI_Finance_Negative_Landscape_0002.jpeg"
image_negative_thumbnail_id_2="1111"
image_negative_url_2="https://hehge.com/wp-content/uploads/sites/16/2023/06/MI_Finance_Negative_Landscape_0144.jpeg"
image_neutral_thumbnail_id_1="573"
image_neutral_url_1="https://hehge.com/wp-content/uploads/sites/16/2023/06/MI_Finance_Neutral_Landscape_0026.jpeg"
image_neutral_thumbnail_id_2="530"
image_neutral_url_2="https://hehge.com/wp-content/uploads/sites/16/2023/06/MI_Finance_Neutral_Landscape_0069.jpeg"
image_positive_thumbnail_id_1="657"
image_positive_url_1="https://hehge.com/wp-content/uploads/sites/16/2023/06/MI_Finance_Positive_Landscape_0051.jpeg"
image_positive_thumbnail_id_2="981"
image_positive_url_2="https://hehge.com/wp-content/uploads/sites/16/2023/06/MI_Finance_Positive_Landscape_0143.jpeg"
image_professor_thumbnail_id_1="1194"
image_professor_url_1="https://hehge.com/wp-content/uploads/sites/16/2023/06/MI_Finance_Professor_Landscape_0028.jpeg"
image_professor_thumbnail_id_2="1184"
image_professor_url_2="https://hehge.com/wp-content/uploads/sites/16/2023/06/MI_Finance_Professor_Landscape_0018.jpeg"
