Symbol="MTC"
AssetType="Common Stock"
Name="MMTEC Inc"
Description="Mmtec, Inc. develops and deploys platforms that enable financial institutions to participate in securities market transactions and settlements in the People's Republic of China. The company is headquartered in Beijing, the People's Republic of China."
CIK="1742518"
Exchange="NASDAQ"
Currency="USD"
Country="China"
Sector="TECHNOLOGY"
Industry="SERVICES-PREPACKAGED SOFTWARE"
Address="C/O GUJIA(BEIJING) TECHNOLOGY CO LTD, RM 608A AIR CHINA CEN BLDG 40 XIAOYUN RD, CHAOYANG DISTRICT, BEIJING, CHINA"
FiscalYearEnd="December"
LatestQuarter="2023-03-31"
MarketCapitalization="60453000"
EBITDA="-5826187"
PERatio="None"
PEGRatio="None"
BookValue="1.824"
DividendPerShare="0"
DividendYield="0"
EPS="-1.43"
RevenuePerShareTTM="0.314"
ProfitMargin="0"
OperatingMarginTTM="-5.36"
ReturnOnAssetsTTM="-0.283"
ReturnOnEquityTTM="-0.497"
RevenueTTM="1099100"
GrossProfitTTM="511730"
DilutedEPSTTM="-1.43"
QuarterlyEarningsGrowthYOY="0"
QuarterlyRevenueGrowthYOY="1.505"
AnalystTargetPrice="None"
TrailingPE="-"
ForwardPE="-"
PriceToSalesRatioTTM="3.202"
PriceToBookRatio="0.272"
EVToRevenue="2.679"
EVToEBITDA="0.446"
Beta="2.297"
num_52WeekHigh="8.29"
num_52WeekLow="0.61"
num_50DayMovingAverage="0.856"
num_200DayMovingAverage="1.096"
SharesOutstanding="3137000"
DividendDate="None"
ExDividendDate="None"
symbol="MTC"
open="0.70"
high="0.74"
low="0.70"
price="0.74"
volume="22422.00"
latest_trading_day="2023-07-11"
previous_close="0.71"
change="0.03"
change_percent="4.9155%"
aroon_positive_momentum_days="0"
aroon_negative_momentum_days="42"
trend_strength="Absent or Weak Trend"
buying_signal="Strong Sell Signal"
volume_analysis="Target Volume"
value_analysis="Expected Range"
Aroon_change="FALSE"
Aroon_momentum="58"
Volume_recent_avg="929940"
Change_recent_avg="0.01"
Delta_recent_avg="0.21"
Variance_recent_avg="0.11"
Change_ratio_recent_avg="-0.45"
RSI_change="FALSE"
ADX_change="FALSE"

event="FALSE"
Aroon_signal="negative"
Aroon_change="FALSE"
Aroon_momentum_positive="58"
Aroon_momentum_negative="42"
image_negative_thumbnail_id_1="511"
image_negative_url_1="https://hehge.com/wp-content/uploads/sites/16/2023/06/MI_Finance_Negative_Landscape_0094.jpeg"
image_negative_thumbnail_id_2="1158"
image_negative_url_2="https://hehge.com/wp-content/uploads/sites/16/2023/06/MI_Finance_Negative_Landscape_0192.jpeg"
image_neutral_thumbnail_id_1="596"
image_neutral_url_1="https://hehge.com/wp-content/uploads/sites/16/2023/06/MI_Finance_Neutral_Landscape_0003.jpeg"
image_neutral_thumbnail_id_2="564"
image_neutral_url_2="https://hehge.com/wp-content/uploads/sites/16/2023/06/MI_Finance_Neutral_Landscape_0035.jpeg"
image_positive_thumbnail_id_1="645"
image_positive_url_1="https://hehge.com/wp-content/uploads/sites/16/2023/06/MI_Finance_Positive_Landscape_0063.jpeg"
image_positive_thumbnail_id_2="1006"
image_positive_url_2="https://hehge.com/wp-content/uploads/sites/16/2023/06/MI_Finance_Positive_Landscape_0168.jpeg"
image_professor_thumbnail_id_1="1183"
image_professor_url_1="https://hehge.com/wp-content/uploads/sites/16/2023/06/MI_Finance_Professor_Landscape_0017.jpeg"
image_professor_thumbnail_id_2="1189"
image_professor_url_2="https://hehge.com/wp-content/uploads/sites/16/2023/06/MI_Finance_Professor_Landscape_0023.jpeg"
