Symbol="APPN"
AssetType="Common Stock"
Name="Appian Corp"
Description="Appian Corporation provides a low-code automation platform in the United States and internationally. The company is headquartered in McLean, Virginia."
CIK="1441683"
Exchange="NASDAQ"
Currency="USD"
Country="USA"
Sector="TECHNOLOGY"
Industry="SERVICES-PREPACKAGED SOFTWARE"
Address="7950 JONES BRANCH DRIVE, TYSONS, VA, US"
FiscalYearEnd="December"
LatestQuarter="2023-03-31"
MarketCapitalization="3734329000"
EBITDA="-148544000"
PERatio="None"
PEGRatio="0"
BookValue="1.595"
DividendPerShare="0"
DividendYield="0"
EPS="-2.36"
RevenuePerShareTTM="6.73"
ProfitMargin="-0.337"
OperatingMarginTTM="-0.32"
ReturnOnAssetsTTM="-0.17"
ReturnOnEquityTTM="-0.917"
RevenueTTM="488960000"
GrossProfitTTM="334685000"
DilutedEPSTTM="-2.36"
QuarterlyEarningsGrowthYOY="0"
QuarterlyRevenueGrowthYOY="0.184"
AnalystTargetPrice="45.93"
TrailingPE="-"
ForwardPE="-"
PriceToSalesRatioTTM="5.69"
PriceToBookRatio="15.92"
EVToRevenue="6.08"
EVToEBITDA="-20.07"
Beta="1.636"
num_52WeekHigh="57.47"
num_52WeekLow="29.8"
num_50DayMovingAverage="43.65"
num_200DayMovingAverage="40.95"
SharesOutstanding="41663900"
DividendDate="None"
ExDividendDate="None"
symbol="APPN"
open="52.00"
high="52.13"
low="49.64"
price="50.37"
volume="290325.00"
latest_trading_day="2023-07-12"
previous_close="51.01"
change="-0.64"
change_percent="-1.2547%"
aroon_positive_momentum_days="70"
aroon_negative_momentum_days="0"
trend_strength="Absent or Weak Trend"
buying_signal="Weak Buy Signal"
volume_analysis="Target Volume"
value_analysis="Expected Range"
Aroon_change="FALSE"
Aroon_momentum="70"
Volume_recent_avg="338538"
Change_recent_avg="0.04"
Delta_recent_avg="1.82"
Variance_recent_avg="0.91"
Change_ratio_recent_avg="0.04"
RSI_change="FALSE"
ADX_change="FALSE"

event="FALSE"
Aroon_signal="positive"
Aroon_change="FALSE"
Aroon_momentum_positive="70"
Aroon_momentum_negative="30"
image_negative_thumbnail_id_1="168"
image_negative_url_1="https://hehge.com/wp-content/uploads/sites/16/2023/05/MI_Finance_Negative_Landscape_0008.jpeg"
image_negative_thumbnail_id_2="115"
image_negative_url_2="https://hehge.com/wp-content/uploads/sites/16/2023/05/MI_Finance_Negative_Landscape_0061.jpeg"
image_neutral_thumbnail_id_1="530"
image_neutral_url_1="https://hehge.com/wp-content/uploads/sites/16/2023/06/MI_Finance_Neutral_Landscape_0069.jpeg"
image_neutral_thumbnail_id_2="544"
image_neutral_url_2="https://hehge.com/wp-content/uploads/sites/16/2023/06/MI_Finance_Neutral_Landscape_0055.jpeg"
image_positive_thumbnail_id_1="962"
image_positive_url_1="https://hehge.com/wp-content/uploads/sites/16/2023/06/MI_Finance_Positive_Landscape_0124.jpeg"
image_positive_thumbnail_id_2="700"
image_positive_url_2="https://hehge.com/wp-content/uploads/sites/16/2023/06/MI_Finance_Positive_Landscape_0008.jpeg"
image_professor_thumbnail_id_1="1181"
image_professor_url_1="https://hehge.com/wp-content/uploads/sites/16/2023/06/MI_Finance_Professor_Landscape_0015.jpeg"
image_professor_thumbnail_id_2="1190"
image_professor_url_2="https://hehge.com/wp-content/uploads/sites/16/2023/06/MI_Finance_Professor_Landscape_0024.jpeg"
