Symbol="PT"
AssetType="Common Stock"
Name="Pintec Technology Holdings Ltd"
Description="Pintec Technology Holdings Limited, operates an online technology platform that enables financial services in the People's Republic of China. The company is headquartered in Beijing, the People's Republic of China."
CIK="1716338"
Exchange="NASDAQ"
Currency="USD"
Country="China"
Sector="TECHNOLOGY"
Industry="SERVICES-COMPUTER PROGRAMMING, DATA PROCESSING, ETC."
Address="216, 2F EAST GATE, PACIFIC CENTURY PLACE, NO.A2 N. GONG TI ROAD, CHAOYANG DISTRICT, BEIJING, CHINA"
FiscalYearEnd="December"
LatestQuarter="2021-12-31"
MarketCapitalization="18818600"
EBITDA="-75968000"
PERatio="None"
PEGRatio="None"
BookValue="-46.33"
DividendPerShare="0"
DividendYield="0"
EPS="-3.12"
RevenuePerShareTTM="8.7"
ProfitMargin="-2.55"
OperatingMarginTTM="-1.093"
ReturnOnAssetsTTM="-0.079"
ReturnOnEquityTTM="-1.702"
RevenueTTM="74568000"
GrossProfitTTM="11880000"
DilutedEPSTTM="-3.12"
QuarterlyEarningsGrowthYOY="0"
QuarterlyRevenueGrowthYOY="-0.574"
AnalystTargetPrice="None"
TrailingPE="-"
ForwardPE="-"
PriceToSalesRatioTTM="0.0275"
PriceToBookRatio="2.535"
EVToRevenue="0.171"
EVToEBITDA="-0.517"
Beta="0.343"
num_52WeekHigh="1.49"
num_52WeekLow="0.25"
num_50DayMovingAverage="0.959"
num_200DayMovingAverage="0.701"
SharesOutstanding="15948000"
DividendDate="None"
ExDividendDate="None"
symbol="PT"
open="1.16"
high="1.26"
low="1.14"
price="1.18"
volume="304901.00"
latest_trading_day="2023-07-26"
previous_close="1.13"
change="0.05"
change_percent="4.4248%"
aroon_positive_momentum_days="75"
aroon_negative_momentum_days="0"
trend_strength="Absent or Weak Trend"
buying_signal="Strong Buy Signal"
volume_analysis="Target Volume"
value_analysis="Expected Range"
Aroon_change="FALSE"
Aroon_momentum="75"
Volume_recent_avg="74973"
Change_recent_avg="0.01"
Delta_recent_avg="0.11"
Variance_recent_avg="0.06"
Change_ratio_recent_avg="-0.17"
RSI_change="FALSE"
ADX_change="FALSE"

event="FALSE"
Aroon_signal="positive"
Aroon_change="FALSE"
Aroon_momentum_positive="75"
Aroon_momentum_negative="25"
image_negative_thumbnail_id_1="105"
image_negative_url_1="https://hehge.com/wp-content/uploads/sites/16/2023/05/MI_Finance_Negative_Landscape_0071.jpeg"
image_negative_thumbnail_id_2="510"
image_negative_url_2="https://hehge.com/wp-content/uploads/sites/16/2023/06/MI_Finance_Negative_Landscape_0095.jpeg"
image_neutral_thumbnail_id_1="564"
image_neutral_url_1="https://hehge.com/wp-content/uploads/sites/16/2023/06/MI_Finance_Neutral_Landscape_0035.jpeg"
image_neutral_thumbnail_id_2="588"
image_neutral_url_2="https://hehge.com/wp-content/uploads/sites/16/2023/06/MI_Finance_Neutral_Landscape_0011.jpeg"
image_positive_thumbnail_id_1="599"
image_positive_url_1="https://hehge.com/wp-content/uploads/sites/16/2023/06/MI_Finance_Positive_Landscape_0109.jpeg"
image_positive_thumbnail_id_2="676"
image_positive_url_2="https://hehge.com/wp-content/uploads/sites/16/2023/06/MI_Finance_Positive_Landscape_0032.jpeg"
image_professor_thumbnail_id_1="1191"
image_professor_url_1="https://hehge.com/wp-content/uploads/sites/16/2023/06/MI_Finance_Professor_Landscape_0025.jpeg"
image_professor_thumbnail_id_2="1174"
image_professor_url_2="https://hehge.com/wp-content/uploads/sites/16/2023/06/MI_Finance_Professor_Landscape_0008.jpeg"
