Symbol="ARTW"
AssetType="Common Stock"
Name="Arts-Way Manufacturing Co Inc"
Description="Art's-Way Manufacturing Co., Inc. manufactures and sells agricultural equipment, specialized modular science buildings, and steel cutting tools in the United States and internationally. The company is headquartered in Armstrong, Iowa."
CIK="7623"
Exchange="NASDAQ"
Currency="USD"
Country="USA"
Sector="TECHNOLOGY"
Industry="FARM MACHINERY & EQUIPMENT"
Address="P O BOX 288, ARMSTRONG, IA, US"
FiscalYearEnd="November"
LatestQuarter="2023-02-28"
MarketCapitalization="11720100"
EBITDA="2196700"
PERatio="13"
PEGRatio="0"
BookValue="2.295"
DividendPerShare="0"
DividendYield="0"
EPS="0.18"
RevenuePerShareTTM="6.38"
ProfitMargin="0.0276"
OperatingMarginTTM="0.043"
ReturnOnAssetsTTM="0.0355"
ReturnOnEquityTTM="0.0787"
RevenueTTM="30681400"
GrossProfitTTM="7306700"
DilutedEPSTTM="0.18"
QuarterlyEarningsGrowthYOY="-0.801"
QuarterlyRevenueGrowthYOY="0.407"
AnalystTargetPrice="7"
TrailingPE="13"
ForwardPE="-"
PriceToSalesRatioTTM="0.331"
PriceToBookRatio="0.861"
EVToRevenue="0.629"
EVToEBITDA="10.95"
Beta="0.489"
num_52WeekHigh="3.11"
num_52WeekLow="1.8"
num_50DayMovingAverage="2.491"
num_200DayMovingAverage="2.224"
SharesOutstanding="5008600"
DividendDate="2015-03-02"
ExDividendDate="2015-02-10"
symbol="ARTW"
open="2.43"
high="2.43"
low="2.30"
price="2.30"
volume="5741.00"
latest_trading_day="2023-07-05"
previous_close="2.34"
change="-0.04"
change_percent="-1.6752%"
aroon_positive_momentum_days="96"
aroon_negative_momentum_days="0"
trend_strength="Absent or Weak Trend"
buying_signal="High Volatility / Hold Signal"
volume_analysis="Target Volume"
value_analysis="Expected Range"
Aroon_change="FALSE"
Aroon_momentum="96"
Volume_recent_avg="12342"
Change_recent_avg="-0.01"
Delta_recent_avg="0.11"
Variance_recent_avg="0.05"
Change_ratio_recent_avg="-0.6"
RSI_change="FALSE"
ADX_change="FALSE"

event="FALSE"
Aroon_signal="positive"
Aroon_change="FALSE"
Aroon_momentum_positive="96"
Aroon_momentum_negative="4"
image_negative_thumbnail_id_1="1103"
image_negative_url_1="https://hehge.com/wp-content/uploads/sites/16/2023/06/MI_Finance_Negative_Landscape_0136.jpeg"
image_negative_thumbnail_id_2="144"
image_negative_url_2="https://hehge.com/wp-content/uploads/sites/16/2023/05/MI_Finance_Negative_Landscape_0032.jpeg"
image_neutral_thumbnail_id_1="582"
image_neutral_url_1="https://hehge.com/wp-content/uploads/sites/16/2023/06/MI_Finance_Neutral_Landscape_0017.jpeg"
image_neutral_thumbnail_id_2="586"
image_neutral_url_2="https://hehge.com/wp-content/uploads/sites/16/2023/06/MI_Finance_Neutral_Landscape_0013.jpeg"
image_positive_thumbnail_id_1="980"
image_positive_url_1="https://hehge.com/wp-content/uploads/sites/16/2023/06/MI_Finance_Positive_Landscape_0142.jpeg"
image_positive_thumbnail_id_2="987"
image_positive_url_2="https://hehge.com/wp-content/uploads/sites/16/2023/06/MI_Finance_Positive_Landscape_0149.jpeg"
image_professor_thumbnail_id_1="1187"
image_professor_url_1="https://hehge.com/wp-content/uploads/sites/16/2023/06/MI_Finance_Professor_Landscape_0021.jpeg"
image_professor_thumbnail_id_2="1178"
image_professor_url_2="https://hehge.com/wp-content/uploads/sites/16/2023/06/MI_Finance_Professor_Landscape_0012.jpeg"
