Symbol="MBAC"
AssetType="Common Stock"
Name="M3-Brigade Acquisition II Corp"
Description="M3-Brigade Acquisition II Corp. The company is headquartered in New York, New York."
CIK="1839175"
Exchange="NYSE"
Currency="USD"
Country="USA"
Sector="TECHNOLOGY"
Industry="COMMUNICATIONS SERVICES, NEC"
Address="130 WEST 42ND STREET, 17TH FLOOR, NEW YORK, NY, US"
FiscalYearEnd="December"
LatestQuarter="2023-03-31"
MarketCapitalization="149440000"
EBITDA="None"
PERatio="102.8"
PEGRatio="None"
BookValue="-1.346"
DividendPerShare="0"
DividendYield="0"
EPS="0.1"
RevenuePerShareTTM="0"
ProfitMargin="0"
OperatingMarginTTM="0"
ReturnOnAssetsTTM="-0.0062"
ReturnOnEquityTTM="0"
RevenueTTM="0"
GrossProfitTTM="0"
DilutedEPSTTM="0.1"
QuarterlyEarningsGrowthYOY="-0.94"
QuarterlyRevenueGrowthYOY="0"
AnalystTargetPrice="None"
TrailingPE="102.8"
ForwardPE="-"
PriceToSalesRatioTTM="-"
PriceToBookRatio="1.291"
EVToRevenue="-"
EVToEBITDA="-361.13"
Beta="0.0296"
num_52WeekHigh="10.56"
num_52WeekLow="9.44"
num_50DayMovingAverage="10.18"
num_200DayMovingAverage="10.04"
SharesOutstanding="4537000"
DividendDate="None"
ExDividendDate="None"
symbol="MBAC"
open="10.25"
high="10.28"
low="10.24"
price="10.28"
volume="47181.00"
latest_trading_day="2023-07-14"
previous_close="10.24"
change="0.04"
change_percent="0.3906%"
aroon_positive_momentum_days="65"
aroon_negative_momentum_days="0"
trend_strength="Strong Trend"
buying_signal="High Volatility / Hold Signal"
volume_analysis="Trending Low"
value_analysis="Bearish Trend"
Aroon_change="FALSE"
Aroon_momentum="65"
Volume_recent_avg="70608"
Change_recent_avg="0.01"
Delta_recent_avg="0.03"
Variance_recent_avg="0.02"
Change_ratio_recent_avg="-0.02"
RSI_change="FALSE"
ADX_change="FALSE"

event="FALSE"
Aroon_signal="positive"
Aroon_change="FALSE"
Aroon_momentum_positive="65"
Aroon_momentum_negative="35"
image_negative_thumbnail_id_1="493"
image_negative_url_1="https://hehge.com/wp-content/uploads/sites/16/2023/06/MI_Finance_Negative_Landscape_0112.jpeg"
image_negative_thumbnail_id_2="500"
image_negative_url_2="https://hehge.com/wp-content/uploads/sites/16/2023/06/MI_Finance_Negative_Landscape_0105.jpeg"
image_neutral_thumbnail_id_1="591"
image_neutral_url_1="https://hehge.com/wp-content/uploads/sites/16/2023/06/MI_Finance_Neutral_Landscape_0008.jpeg"
image_neutral_thumbnail_id_2="558"
image_neutral_url_2="https://hehge.com/wp-content/uploads/sites/16/2023/06/MI_Finance_Neutral_Landscape_0041.jpeg"
image_positive_thumbnail_id_1="603"
image_positive_url_1="https://hehge.com/wp-content/uploads/sites/16/2023/06/MI_Finance_Positive_Landscape_0105.jpeg"
image_positive_thumbnail_id_2="700"
image_positive_url_2="https://hehge.com/wp-content/uploads/sites/16/2023/06/MI_Finance_Positive_Landscape_0008.jpeg"
image_professor_thumbnail_id_1="1184"
image_professor_url_1="https://hehge.com/wp-content/uploads/sites/16/2023/06/MI_Finance_Professor_Landscape_0018.jpeg"
image_professor_thumbnail_id_2="1196"
image_professor_url_2="https://hehge.com/wp-content/uploads/sites/16/2023/06/MI_Finance_Professor_Landscape_0030.jpeg"
aroon_positive_momentum_days="65"
aroon_negative_momentum_days="0"
trend_strength="Strong Trend"
buying_signal="High Volatility / Hold Signal"
volume_analysis="Trending Low"
value_analysis="Bearish Trend"
Aroon_change="FALSE"
Aroon_momentum="65"
Volume_recent_avg="70608"
Change_recent_avg="0.01"
Delta_recent_avg="0.03"
Variance_recent_avg="0.02"
Change_ratio_recent_avg="-0.02"
RSI_change="FALSE"
ADX_change="FALSE"

event="FALSE"
Aroon_signal="positive"
Aroon_change="FALSE"
Aroon_momentum_positive="65"
Aroon_momentum_negative="35"
image_negative_thumbnail_id_1="146"
image_negative_url_1="https://hehge.com/wp-content/uploads/sites/16/2023/05/MI_Finance_Negative_Landscape_0030.jpeg"
image_negative_thumbnail_id_2="501"
image_negative_url_2="https://hehge.com/wp-content/uploads/sites/16/2023/06/MI_Finance_Negative_Landscape_0104.jpeg"
image_neutral_thumbnail_id_1="580"
image_neutral_url_1="https://hehge.com/wp-content/uploads/sites/16/2023/06/MI_Finance_Neutral_Landscape_0019.jpeg"
image_neutral_thumbnail_id_2="557"
image_neutral_url_2="https://hehge.com/wp-content/uploads/sites/16/2023/06/MI_Finance_Neutral_Landscape_0042.jpeg"
image_positive_thumbnail_id_1="669"
image_positive_url_1="https://hehge.com/wp-content/uploads/sites/16/2023/06/MI_Finance_Positive_Landscape_0039.jpeg"
image_positive_thumbnail_id_2="688"
image_positive_url_2="https://hehge.com/wp-content/uploads/sites/16/2023/06/MI_Finance_Positive_Landscape_0020.jpeg"
image_professor_thumbnail_id_1="1198"
image_professor_url_1="https://hehge.com/wp-content/uploads/sites/16/2023/06/MI_Finance_Professor_Landscape_0032.jpeg"
image_professor_thumbnail_id_2="1192"
image_professor_url_2="https://hehge.com/wp-content/uploads/sites/16/2023/06/MI_Finance_Professor_Landscape_0026.jpeg"
