Symbol="GOOGL"
AssetType="Common Stock"
Name="Alphabet Inc Class A"
Description="Alphabet Inc. is an American multinational conglomerate headquartered in Mountain View, California. It was created through a restructuring of Google on October 2, 2015, and became the parent company of Google and several former Google subsidiaries. The two co-founders of Google remained as controlling shareholders, board members, and employees at Alphabet. Alphabet is the world's fourth-largest technology company by revenue and one of the world's most valuable companies."
CIK="1652044"
Exchange="NASDAQ"
Currency="USD"
Country="USA"
Sector="TECHNOLOGY"
Industry="SERVICES-COMPUTER PROGRAMMING, DATA PROCESSING, ETC."
Address="1600 AMPHITHEATRE PARKWAY, MOUNTAIN VIEW, CA, US"
FiscalYearEnd="December"
LatestQuarter="2023-06-30"
MarketCapitalization="1674196000000"
EBITDA="87495999000"
PERatio="29.09"
PEGRatio="1.34"
BookValue="20.51"
DividendPerShare="0"
DividendYield="0"
EPS="4.567"
RevenuePerShareTTM="21.96"
ProfitMargin="0.206"
OperatingMarginTTM="0.254"
ReturnOnAssetsTTM="0.124"
ReturnOnEquityTTM="23.33"
RevenueTTM="284612002000"
GrossProfitTTM="156633000000"
DilutedEPSTTM="4.4"
QuarterlyEarningsGrowthYOY="-0.047"
QuarterlyRevenueGrowthYOY="0.026"
AnalystTargetPrice="145.69"
TrailingPE="30.13"
ForwardPE="17.79"
PriceToSalesRatioTTM="4.173"
PriceToBookRatio="4.852"
EVToRevenue="4.057"
EVToEBITDA="12.16"
Beta="1.053"
num_52WeekHigh="133.74"
num_52WeekLow="83.34"
num_50DayMovingAverage="122.62"
num_200DayMovingAverage="104.0"
SharesOutstanding="5941000000"
DividendDate="None"
ExDividendDate="None"
symbol="GOOGL"
open="130.78"
high="133.74"
low="130.57"
price="132.58"
volume="36591158.00"
latest_trading_day="2023-07-28"
previous_close="129.40"
change="3.18"
change_percent="2.4575%"
aroon_positive_momentum_days="100"
aroon_negative_momentum_days="0"
trend_strength="Absent or Weak Trend"
buying_signal="Strong Buy Signal"
volume_analysis="Target Volume"
value_analysis="Expected Range"
Aroon_change="FALSE"
Aroon_momentum="100"
Volume_recent_avg="34891142"
Change_recent_avg="0.28"
Delta_recent_avg="2.73"
Variance_recent_avg="1.37"
Change_ratio_recent_avg="0.25"
RSI_change="FALSE"
ADX_change="FALSE"
Aroon_signal="positive"
Aroon_change="FALSE"
Aroon_momentum_positive="100"
Aroon_momentum_negative="0"
image_negative_thumbnail_id_1="125"
image_negative_url_1="https://hehge.com/wp-content/uploads/sites/16/2023/05/MI_Finance_Negative_Landscape_0051.jpeg"
image_negative_thumbnail_id_2="492"
image_negative_url_2="https://hehge.com/wp-content/uploads/sites/16/2023/06/MI_Finance_Negative_Landscape_0113.jpeg"
image_neutral_thumbnail_id_1="578"
image_neutral_url_1="https://hehge.com/wp-content/uploads/sites/16/2023/06/MI_Finance_Neutral_Landscape_0021.jpeg"
image_neutral_thumbnail_id_2="551"
image_neutral_url_2="https://hehge.com/wp-content/uploads/sites/16/2023/06/MI_Finance_Neutral_Landscape_0048.jpeg"
image_positive_thumbnail_id_1="1008"
image_positive_url_1="https://hehge.com/wp-content/uploads/sites/16/2023/06/MI_Finance_Positive_Landscape_0170.jpeg"
image_positive_thumbnail_id_2="636"
image_positive_url_2="https://hehge.com/wp-content/uploads/sites/16/2023/06/MI_Finance_Positive_Landscape_0072.jpeg"
image_professor_thumbnail_id_1="1168"
image_professor_url_1="https://hehge.com/wp-content/uploads/sites/16/2023/06/MI_Finance_Professor_Landscape_0002.jpeg"
image_professor_thumbnail_id_2="1176"
image_professor_url_2="https://hehge.com/wp-content/uploads/sites/16/2023/06/MI_Finance_Professor_Landscape_0010.jpeg"
