Symbol="ARQQW"
AssetType="Common Stock"
Name="Arqit Quantum Inc. Warrants"
Description="Arqit Limited develops and offers a quantum key distribution network. The company is headquartered in London, United Kingdom."
CIK="1859690"
Exchange="NASDAQ"
Currency="USD"
Country="USA"
Sector="TECHNOLOGY"
Industry="SERVICES-PREPACKAGED SOFTWARE"
Address="NOVA NORTH, 7 FLOOR, 11 BRESSENDEN PLACE, LONDON, GB"
FiscalYearEnd="September"
LatestQuarter="2022-09-30"
MarketCapitalization="None"
EBITDA="-2169960"
PERatio="None"
PEGRatio="None"
BookValue="0.56"
DividendPerShare="None"
DividendYield="0"
EPS="-0.473"
RevenuePerShareTTM="0"
ProfitMargin="0"
OperatingMarginTTM="0"
ReturnOnAssetsTTM="-0.186"
ReturnOnEquityTTM="-0.497"
RevenueTTM="0"
GrossProfitTTM="0"
DilutedEPSTTM="-0.473"
QuarterlyEarningsGrowthYOY="0"
QuarterlyRevenueGrowthYOY="0"
AnalystTargetPrice="None"
TrailingPE="-"
ForwardPE="-"
PriceToSalesRatioTTM="-"
PriceToBookRatio="-"
EVToRevenue="-"
EVToEBITDA="-"
Beta="None"
num_52WeekHigh="1.49"
num_52WeekLow="0.285"
num_50DayMovingAverage="0.37"
num_200DayMovingAverage="0.52"
SharesOutstanding="0"
DividendDate="None"
ExDividendDate="None"
symbol="ARQQW"
open="0.40"
high="0.40"
low="0.34"
price="0.35"
volume="6006.00"
latest_trading_day="2023-07-17"
previous_close="0.34"
change="0.01"
change_percent="2.9109%"
aroon_positive_momentum_days="28"
aroon_negative_momentum_days="0"
trend_strength="Absent or Weak Trend"
buying_signal="High Volatility / Hold Signal"
volume_analysis="Target Volume"
value_analysis="Expected Range"
Aroon_change="FALSE"
Aroon_momentum="28"
Volume_recent_avg="14419"
Change_recent_avg="0.01"
Delta_recent_avg="0.05"
Variance_recent_avg="0.02"
Change_ratio_recent_avg="-0.62"
RSI_change="FALSE"
ADX_change="FALSE"

event="FALSE"
Aroon_signal="positive"
Aroon_change="FALSE"
Aroon_momentum_positive="28"
Aroon_momentum_negative="72"
image_negative_thumbnail_id_1="1159"
image_negative_url_1="https://hehge.com/wp-content/uploads/sites/16/2023/06/MI_Finance_Negative_Landscape_0193.jpeg"
image_negative_thumbnail_id_2="1136"
image_negative_url_2="https://hehge.com/wp-content/uploads/sites/16/2023/06/MI_Finance_Negative_Landscape_0169.jpeg"
image_neutral_thumbnail_id_1="533"
image_neutral_url_1="https://hehge.com/wp-content/uploads/sites/16/2023/06/MI_Finance_Neutral_Landscape_0066.jpeg"
image_neutral_thumbnail_id_2="525"
image_neutral_url_2="https://hehge.com/wp-content/uploads/sites/16/2023/06/MI_Finance_Neutral_Landscape_0074.jpeg"
image_positive_thumbnail_id_1="643"
image_positive_url_1="https://hehge.com/wp-content/uploads/sites/16/2023/06/MI_Finance_Positive_Landscape_0065.jpeg"
image_positive_thumbnail_id_2="699"
image_positive_url_2="https://hehge.com/wp-content/uploads/sites/16/2023/06/MI_Finance_Positive_Landscape_0009.jpeg"
image_professor_thumbnail_id_1="1173"
image_professor_url_1="https://hehge.com/wp-content/uploads/sites/16/2023/06/MI_Finance_Professor_Landscape_0007.jpeg"
image_professor_thumbnail_id_2="1194"
image_professor_url_2="https://hehge.com/wp-content/uploads/sites/16/2023/06/MI_Finance_Professor_Landscape_0028.jpeg"
