Symbol="ERII"
AssetType="Common Stock"
Name="Energy Recovery Inc"
Description="Energy Recovery, Inc. designs, manufactures and sells various solutions for the industrial fluid flow markets worldwide. The company is headquartered in San Leandro, California."
CIK="1421517"
Exchange="NASDAQ"
Currency="USD"
Country="USA"
Sector="TECHNOLOGY"
Industry="SPECIAL INDUSTRY MACHINERY, NEC"
Address="1717 DOOLITTLE DRIVE, SAN LEANDRO, CA, US"
FiscalYearEnd="December"
LatestQuarter="2023-03-31"
MarketCapitalization="1563082000"
EBITDA="13229000"
PERatio="163.18"
PEGRatio="1.09"
BookValue="3.221"
DividendPerShare="0"
DividendYield="0"
EPS="0.17"
RevenuePerShareTTM="1.898"
ProfitMargin="0.0926"
OperatingMarginTTM="0.0798"
ReturnOnAssetsTTM="0.0253"
ReturnOnEquityTTM="0.0544"
RevenueTTM="106446000"
GrossProfitTTM="87356000"
DilutedEPSTTM="0.17"
QuarterlyEarningsGrowthYOY="1.669"
QuarterlyRevenueGrowthYOY="-0.588"
AnalystTargetPrice="28.75"
TrailingPE="163.18"
ForwardPE="-"
PriceToSalesRatioTTM="10.6"
PriceToBookRatio="7.18"
EVToRevenue="9.83"
EVToEBITDA="50.09"
Beta="1.238"
num_52WeekHigh="29.71"
num_52WeekLow="17.32"
num_50DayMovingAverage="25.48"
num_200DayMovingAverage="23.04"
SharesOutstanding="56348000"
DividendDate="None"
ExDividendDate="None"
symbol="ERII"
open="28.26"
high="28.29"
low="27.21"
price="27.74"
volume="321029.00"
latest_trading_day="2023-07-06"
previous_close="28.31"
change="-0.57"
change_percent="-2.0134%"
aroon_positive_momentum_days="86"
aroon_negative_momentum_days="0"
trend_strength="Absent or Weak Trend"
buying_signal="Weak Buy Signal"
volume_analysis="Target Volume"
value_analysis="Expected Range"
Aroon_change="FALSE"
Aroon_momentum="86"
Volume_recent_avg="378248"
Change_recent_avg="0.03"
Delta_recent_avg="0.75"
Variance_recent_avg="0.37"
Change_ratio_recent_avg="0.11"
RSI_change="FALSE"
ADX_change="FALSE"

event="FALSE"
Aroon_signal="positive"
Aroon_change="FALSE"
Aroon_momentum_positive="86"
Aroon_momentum_negative="14"
image_negative_thumbnail_id_1="98"
image_negative_url_1="https://hehge.com/wp-content/uploads/sites/16/2023/05/MI_Finance_Negative_Landscape_0078.jpeg"
image_negative_thumbnail_id_2="1165"
image_negative_url_2="https://hehge.com/wp-content/uploads/sites/16/2023/06/MI_Finance_Negative_Landscape_0199.jpeg"
image_neutral_thumbnail_id_1="556"
image_neutral_url_1="https://hehge.com/wp-content/uploads/sites/16/2023/06/MI_Finance_Neutral_Landscape_0043.jpeg"
image_neutral_thumbnail_id_2="581"
image_neutral_url_2="https://hehge.com/wp-content/uploads/sites/16/2023/06/MI_Finance_Neutral_Landscape_0018.jpeg"
image_positive_thumbnail_id_1="629"
image_positive_url_1="https://hehge.com/wp-content/uploads/sites/16/2023/06/MI_Finance_Positive_Landscape_0079.jpeg"
image_positive_thumbnail_id_2="601"
image_positive_url_2="https://hehge.com/wp-content/uploads/sites/16/2023/06/MI_Finance_Positive_Landscape_0107.jpeg"
image_professor_thumbnail_id_1="1181"
image_professor_url_1="https://hehge.com/wp-content/uploads/sites/16/2023/06/MI_Finance_Professor_Landscape_0015.jpeg"
image_professor_thumbnail_id_2="1185"
image_professor_url_2="https://hehge.com/wp-content/uploads/sites/16/2023/06/MI_Finance_Professor_Landscape_0019.jpeg"
