Symbol="MTW"
AssetType="Common Stock"
Name="Manitowoc Company Inc"
Description="The Manitowoc Company, Inc. offers engineered lifting solutions in the Americas, Europe, Africa, the Middle East, and Asia Pacific. The company is headquartered in Milwaukee, Wisconsin."
CIK="61986"
Exchange="NYSE"
Currency="USD"
Country="USA"
Sector="TECHNOLOGY"
Industry="CONSTRUCTION MACHINERY & EQUIP"
Address="11270 WEST PARK PLACE, SUITE 10000, MILWAUKEE, WI, US"
FiscalYearEnd="December"
LatestQuarter="2023-03-31"
MarketCapitalization="626949000"
EBITDA="156100000"
PERatio="None"
PEGRatio="1.64"
BookValue="15.73"
DividendPerShare="0"
DividendYield="0"
EPS="-3.11"
RevenuePerShareTTM="59.17"
ProfitMargin="-0.0529"
OperatingMarginTTM="0.0454"
ReturnOnAssetsTTM="0.0339"
ReturnOnEquityTTM="-0.181"
RevenueTTM="2081800000"
GrossProfitTTM="364500000"
DilutedEPSTTM="-3.11"
QuarterlyEarningsGrowthYOY="4.213"
QuarterlyRevenueGrowthYOY="0.107"
AnalystTargetPrice="18.22"
TrailingPE="-"
ForwardPE="20.41"
PriceToSalesRatioTTM="0.169"
PriceToBookRatio="0.513"
EVToRevenue="0.375"
EVToEBITDA="6.46"
Beta="2.111"
num_52WeekHigh="20.2"
num_52WeekLow="7.53"
num_50DayMovingAverage="17.45"
num_200DayMovingAverage="14.03"
SharesOutstanding="35142900"
DividendDate="2017-11-20"
ExDividendDate="2015-11-24"
symbol="MTW"
open="17.83"
high="18.13"
low="17.56"
price="17.84"
volume="177683.00"
latest_trading_day="2023-07-28"
previous_close="17.76"
change="0.08"
change_percent="0.4505%"
aroon_positive_momentum_days="71"
aroon_negative_momentum_days="0"
trend_strength="Absent or Weak Trend"
buying_signal="Weak Buy Signal"
volume_analysis="Target Volume"
value_analysis="Expected Range"
Aroon_change="FALSE"
Aroon_momentum="71"
Volume_recent_avg="335281"
Change_recent_avg="-0.03"
Delta_recent_avg="0.69"
Variance_recent_avg="0.35"
Change_ratio_recent_avg="-0.2"
RSI_change="FALSE"
ADX_change="FALSE"

event="FALSE"
Aroon_signal="positive"
Aroon_change="FALSE"
Aroon_momentum_positive="71"
Aroon_momentum_negative="29"
image_negative_thumbnail_id_1="149"
image_negative_url_1="https://hehge.com/wp-content/uploads/sites/16/2023/05/MI_Finance_Negative_Landscape_0027.jpeg"
image_negative_thumbnail_id_2="1162"
image_negative_url_2="https://hehge.com/wp-content/uploads/sites/16/2023/06/MI_Finance_Negative_Landscape_0196.jpeg"
image_neutral_thumbnail_id_1="570"
image_neutral_url_1="https://hehge.com/wp-content/uploads/sites/16/2023/06/MI_Finance_Neutral_Landscape_0029.jpeg"
image_neutral_thumbnail_id_2="579"
image_neutral_url_2="https://hehge.com/wp-content/uploads/sites/16/2023/06/MI_Finance_Neutral_Landscape_0020.jpeg"
image_positive_thumbnail_id_1="674"
image_positive_url_1="https://hehge.com/wp-content/uploads/sites/16/2023/06/MI_Finance_Positive_Landscape_0034.jpeg"
image_positive_thumbnail_id_2="603"
image_positive_url_2="https://hehge.com/wp-content/uploads/sites/16/2023/06/MI_Finance_Positive_Landscape_0105.jpeg"
image_professor_thumbnail_id_1="1170"
image_professor_url_1="https://hehge.com/wp-content/uploads/sites/16/2023/06/MI_Finance_Professor_Landscape_0004.jpeg"
image_professor_thumbnail_id_2="1184"
image_professor_url_2="https://hehge.com/wp-content/uploads/sites/16/2023/06/MI_Finance_Professor_Landscape_0018.jpeg"
