Symbol="EGAN"
AssetType="Common Stock"
Name="eGain Corporation"
Description="eGain Corporation is a software-as-a-service provider of customer engagement solutions in the United States, the United Kingdom, India, and internationally. The company is headquartered in Sunnyvale, California."
CIK="1066194"
Exchange="NASDAQ"
Currency="USD"
Country="USA"
Sector="TECHNOLOGY"
Industry="SERVICES-PREPACKAGED SOFTWARE"
Address="1252 BORREGAS AVENUE, SUNNYVALE, CA, US"
FiscalYearEnd="June"
LatestQuarter="2023-03-31"
MarketCapitalization="230730000"
EBITDA="-2186000"
PERatio="None"
PEGRatio="2.052"
BookValue="1.931"
DividendPerShare="0"
DividendYield="0"
EPS="-0.07"
RevenuePerShareTTM="3.029"
ProfitMargin="-0.0211"
OperatingMarginTTM="-0.0278"
ReturnOnAssetsTTM="-0.0144"
ReturnOnEquityTTM="-0.0346"
RevenueTTM="96880000"
GrossProfitTTM="67414000"
DilutedEPSTTM="-0.07"
QuarterlyEarningsGrowthYOY="-0.706"
QuarterlyRevenueGrowthYOY="-0.037"
AnalystTargetPrice="77.92"
TrailingPE="-"
ForwardPE="48.08"
PriceToSalesRatioTTM="2.943"
PriceToBookRatio="4.918"
EVToRevenue="2.267"
EVToEBITDA="-111.95"
Beta="0.603"
num_52WeekHigh="10.35"
num_52WeekLow="6.5"
num_50DayMovingAverage="7.23"
num_200DayMovingAverage="7.96"
SharesOutstanding="31868800"
DividendDate="None"
ExDividendDate="None"
symbol="EGAN"
open="7.18"
high="7.39"
low="7.07"
price="7.24"
volume="298609.00"
latest_trading_day="2023-08-02"
previous_close="7.25"
change="-0.01"
change_percent="-0.1379%"
aroon_positive_momentum_days="39"
aroon_negative_momentum_days="0"
trend_strength="Absent or Weak Trend"
buying_signal="Weak Buy Signal"
volume_analysis="Target Volume"
value_analysis="Expected Range"
Aroon_change="FALSE"
Aroon_momentum="39"
Volume_recent_avg="67161"
Change_recent_avg="-0.01"
Delta_recent_avg="0.23"
Variance_recent_avg="0.12"
Change_ratio_recent_avg="-0.1"
RSI_change="FALSE"
ADX_change="FALSE"

event="FALSE"
Aroon_signal="positive"
Aroon_change="FALSE"
Aroon_momentum_positive="39"
Aroon_momentum_negative="61"
image_negative_thumbnail_id_1="133"
image_negative_url_1="https://hehge.com/wp-content/uploads/sites/16/2023/05/MI_Finance_Negative_Landscape_0043.jpeg"
image_negative_thumbnail_id_2="1157"
image_negative_url_2="https://hehge.com/wp-content/uploads/sites/16/2023/06/MI_Finance_Negative_Landscape_0191.jpeg"
image_neutral_thumbnail_id_1="543"
image_neutral_url_1="https://hehge.com/wp-content/uploads/sites/16/2023/06/MI_Finance_Neutral_Landscape_0056.jpeg"
image_neutral_thumbnail_id_2="538"
image_neutral_url_2="https://hehge.com/wp-content/uploads/sites/16/2023/06/MI_Finance_Neutral_Landscape_0061.jpeg"
image_positive_thumbnail_id_1="991"
image_positive_url_1="https://hehge.com/wp-content/uploads/sites/16/2023/06/MI_Finance_Positive_Landscape_0153.jpeg"
image_positive_thumbnail_id_2="996"
image_positive_url_2="https://hehge.com/wp-content/uploads/sites/16/2023/06/MI_Finance_Positive_Landscape_0158.jpeg"
image_professor_thumbnail_id_1="1178"
image_professor_url_1="https://hehge.com/wp-content/uploads/sites/16/2023/06/MI_Finance_Professor_Landscape_0012.jpeg"
image_professor_thumbnail_id_2="1170"
image_professor_url_2="https://hehge.com/wp-content/uploads/sites/16/2023/06/MI_Finance_Professor_Landscape_0004.jpeg"
