Symbol="CW"
AssetType="Common Stock"
Name="Curtiss-Wright Corporation"
Description="Curtiss-Wright Corporation designs, manufactures and repairs precision components and engineering products and services primarily for the aerospace, defense, general industrial and power generation markets worldwide. "
CIK="26324"
Exchange="NYSE"
Currency="USD"
Country="USA"
Sector="TECHNOLOGY"
Industry="MISC INDUSTRIAL & COMMERCIAL MACHINERY & EQUIPMENT"
Address="13925 BALLANTYNE CORPORATE PLACE, SUITE 400, CHARLOTTE, NC, US"
FiscalYearEnd="December"
LatestQuarter="2023-03-31"
MarketCapitalization="6972662000"
EBITDA="572147000"
PERatio="23.6"
PEGRatio="2.71"
BookValue="53.54"
DividendPerShare="0.76"
DividendYield="0.0045"
EPS="8.04"
RevenuePerShareTTM="68.54"
ProfitMargin="0.118"
OperatingMarginTTM="0.174"
ReturnOnAssetsTTM="0.0678"
ReturnOnEquityTTM="15.91"
RevenueTTM="2628424000"
GrossProfitTTM="954609000"
DilutedEPSTTM="7.99"
QuarterlyEarningsGrowthYOY="0.41"
QuarterlyRevenueGrowthYOY="0.128"
AnalystTargetPrice="191.17"
TrailingPE="22.76"
ForwardPE="86.21"
PriceToSalesRatioTTM="2.574"
PriceToBookRatio="3.449"
EVToRevenue="3.182"
EVToEBITDA="15.77"
Beta="1.247"
num_52WeekHigh="185.1"
num_52WeekLow="125.32"
num_50DayMovingAverage="169.29"
num_200DayMovingAverage="167.24"
SharesOutstanding="38342900"
DividendDate="2023-07-05"
ExDividendDate="2023-06-15"
symbol="CW"
open="182.13"
high="185.10"
low="181.38"
price="185.00"
volume="205658.00"
latest_trading_day="2023-07-06"
previous_close="182.94"
change="2.06"
change_percent="1.1261%"
aroon_positive_momentum_days="50"
aroon_negative_momentum_days="0"
trend_strength="Absent or Weak Trend"
buying_signal="Strong Buy Signal"
volume_analysis="Target Volume"
value_analysis="Expected Range"
Aroon_change="FALSE"
Aroon_momentum="50"
Volume_recent_avg="150203"
Change_recent_avg="0.07"
Delta_recent_avg="3.32"
Variance_recent_avg="1.66"
Change_ratio_recent_avg="0.03"
RSI_change="FALSE"
ADX_change="FALSE"

event="FALSE"
Aroon_signal="positive"
Aroon_change="FALSE"
Aroon_momentum_positive="50"
Aroon_momentum_negative="50"
image_negative_thumbnail_id_1="1109"
image_negative_url_1="https://hehge.com/wp-content/uploads/sites/16/2023/06/MI_Finance_Negative_Landscape_0142.jpeg"
image_negative_thumbnail_id_2="1143"
image_negative_url_2="https://hehge.com/wp-content/uploads/sites/16/2023/06/MI_Finance_Negative_Landscape_0176.jpeg"
image_neutral_thumbnail_id_1="597"
image_neutral_url_1="https://hehge.com/wp-content/uploads/sites/16/2023/06/MI_Finance_Neutral_Landscape_0002.jpeg"
image_neutral_thumbnail_id_2="596"
image_neutral_url_2="https://hehge.com/wp-content/uploads/sites/16/2023/06/MI_Finance_Neutral_Landscape_0003.jpeg"
image_positive_thumbnail_id_1="992"
image_positive_url_1="https://hehge.com/wp-content/uploads/sites/16/2023/06/MI_Finance_Positive_Landscape_0154.jpeg"
image_positive_thumbnail_id_2="663"
image_positive_url_2="https://hehge.com/wp-content/uploads/sites/16/2023/06/MI_Finance_Positive_Landscape_0045.jpeg"
image_professor_thumbnail_id_1="1168"
image_professor_url_1="https://hehge.com/wp-content/uploads/sites/16/2023/06/MI_Finance_Professor_Landscape_0002.jpeg"
image_professor_thumbnail_id_2="1169"
image_professor_url_2="https://hehge.com/wp-content/uploads/sites/16/2023/06/MI_Finance_Professor_Landscape_0003.jpeg"
