Symbol="T"
AssetType="Common Stock"
Name="AT&T Inc"
Description="AT&T Inc. is an American multinational conglomerate holding company, Delaware-registered but headquartered at Whitacre Tower in Downtown Dallas, Texas. It is the world largest telecommunications company, and the second largest provider of mobile telephone services."
CIK="732717"
Exchange="NYSE"
Currency="USD"
Country="USA"
Sector="TECHNOLOGY"
Industry="TELEPHONE COMMUNICATIONS (NO RADIOTELEPHONE)"
Address="208 S. AKARD ST, ATTN : JAMES LACY, DALLAS, TX, US"
FiscalYearEnd="December"
LatestQuarter="2023-03-31"
MarketCapitalization="105519243000"
EBITDA="43805999000"
PERatio="None"
PEGRatio="4.605"
BookValue="13.9"
DividendPerShare="1.11"
DividendYield="0.0757"
EPS="-1.19"
RevenuePerShareTTM="16.92"
ProfitMargin="-0.0752"
OperatingMarginTTM="0.236"
ReturnOnAssetsTTM="0.0365"
ReturnOnEquityTTM="-0.0513"
RevenueTTM="121168003000"
GrossProfitTTM="69893000000"
DilutedEPSTTM="-1.19"
QuarterlyEarningsGrowthYOY="-0.127"
QuarterlyRevenueGrowthYOY="0.014"
AnalystTargetPrice="19.62"
TrailingPE="-"
ForwardPE="7.28"
PriceToSalesRatioTTM="0.848"
PriceToBookRatio="1.1"
EVToRevenue="1.833"
EVToEBITDA="5.34"
Beta="0.767"
num_52WeekHigh="20.86"
num_52WeekLow="13.43"
num_50DayMovingAverage="15.72"
num_200DayMovingAverage="17.81"
SharesOutstanding="7149000000"
DividendDate="2023-08-01"
ExDividendDate="2023-07-07"
symbol="T"
open="14.61"
high="14.78"
low="14.60"
price="14.76"
volume="49225391.00"
latest_trading_day="2023-07-21"
previous_close="14.66"
change="0.10"
change_percent="0.6821%"
aroon_positive_momentum_days="0"
aroon_negative_momentum_days="78"
trend_strength="Absent or Weak Trend"
buying_signal="Strong Sell Signal"
volume_analysis="Target Volume"
value_analysis="Expected Range"
Aroon_change="FALSE"
Aroon_momentum="22"
Volume_recent_avg="40841158"
Change_recent_avg="-0.02"
Delta_recent_avg="0.3"
Variance_recent_avg="0.15"
Change_ratio_recent_avg="-0.11"
RSI_change="FALSE"
ADX_change="FALSE"

event="FALSE"
Aroon_signal="negative"
Aroon_change="FALSE"
Aroon_momentum_positive="22"
Aroon_momentum_negative="78"
image_negative_thumbnail_id_1="504"
image_negative_url_1="https://hehge.com/wp-content/uploads/sites/16/2023/06/MI_Finance_Negative_Landscape_0101.jpeg"
image_negative_thumbnail_id_2="1107"
image_negative_url_2="https://hehge.com/wp-content/uploads/sites/16/2023/06/MI_Finance_Negative_Landscape_0140.jpeg"
image_neutral_thumbnail_id_1="583"
image_neutral_url_1="https://hehge.com/wp-content/uploads/sites/16/2023/06/MI_Finance_Neutral_Landscape_0016.jpeg"
image_neutral_thumbnail_id_2="584"
image_neutral_url_2="https://hehge.com/wp-content/uploads/sites/16/2023/06/MI_Finance_Neutral_Landscape_0015.jpeg"
image_positive_thumbnail_id_1="700"
image_positive_url_1="https://hehge.com/wp-content/uploads/sites/16/2023/06/MI_Finance_Positive_Landscape_0008.jpeg"
image_positive_thumbnail_id_2="634"
image_positive_url_2="https://hehge.com/wp-content/uploads/sites/16/2023/06/MI_Finance_Positive_Landscape_0074.jpeg"
image_professor_thumbnail_id_1="1177"
image_professor_url_1="https://hehge.com/wp-content/uploads/sites/16/2023/06/MI_Finance_Professor_Landscape_0011.jpeg"
image_professor_thumbnail_id_2="1171"
image_professor_url_2="https://hehge.com/wp-content/uploads/sites/16/2023/06/MI_Finance_Professor_Landscape_0005.jpeg"
