Symbol="CCLDP"
AssetType="Common Stock"
Name="CareCloud Inc."
Description="CareCloud, Inc., a healthcare information technology (IT) company, provides a suite of cloud-based solutions and related business services to healthcare providers and hospitals primarily in the United States. The company is headquartered in Somerset, New Jersey."
CIK="1582982"
Exchange="NASDAQ"
Currency="USD"
Country="USA"
Sector="TECHNOLOGY"
Industry="SERVICES-PREPACKAGED SOFTWARE"
Address="7 CLYDE ROAD, SOMERSET, SOMERSET, NJ, US"
FiscalYearEnd="December"
LatestQuarter="2023-03-31"
MarketCapitalization="None"
EBITDA="15483000"
PERatio="None"
PEGRatio="None"
BookValue="6.29"
DividendPerShare="0"
DividendYield="0.1"
EPS="None"
RevenuePerShareTTM="8.77"
ProfitMargin="0.0292"
OperatingMarginTTM="0.0228"
ReturnOnAssetsTTM="0.014"
ReturnOnEquityTTM="0.0388"
RevenueTTM="133486000"
GrossProfitTTM="54392000"
DilutedEPSTTM="0"
QuarterlyEarningsGrowthYOY="0"
QuarterlyRevenueGrowthYOY="-0.151"
AnalystTargetPrice="None"
TrailingPE="-"
ForwardPE="-"
PriceToSalesRatioTTM="-"
PriceToBookRatio="-"
EVToRevenue="-"
EVToEBITDA="-"
Beta="0.841"
num_52WeekHigh="27.88"
num_52WeekLow="23.22"
num_50DayMovingAverage="27.18"
num_200DayMovingAverage="26.94"
SharesOutstanding="0"
DividendDate="2023-09-15"
ExDividendDate="2023-08-30"
symbol="CCLDP"
open="27.00"
high="27.00"
low="26.75"
price="26.80"
volume="3244.00"
latest_trading_day="2023-08-02"
previous_close="27.10"
change="-0.30"
change_percent="-1.1066%"
aroon_positive_momentum_days="46"
aroon_negative_momentum_days="0"
trend_strength="Absent or Weak Trend"
buying_signal="Strong Buy Signal"
volume_analysis="Target Volume"
value_analysis="Expected Range"
Aroon_change="FALSE"
Aroon_momentum="46"
Volume_recent_avg="7184"
Change_recent_avg="0.01"
Delta_recent_avg="0.34"
Variance_recent_avg="0.17"
Change_ratio_recent_avg="0.01"
RSI_change="FALSE"
ADX_change="FALSE"

event="aroon_milestone_positive_45"
Aroon_signal="positive"
Aroon_change="FALSE"
Aroon_momentum_positive="46"
Aroon_momentum_negative="54"
image_negative_thumbnail_id_1="508"
image_negative_url_1="https://hehge.com/wp-content/uploads/sites/16/2023/06/MI_Finance_Negative_Landscape_0097.jpeg"
image_negative_thumbnail_id_2="102"
image_negative_url_2="https://hehge.com/wp-content/uploads/sites/16/2023/05/MI_Finance_Negative_Landscape_0074.jpeg"
image_neutral_thumbnail_id_1="587"
image_neutral_url_1="https://hehge.com/wp-content/uploads/sites/16/2023/06/MI_Finance_Neutral_Landscape_0012.jpeg"
image_neutral_thumbnail_id_2="578"
image_neutral_url_2="https://hehge.com/wp-content/uploads/sites/16/2023/06/MI_Finance_Neutral_Landscape_0021.jpeg"
image_positive_thumbnail_id_1="624"
image_positive_url_1="https://hehge.com/wp-content/uploads/sites/16/2023/06/MI_Finance_Positive_Landscape_0084.jpeg"
image_positive_thumbnail_id_2="964"
image_positive_url_2="https://hehge.com/wp-content/uploads/sites/16/2023/06/MI_Finance_Positive_Landscape_0126.jpeg"
image_professor_thumbnail_id_1="1167"
image_professor_url_1="https://hehge.com/wp-content/uploads/sites/16/2023/06/MI_Finance_Professor_Landscape_0001.jpeg"
image_professor_thumbnail_id_2="1184"
image_professor_url_2="https://hehge.com/wp-content/uploads/sites/16/2023/06/MI_Finance_Professor_Landscape_0018.jpeg"
