Symbol="YGF"
AssetType="Common Stock"
Name="YanGuFang International Group Co. Ltd. Ordinary Shares"
Description="YanGuFang International Group Co., Ltd., engages in the research and development, production, and sale of oat and grain products in the People's Republic of China. The company is headquartered in Shanghai, the People's Republic of China."
CIK="0001875496"
Exchange="NASDAQ"
Currency="USD"
Country="USA"
Sector="TECHNOLOGY"
Industry="GENERAL"
Address="NONE"
FiscalYearEnd="June"
LatestQuarter="2022-06-30"
MarketCapitalization="105858000"
EBITDA="8965000"
PERatio="18.94"
PEGRatio="None"
BookValue="0.665"
DividendPerShare="0"
DividendYield="0"
EPS="0.17"
RevenuePerShareTTM="1.367"
ProfitMargin="0.106"
OperatingMarginTTM="0.185"
ReturnOnAssetsTTM="0.0714"
ReturnOnEquityTTM="0.235"
RevenueTTM="41019300"
GrossProfitTTM="26084800"
DilutedEPSTTM="0.17"
QuarterlyEarningsGrowthYOY="-0.358"
QuarterlyRevenueGrowthYOY="0.263"
AnalystTargetPrice="None"
TrailingPE="18.94"
ForwardPE="-"
PriceToSalesRatioTTM="-"
PriceToBookRatio="-"
EVToRevenue="-"
EVToEBITDA="-"
Beta="None"
num_52WeekHigh="4.56"
num_52WeekLow="2.66"
num_50DayMovingAverage="3.406"
num_200DayMovingAverage="3.443"
SharesOutstanding="32875000"
DividendDate="None"
ExDividendDate="None"
symbol="YGF"
open="3.33"
high="3.50"
low="3.22"
price="3.22"
volume="16938.00"
latest_trading_day="2023-07-07"
previous_close="3.45"
change="-0.23"
change_percent="-6.6667%"
aroon_positive_momentum_days="0"
aroon_negative_momentum_days="10"
trend_strength="nan"
buying_signal="High Volatility / Hold Signal"
volume_analysis="Target Volume"
value_analysis="Expected Range"
Aroon_change="FALSE"
Aroon_momentum="0"
Volume_recent_avg="78293"
Change_recent_avg="-0.01"
Delta_recent_avg="0.29"
Variance_recent_avg="0.14"
Change_ratio_recent_avg="-0.26"
RSI_change="FALSE"
ADX_change="FALSE"

event="FALSE"
Aroon_signal="negative"
Aroon_change="FALSE"
Aroon_momentum_positive="0"
Aroon_momentum_negative="10"
image_negative_thumbnail_id_1="1163"
image_negative_url_1="https://hehge.com/wp-content/uploads/sites/16/2023/06/MI_Finance_Negative_Landscape_0197.jpeg"
image_negative_thumbnail_id_2="100"
image_negative_url_2="https://hehge.com/wp-content/uploads/sites/16/2023/05/MI_Finance_Negative_Landscape_0076.jpeg"
image_neutral_thumbnail_id_1="534"
image_neutral_url_1="https://hehge.com/wp-content/uploads/sites/16/2023/06/MI_Finance_Neutral_Landscape_0065.jpeg"
image_neutral_thumbnail_id_2="527"
image_neutral_url_2="https://hehge.com/wp-content/uploads/sites/16/2023/06/MI_Finance_Neutral_Landscape_0072.jpeg"
image_positive_thumbnail_id_1="954"
image_positive_url_1="https://hehge.com/wp-content/uploads/sites/16/2023/06/MI_Finance_Positive_Landscape_0116.jpeg"
image_positive_thumbnail_id_2="614"
image_positive_url_2="https://hehge.com/wp-content/uploads/sites/16/2023/06/MI_Finance_Positive_Landscape_0094.jpeg"
image_professor_thumbnail_id_1="1202"
image_professor_url_1="https://hehge.com/wp-content/uploads/sites/16/2023/06/MI_Finance_Professor_Landscape_0036.jpeg"
image_professor_thumbnail_id_2="1171"
image_professor_url_2="https://hehge.com/wp-content/uploads/sites/16/2023/06/MI_Finance_Professor_Landscape_0005.jpeg"
