Symbol="NVOS"
AssetType="Common Stock"
Name="Novo Integrated Sciences Inc"
Description="Novo Integrated Sciences, Inc., provides primary health care services. The company is headquartered in Bellevue, Washington."
CIK="1138978"
Exchange="NASDAQ"
Currency="USD"
Country="USA"
Sector="TECHNOLOGY"
Industry="ENGINES & TURBINES"
Address="11120 NE 2ND STREET, SUITE 200, BELLEVUE, WA, US"
FiscalYearEnd="August"
LatestQuarter="2023-02-28"
MarketCapitalization="18882200"
EBITDA="-7440325"
PERatio="None"
PEGRatio="None"
BookValue="0.195"
DividendPerShare="0"
DividendYield="0"
EPS="-0.96"
RevenuePerShareTTM="0.269"
ProfitMargin="-2.978"
OperatingMarginTTM="-0.867"
ReturnOnAssetsTTM="-0.119"
ReturnOnEquityTTM="-0.978"
RevenueTTM="11682600"
GrossProfitTTM="3823000"
DilutedEPSTTM="-0.96"
QuarterlyEarningsGrowthYOY="0"
QuarterlyRevenueGrowthYOY="-0.109"
AnalystTargetPrice="None"
TrailingPE="-"
ForwardPE="-"
PriceToSalesRatioTTM="0.356"
PriceToBookRatio="0.172"
EVToRevenue="0.72"
EVToEBITDA="-4.212"
Beta="-0.127"
num_52WeekHigh="2.06"
num_52WeekLow="0.1"
num_50DayMovingAverage="0.144"
num_200DayMovingAverage="0.22"
SharesOutstanding="145608000"
DividendDate="2021-02-01"
ExDividendDate="None"
symbol="NVOS"
open="0.14"
high="0.14"
low="0.13"
price="0.13"
volume="6399610.00"
latest_trading_day="2023-07-14"
previous_close="0.14"
change="-0.01"
change_percent="-5.5147%"
aroon_positive_momentum_days="29"
aroon_negative_momentum_days="0"
trend_strength="Absent or Weak Trend"
buying_signal="Weak Buy Signal"
volume_analysis="Target Volume"
value_analysis="Expected Range"
Aroon_change="FALSE"
Aroon_momentum="29"
Volume_recent_avg="15022588"
Change_recent_avg="0.01"
Delta_recent_avg="0.02"
Variance_recent_avg="0.01"
Change_ratio_recent_avg="-0.46"
RSI_change="FALSE"
ADX_change="FALSE"

event="FALSE"
Aroon_signal="positive"
Aroon_change="FALSE"
Aroon_momentum_positive="29"
Aroon_momentum_negative="71"
image_negative_thumbnail_id_1="1140"
image_negative_url_1="https://hehge.com/wp-content/uploads/sites/16/2023/06/MI_Finance_Negative_Landscape_0173.jpeg"
image_negative_thumbnail_id_2="114"
image_negative_url_2="https://hehge.com/wp-content/uploads/sites/16/2023/05/MI_Finance_Negative_Landscape_0062.jpeg"
image_neutral_thumbnail_id_1="584"
image_neutral_url_1="https://hehge.com/wp-content/uploads/sites/16/2023/06/MI_Finance_Neutral_Landscape_0015.jpeg"
image_neutral_thumbnail_id_2="567"
image_neutral_url_2="https://hehge.com/wp-content/uploads/sites/16/2023/06/MI_Finance_Neutral_Landscape_0032.jpeg"
image_positive_thumbnail_id_1="678"
image_positive_url_1="https://hehge.com/wp-content/uploads/sites/16/2023/06/MI_Finance_Positive_Landscape_0030.jpeg"
image_positive_thumbnail_id_2="980"
image_positive_url_2="https://hehge.com/wp-content/uploads/sites/16/2023/06/MI_Finance_Positive_Landscape_0142.jpeg"
image_professor_thumbnail_id_1="1175"
image_professor_url_1="https://hehge.com/wp-content/uploads/sites/16/2023/06/MI_Finance_Professor_Landscape_0009.jpeg"
image_professor_thumbnail_id_2="1168"
image_professor_url_2="https://hehge.com/wp-content/uploads/sites/16/2023/06/MI_Finance_Professor_Landscape_0002.jpeg"
