Symbol="NXST"
AssetType="Common Stock"
Name="Nexstar Broadcasting Group Inc"
Description="Nexstar Media Group, Inc., a broadcast television and digital media company, focuses on the acquisition, development and operation of television stations and interactive community websites and digital media services in the United States. The company is headquartered in Irving, Texas."
CIK="1142417"
Exchange="NASDAQ"
Currency="USD"
Country="USA"
Sector="TECHNOLOGY"
Industry="TELEVISION BROADCASTING STATIONS"
Address="5215 N. O'CONNOR BLVD., SUITE 1400, IRVING, TX, US"
FiscalYearEnd="December"
LatestQuarter="2023-03-31"
MarketCapitalization="6183847000"
EBITDA="1866300000"
PERatio="8.16"
PEGRatio="1.523"
BookValue="72.92"
DividendPerShare="4.05"
DividendYield="0.0317"
EPS="21.14"
RevenuePerShareTTM="137.31"
ProfitMargin="0.158"
OperatingMarginTTM="0.265"
ReturnOnAssetsTTM="0.0682"
ReturnOnEquityTTM="0.28"
RevenueTTM="5258000000"
GrossProfitTTM="3233900000"
DilutedEPSTTM="21.14"
QuarterlyEarningsGrowthYOY="-0.504"
QuarterlyRevenueGrowthYOY="0.039"
AnalystTargetPrice="219"
TrailingPE="8.16"
ForwardPE="11.2"
PriceToSalesRatioTTM="1.325"
PriceToBookRatio="2.34"
EVToRevenue="2.761"
EVToEBITDA="6.27"
Beta="1.483"
num_52WeekHigh="214.47"
num_52WeekLow="148"
num_50DayMovingAverage="163.1"
num_200DayMovingAverage="174.89"
SharesOutstanding="35856700"
DividendDate="2023-05-26"
ExDividendDate="2023-05-11"
symbol="NXST"
open="174.06"
high="176.18"
low="173.27"
price="175.09"
volume="306381.00"
latest_trading_day="2023-07-11"
previous_close="172.46"
change="2.63"
change_percent="1.5250%"
aroon_positive_momentum_days="0"
aroon_negative_momentum_days="85"
trend_strength="Absent or Weak Trend"
buying_signal="Weak Sell Signal"
volume_analysis="Target Volume"
value_analysis="Expected Range"
Aroon_change="FALSE"
Aroon_momentum="15"
Volume_recent_avg="337929"
Change_recent_avg="-0.12"
Delta_recent_avg="4.6"
Variance_recent_avg="2.3"
Change_ratio_recent_avg="-0.08"
RSI_change="FALSE"
ADX_change="FALSE"

event="FALSE"
Aroon_signal="negative"
Aroon_change="FALSE"
Aroon_momentum_positive="15"
Aroon_momentum_negative="85"
image_negative_thumbnail_id_1="151"
image_negative_url_1="https://hehge.com/wp-content/uploads/sites/16/2023/05/MI_Finance_Negative_Landscape_0025.jpeg"
image_negative_thumbnail_id_2="124"
image_negative_url_2="https://hehge.com/wp-content/uploads/sites/16/2023/05/MI_Finance_Negative_Landscape_0052.jpeg"
image_neutral_thumbnail_id_1="551"
image_neutral_url_1="https://hehge.com/wp-content/uploads/sites/16/2023/06/MI_Finance_Neutral_Landscape_0048.jpeg"
image_neutral_thumbnail_id_2="552"
image_neutral_url_2="https://hehge.com/wp-content/uploads/sites/16/2023/06/MI_Finance_Neutral_Landscape_0047.jpeg"
image_positive_thumbnail_id_1="682"
image_positive_url_1="https://hehge.com/wp-content/uploads/sites/16/2023/06/MI_Finance_Positive_Landscape_0026.jpeg"
image_positive_thumbnail_id_2="690"
image_positive_url_2="https://hehge.com/wp-content/uploads/sites/16/2023/06/MI_Finance_Positive_Landscape_0018.jpeg"
image_professor_thumbnail_id_1="1203"
image_professor_url_1="https://hehge.com/wp-content/uploads/sites/16/2023/06/MI_Finance_Professor_Landscape_0037.jpeg"
image_professor_thumbnail_id_2="1178"
image_professor_url_2="https://hehge.com/wp-content/uploads/sites/16/2023/06/MI_Finance_Professor_Landscape_0012.jpeg"
