Symbol="GWAV"
AssetType="Common Stock"
Name="Greenwave Technology Solutions Inc. Common Stock"
Description="Greenwave Technology Solutions, Inc., through its subsidiary, Empire Services, Inc., operates metal recycling facilities in Virginia and North Carolina. The company is headquartered in Denver, Colorado."
CIK="1589149"
Exchange="NASDAQ"
Currency="USD"
Country="USA"
Sector="TECHNOLOGY"
Industry="SERVICES-COMPUTER PROGRAMMING, DATA PROCESSING, ETC."
Address="277 SUBURBAN DRIVE, SUFFOLK, VA, US"
FiscalYearEnd="December"
LatestQuarter="2023-03-31"
MarketCapitalization="8888100"
EBITDA="-5891243"
PERatio="None"
PEGRatio="None"
BookValue="1.005"
DividendPerShare="0"
DividendYield="0"
EPS="-8.68"
RevenuePerShareTTM="3.874"
ProfitMargin="-1.024"
OperatingMarginTTM="-0.306"
ReturnOnAssetsTTM="-0.156"
ReturnOnEquityTTM="-5.4"
RevenueTTM="33100600"
GrossProfitTTM="803850"
DilutedEPSTTM="-8.68"
QuarterlyEarningsGrowthYOY="-0.711"
QuarterlyRevenueGrowthYOY="-0.088"
AnalystTargetPrice="None"
TrailingPE="-"
ForwardPE="-"
PriceToSalesRatioTTM="0.278"
PriceToBookRatio="0.47"
EVToRevenue="0.529"
EVToEBITDA="2.629"
Beta="1.853"
num_52WeekHigh="8.05"
num_52WeekLow="0.69"
num_50DayMovingAverage="0.811"
num_200DayMovingAverage="1.037"
SharesOutstanding="11250800"
DividendDate="None"
ExDividendDate="None"
symbol="GWAV"
open="0.77"
high="0.80"
low="0.75"
price="0.79"
volume="24561.00"
latest_trading_day="2023-07-14"
previous_close="0.78"
change="0.01"
change_percent="1.9092%"
aroon_positive_momentum_days="0"
aroon_negative_momentum_days="64"
trend_strength="Absent or Weak Trend"
buying_signal="Strong Sell Signal"
volume_analysis="Target Volume"
value_analysis="Expected Range"
Aroon_change="FALSE"
Aroon_momentum="36"
Volume_recent_avg="49799"
Change_recent_avg="-0.01"
Delta_recent_avg="0.07"
Variance_recent_avg="0.04"
Change_ratio_recent_avg="-0.83"
RSI_change="FALSE"
ADX_change="FALSE"

event="FALSE"
Aroon_signal="negative"
Aroon_change="FALSE"
Aroon_momentum_positive="36"
Aroon_momentum_negative="64"
image_negative_thumbnail_id_1="492"
image_negative_url_1="https://hehge.com/wp-content/uploads/sites/16/2023/06/MI_Finance_Negative_Landscape_0113.jpeg"
image_negative_thumbnail_id_2="1112"
image_negative_url_2="https://hehge.com/wp-content/uploads/sites/16/2023/06/MI_Finance_Negative_Landscape_0145.jpeg"
image_neutral_thumbnail_id_1="566"
image_neutral_url_1="https://hehge.com/wp-content/uploads/sites/16/2023/06/MI_Finance_Neutral_Landscape_0033.jpeg"
image_neutral_thumbnail_id_2="544"
image_neutral_url_2="https://hehge.com/wp-content/uploads/sites/16/2023/06/MI_Finance_Neutral_Landscape_0055.jpeg"
image_positive_thumbnail_id_1="691"
image_positive_url_1="https://hehge.com/wp-content/uploads/sites/16/2023/06/MI_Finance_Positive_Landscape_0017.jpeg"
image_positive_thumbnail_id_2="975"
image_positive_url_2="https://hehge.com/wp-content/uploads/sites/16/2023/06/MI_Finance_Positive_Landscape_0137.jpeg"
image_professor_thumbnail_id_1="1200"
image_professor_url_1="https://hehge.com/wp-content/uploads/sites/16/2023/06/MI_Finance_Professor_Landscape_0034.jpeg"
image_professor_thumbnail_id_2="1182"
image_professor_url_2="https://hehge.com/wp-content/uploads/sites/16/2023/06/MI_Finance_Professor_Landscape_0016.jpeg"
aroon_positive_momentum_days="0"
aroon_negative_momentum_days="64"
trend_strength="Absent or Weak Trend"
buying_signal="Strong Sell Signal"
volume_analysis="Target Volume"
value_analysis="Expected Range"
Aroon_change="FALSE"
Aroon_momentum="36"
Volume_recent_avg="49799"
Change_recent_avg="-0.01"
Delta_recent_avg="0.07"
Variance_recent_avg="0.04"
Change_ratio_recent_avg="-0.83"
RSI_change="FALSE"
ADX_change="FALSE"

event="FALSE"
Aroon_signal="negative"
Aroon_change="FALSE"
Aroon_momentum_positive="36"
Aroon_momentum_negative="64"
image_negative_thumbnail_id_1="1095"
image_negative_url_1="https://hehge.com/wp-content/uploads/sites/16/2023/06/MI_Finance_Negative_Landscape_0128.jpeg"
image_negative_thumbnail_id_2="1101"
image_negative_url_2="https://hehge.com/wp-content/uploads/sites/16/2023/06/MI_Finance_Negative_Landscape_0134.jpeg"
image_neutral_thumbnail_id_1="563"
image_neutral_url_1="https://hehge.com/wp-content/uploads/sites/16/2023/06/MI_Finance_Neutral_Landscape_0036.jpeg"
image_neutral_thumbnail_id_2="557"
image_neutral_url_2="https://hehge.com/wp-content/uploads/sites/16/2023/06/MI_Finance_Neutral_Landscape_0042.jpeg"
image_positive_thumbnail_id_1="659"
image_positive_url_1="https://hehge.com/wp-content/uploads/sites/16/2023/06/MI_Finance_Positive_Landscape_0049.jpeg"
image_positive_thumbnail_id_2="618"
image_positive_url_2="https://hehge.com/wp-content/uploads/sites/16/2023/06/MI_Finance_Positive_Landscape_0090.jpeg"
image_professor_thumbnail_id_1="1178"
image_professor_url_1="https://hehge.com/wp-content/uploads/sites/16/2023/06/MI_Finance_Professor_Landscape_0012.jpeg"
image_professor_thumbnail_id_2="1173"
image_professor_url_2="https://hehge.com/wp-content/uploads/sites/16/2023/06/MI_Finance_Professor_Landscape_0007.jpeg"
