Symbol="GWRE"
AssetType="Common Stock"
Name="Guidewire Software Inc"
Description="Guidewire Software, Inc. provides software products for property and casualty insurers around the world. The company is headquartered in San Mateo, California."
CIK="1528396"
Exchange="NYSE"
Currency="USD"
Country="USA"
Sector="TECHNOLOGY"
Industry="SERVICES-PREPACKAGED SOFTWARE"
Address="1001 E. HILLSDALE BOULEVARD, FOSTER CITY, CA, US"
FiscalYearEnd="July"
LatestQuarter="2023-04-30"
MarketCapitalization="6708616000"
EBITDA="-142367008"
PERatio="None"
PEGRatio="68.73"
BookValue="14.63"
DividendPerShare="0"
DividendYield="0"
EPS="-1.84"
RevenuePerShareTTM="10.63"
ProfitMargin="-0.176"
OperatingMarginTTM="-0.183"
ReturnOnAssetsTTM="-0.0494"
ReturnOnEquityTTM="-0.117"
RevenueTTM="879982000"
GrossProfitTTM="352220000"
DilutedEPSTTM="-1.84"
QuarterlyEarningsGrowthYOY="0.66"
QuarterlyRevenueGrowthYOY="0.051"
AnalystTargetPrice="84.92"
TrailingPE="-"
ForwardPE="2000"
PriceToSalesRatioTTM="6.39"
PriceToBookRatio="4.475"
EVToRevenue="6.05"
EVToEBITDA="-25.76"
Beta="1.223"
num_52WeekHigh="83.51"
num_52WeekLow="52.08"
num_50DayMovingAverage="76.58"
num_200DayMovingAverage="70.5"
SharesOutstanding="81445000"
DividendDate="None"
ExDividendDate="None"
symbol="GWRE"
open="81.00"
high="82.55"
low="80.94"
price="82.37"
volume="390368.00"
latest_trading_day="2023-07-28"
previous_close="80.47"
change="1.90"
change_percent="2.3611%"
aroon_positive_momentum_days="0"
aroon_negative_momentum_days="35"
trend_strength="Absent or Weak Trend"
buying_signal="Weak Sell Signal"
volume_analysis="Target Volume"
value_analysis="Expected Range"
Aroon_change="FALSE"
Aroon_momentum="65"
Volume_recent_avg="733434"
Change_recent_avg="0.11"
Delta_recent_avg="1.89"
Variance_recent_avg="0.94"
Change_ratio_recent_avg="0.12"
RSI_change="FALSE"
ADX_change="FALSE"

event="FALSE"
Aroon_signal="negative"
Aroon_change="FALSE"
Aroon_momentum_positive="65"
Aroon_momentum_negative="35"
image_negative_thumbnail_id_1="1102"
image_negative_url_1="https://hehge.com/wp-content/uploads/sites/16/2023/06/MI_Finance_Negative_Landscape_0135.jpeg"
image_negative_thumbnail_id_2="1155"
image_negative_url_2="https://hehge.com/wp-content/uploads/sites/16/2023/06/MI_Finance_Negative_Landscape_0189.jpeg"
image_neutral_thumbnail_id_1="546"
image_neutral_url_1="https://hehge.com/wp-content/uploads/sites/16/2023/06/MI_Finance_Neutral_Landscape_0053.jpeg"
image_neutral_thumbnail_id_2="547"
image_neutral_url_2="https://hehge.com/wp-content/uploads/sites/16/2023/06/MI_Finance_Neutral_Landscape_0052.jpeg"
image_positive_thumbnail_id_1="978"
image_positive_url_1="https://hehge.com/wp-content/uploads/sites/16/2023/06/MI_Finance_Positive_Landscape_0140.jpeg"
image_positive_thumbnail_id_2="990"
image_positive_url_2="https://hehge.com/wp-content/uploads/sites/16/2023/06/MI_Finance_Positive_Landscape_0152.jpeg"
image_professor_thumbnail_id_1="1199"
image_professor_url_1="https://hehge.com/wp-content/uploads/sites/16/2023/06/MI_Finance_Professor_Landscape_0033.jpeg"
image_professor_thumbnail_id_2="1178"
image_professor_url_2="https://hehge.com/wp-content/uploads/sites/16/2023/06/MI_Finance_Professor_Landscape_0012.jpeg"
