Symbol="IRNT"
AssetType="Common Stock"
Name="Ironnet Inc"
Description="None"
CIK="1777946"
Exchange="NYSE"
Currency="USD"
Country="USA"
Sector="TECHNOLOGY"
Industry="SERVICES-PREPACKAGED SOFTWARE"
Address="7900 TYSONS ONE PLACE, SUITE 400, MCLEAN, VA, US"
FiscalYearEnd="December"
LatestQuarter="2023-03-31"
MarketCapitalization="25328200"
EBITDA="-105377000"
PERatio="None"
PEGRatio="None"
BookValue="-0.312"
DividendPerShare="0"
DividendYield="0"
EPS="-1.09"
RevenuePerShareTTM="0.262"
ProfitMargin="0"
OperatingMarginTTM="-3.952"
ReturnOnAssetsTTM="-1.172"
ReturnOnEquityTTM="-59.7"
RevenueTTM="27257000"
GrossProfitTTM="18161000"
DilutedEPSTTM="-1.09"
QuarterlyEarningsGrowthYOY="0"
QuarterlyRevenueGrowthYOY="-0.147"
AnalystTargetPrice="0.15"
TrailingPE="-"
ForwardPE="-"
PriceToSalesRatioTTM="0.945"
PriceToBookRatio="7.48"
EVToRevenue="0.194"
EVToEBITDA="-0.0206"
Beta="1.232"
num_52WeekHigh="2.73"
num_52WeekLow="0.136"
num_50DayMovingAverage="0.228"
num_200DayMovingAverage="0.393"
SharesOutstanding="111775000"
DividendDate="None"
ExDividendDate="None"
symbol="IRNT"
open="0.21"
high="0.23"
low="0.21"
price="0.23"
volume="1652256.00"
latest_trading_day="2023-07-10"
previous_close="0.21"
change="0.02"
change_percent="7.1902%"
aroon_positive_momentum_days="54"
aroon_negative_momentum_days="0"
trend_strength="Absent or Weak Trend"
buying_signal="High Volatility / Hold Signal"
volume_analysis="Target Volume"
value_analysis="Expected Range"
Aroon_change="FALSE"
Aroon_momentum="54"
Volume_recent_avg="2800261"
Change_recent_avg="0.01"
Delta_recent_avg="0.04"
Variance_recent_avg="0.02"
Change_ratio_recent_avg="-1.24"
RSI_change="FALSE"
ADX_change="FALSE"

event="FALSE"
Aroon_signal="positive"
Aroon_change="FALSE"
Aroon_momentum_positive="54"
Aroon_momentum_negative="46"
image_negative_thumbnail_id_1="134"
image_negative_url_1="https://hehge.com/wp-content/uploads/sites/16/2023/05/MI_Finance_Negative_Landscape_0042.jpeg"
image_negative_thumbnail_id_2="1093"
image_negative_url_2="https://hehge.com/wp-content/uploads/sites/16/2023/06/MI_Finance_Negative_Landscape_0126.jpeg"
image_neutral_thumbnail_id_1="524"
image_neutral_url_1="https://hehge.com/wp-content/uploads/sites/16/2023/06/MI_Finance_Neutral_Landscape_0075.jpeg"
image_neutral_thumbnail_id_2="571"
image_neutral_url_2="https://hehge.com/wp-content/uploads/sites/16/2023/06/MI_Finance_Neutral_Landscape_0028.jpeg"
image_positive_thumbnail_id_1="982"
image_positive_url_1="https://hehge.com/wp-content/uploads/sites/16/2023/06/MI_Finance_Positive_Landscape_0144.jpeg"
image_positive_thumbnail_id_2="958"
image_positive_url_2="https://hehge.com/wp-content/uploads/sites/16/2023/06/MI_Finance_Positive_Landscape_0120.jpeg"
image_professor_thumbnail_id_1="1186"
image_professor_url_1="https://hehge.com/wp-content/uploads/sites/16/2023/06/MI_Finance_Professor_Landscape_0020.jpeg"
image_professor_thumbnail_id_2="1171"
image_professor_url_2="https://hehge.com/wp-content/uploads/sites/16/2023/06/MI_Finance_Professor_Landscape_0005.jpeg"
