Symbol="NRDS"
AssetType="Common Stock"
Name="Nerdwallet Inc"
Description="NerdWallet, Inc. operates a digital platform that provides consumer-oriented advice on personal finance by connecting individuals and small and medium-sized businesses with providers of financial products. The company is headquartered in San Francisco, California."
CIK="1625278"
Exchange="NASDAQ"
Currency="USD"
Country="USA"
Sector="TECHNOLOGY"
Industry="SERVICES-COMPUTER PROCESSING & DATA PREPARATION"
Address="55 HAWTHORNE STREET, 11TH FLOOR, SAN FRANCISCO, CA, US"
FiscalYearEnd="December"
LatestQuarter="2023-03-31"
MarketCapitalization="665963000"
EBITDA="13300000"
PERatio="217"
PEGRatio="None"
BookValue="4.716"
DividendPerShare="0"
DividendYield="0"
EPS="0.04"
RevenuePerShareTTM="7.96"
ProfitMargin="0.0035"
OperatingMarginTTM="-0.0076"
ReturnOnAssetsTTM="-0.0066"
ReturnOnEquityTTM="0.0065"
RevenueTTM="579400000"
GrossProfitTTM="499100000"
DilutedEPSTTM="0.04"
QuarterlyEarningsGrowthYOY="0"
QuarterlyRevenueGrowthYOY="0.314"
AnalystTargetPrice="17.17"
TrailingPE="217"
ForwardPE="-"
PriceToSalesRatioTTM="1.393"
PriceToBookRatio="2.329"
EVToRevenue="1.318"
EVToEBITDA="-467.23"
Beta="None"
num_52WeekHigh="21.74"
num_52WeekLow="7.8"
num_50DayMovingAverage="10.07"
num_200DayMovingAverage="12.32"
SharesOutstanding="45038100"
DividendDate="None"
ExDividendDate="None"
symbol="NRDS"
open="8.84"
high="9.08"
low="8.65"
price="8.68"
volume="377037.00"
latest_trading_day="2023-07-07"
previous_close="8.82"
change="-0.14"
change_percent="-1.5873%"
aroon_positive_momentum_days="0"
aroon_negative_momentum_days="47"
trend_strength="Absent or Weak Trend"
buying_signal="Weak Sell Signal"
volume_analysis="Target Volume"
value_analysis="Expected Range"
Aroon_change="FALSE"
Aroon_momentum="53"
Volume_recent_avg="724550"
Change_recent_avg="0.01"
Delta_recent_avg="0.84"
Variance_recent_avg="0.42"
Change_ratio_recent_avg="-0.22"
RSI_change="FALSE"
ADX_change="FALSE"

event="FALSE"
Aroon_signal="negative"
Aroon_change="FALSE"
Aroon_momentum_positive="53"
Aroon_momentum_negative="47"
image_negative_thumbnail_id_1="144"
image_negative_url_1="https://hehge.com/wp-content/uploads/sites/16/2023/05/MI_Finance_Negative_Landscape_0032.jpeg"
image_negative_thumbnail_id_2="1114"
image_negative_url_2="https://hehge.com/wp-content/uploads/sites/16/2023/06/MI_Finance_Negative_Landscape_0147.jpeg"
image_neutral_thumbnail_id_1="537"
image_neutral_url_1="https://hehge.com/wp-content/uploads/sites/16/2023/06/MI_Finance_Neutral_Landscape_0062.jpeg"
image_neutral_thumbnail_id_2="591"
image_neutral_url_2="https://hehge.com/wp-content/uploads/sites/16/2023/06/MI_Finance_Neutral_Landscape_0008.jpeg"
image_positive_thumbnail_id_1="641"
image_positive_url_1="https://hehge.com/wp-content/uploads/sites/16/2023/06/MI_Finance_Positive_Landscape_0067.jpeg"
image_positive_thumbnail_id_2="705"
image_positive_url_2="https://hehge.com/wp-content/uploads/sites/16/2023/06/MI_Finance_Positive_Landscape_0003.jpeg"
image_professor_thumbnail_id_1="1195"
image_professor_url_1="https://hehge.com/wp-content/uploads/sites/16/2023/06/MI_Finance_Professor_Landscape_0029.jpeg"
image_professor_thumbnail_id_2="1197"
image_professor_url_2="https://hehge.com/wp-content/uploads/sites/16/2023/06/MI_Finance_Professor_Landscape_0031.jpeg"
