Symbol="VS"
AssetType="Common Stock"
Name="Versus Systems Inc"
Description="Versus Systems Inc. develops and operates a business-to-business software platform that enables video game publishers and developers to deliver prize-based matches of their games to their players in Canada and the United States. The company is headquartered in Vancouver, Canada."
CIK="1701963"
Exchange="NASDAQ"
Currency="USD"
Country="USA"
Sector="TECHNOLOGY"
Industry="SERVICES-COMPUTER PROCESSING & DATA PREPARATION"
Address="#302-1620, W.8TH AVE, VANCOUVER, BC, CA"
FiscalYearEnd="December"
LatestQuarter="2023-03-31"
MarketCapitalization="4743100"
EBITDA="-11412502"
PERatio="None"
PEGRatio="None"
BookValue="1.481"
DividendPerShare="0"
DividendYield="0"
EPS="-9.47"
RevenuePerShareTTM="0.277"
ProfitMargin="0"
OperatingMarginTTM="-12.31"
ReturnOnAssetsTTM="-0.419"
ReturnOnEquityTTM="-1.434"
RevenueTTM="943030"
GrossProfitTTM="29450"
DilutedEPSTTM="-9.47"
QuarterlyEarningsGrowthYOY="0"
QuarterlyRevenueGrowthYOY="-0.512"
AnalystTargetPrice="0.5"
TrailingPE="-"
ForwardPE="-"
PriceToSalesRatioTTM="0.739"
PriceToBookRatio="0.0635"
EVToRevenue="2.343"
EVToEBITDA="-0.31"
Beta="1.469"
num_52WeekHigh="10.5"
num_52WeekLow="0.377"
num_50DayMovingAverage="0.55"
num_200DayMovingAverage="1.162"
SharesOutstanding="10714200"
DividendDate="2020-12-15"
ExDividendDate="None"
symbol="VS"
open="0.44"
high="0.46"
low="0.43"
price="0.43"
volume="83114.00"
latest_trading_day="2023-07-17"
previous_close="0.44"
change="-0.01"
change_percent="-2.2820%"
aroon_positive_momentum_days="0"
aroon_negative_momentum_days="38"
trend_strength="Absent or Weak Trend"
buying_signal="Weak Sell Signal"
volume_analysis="Target Volume"
value_analysis="Expected Range"
Aroon_change="FALSE"
Aroon_momentum="62"
Volume_recent_avg="990992"
Change_recent_avg="0.01"
Delta_recent_avg="0.07"
Variance_recent_avg="0.04"
Change_ratio_recent_avg="-0.85"
RSI_change="FALSE"
ADX_change="FALSE"

event="FALSE"
Aroon_signal="negative"
Aroon_change="FALSE"
Aroon_momentum_positive="62"
Aroon_momentum_negative="38"
image_negative_thumbnail_id_1="171"
image_negative_url_1="https://hehge.com/wp-content/uploads/sites/16/2023/05/MI_Finance_Negative_Landscape_0005.jpeg"
image_negative_thumbnail_id_2="1108"
image_negative_url_2="https://hehge.com/wp-content/uploads/sites/16/2023/06/MI_Finance_Negative_Landscape_0141.jpeg"
image_neutral_thumbnail_id_1="549"
image_neutral_url_1="https://hehge.com/wp-content/uploads/sites/16/2023/06/MI_Finance_Neutral_Landscape_0050.jpeg"
image_neutral_thumbnail_id_2="586"
image_neutral_url_2="https://hehge.com/wp-content/uploads/sites/16/2023/06/MI_Finance_Neutral_Landscape_0013.jpeg"
image_positive_thumbnail_id_1="686"
image_positive_url_1="https://hehge.com/wp-content/uploads/sites/16/2023/06/MI_Finance_Positive_Landscape_0022.jpeg"
image_positive_thumbnail_id_2="968"
image_positive_url_2="https://hehge.com/wp-content/uploads/sites/16/2023/06/MI_Finance_Positive_Landscape_0130.jpeg"
image_professor_thumbnail_id_1="1189"
image_professor_url_1="https://hehge.com/wp-content/uploads/sites/16/2023/06/MI_Finance_Professor_Landscape_0023.jpeg"
image_professor_thumbnail_id_2="1175"
image_professor_url_2="https://hehge.com/wp-content/uploads/sites/16/2023/06/MI_Finance_Professor_Landscape_0009.jpeg"
