Symbol="LAW"
AssetType="Common Stock"
Name="CS Disco LLC"
Description="CS Disco, Inc., a legal technology company, offers artificial intelligence and cloud computing solutions that help attorneys and legal teams solve their clients' legal problems. The company is headquartered in Austin, Texas."
CIK="1625641"
Exchange="NYSE"
Currency="USD"
Country="USA"
Sector="TECHNOLOGY"
Industry="SERVICES-PREPACKAGED SOFTWARE"
Address="3700 N. CAPITAL OF TEXAS HIGHWAY, SUITE 150, AUSTIN, TX, US"
FiscalYearEnd="December"
LatestQuarter="2023-03-31"
MarketCapitalization="496894000"
EBITDA="-78657000"
PERatio="None"
PEGRatio="None"
BookValue="3.551"
DividendPerShare="0"
DividendYield="0"
EPS="-1.39"
RevenuePerShareTTM="2.264"
ProfitMargin="-0.592"
OperatingMarginTTM="-0.604"
ReturnOnAssetsTTM="-0.193"
ReturnOnEquityTTM="-0.336"
RevenueTTM="133851000"
GrossProfitTTM="101027000"
DilutedEPSTTM="-1.39"
QuarterlyEarningsGrowthYOY="0"
QuarterlyRevenueGrowthYOY="-0.039"
AnalystTargetPrice="8.3"
TrailingPE="-"
ForwardPE="-"
PriceToSalesRatioTTM="3.128"
PriceToBookRatio="1.732"
EVToRevenue="1.5"
EVToEBITDA="-3.543"
Beta="None"
num_52WeekHigh="29.99"
num_52WeekLow="5.27"
num_50DayMovingAverage="7.18"
num_200DayMovingAverage="7.69"
SharesOutstanding="59651000"
DividendDate="None"
ExDividendDate="None"
symbol="LAW"
open="8.45"
high="8.82"
low="8.31"
price="8.33"
volume="231208.00"
latest_trading_day="2023-07-07"
previous_close="8.42"
change="-0.09"
change_percent="-1.0689%"
aroon_positive_momentum_days="65"
aroon_negative_momentum_days="0"
trend_strength="Absent or Weak Trend"
buying_signal="Weak Buy Signal"
volume_analysis="Target Volume"
value_analysis="Expected Range"
Aroon_change="FALSE"
Aroon_momentum="65"
Volume_recent_avg="359282"
Change_recent_avg="0.03"
Delta_recent_avg="0.39"
Variance_recent_avg="0.2"
Change_ratio_recent_avg="0.33"
RSI_change="FALSE"
ADX_change="FALSE"

event="FALSE"
Aroon_signal="positive"
Aroon_change="FALSE"
Aroon_momentum_positive="65"
Aroon_momentum_negative="35"
image_negative_thumbnail_id_1="119"
image_negative_url_1="https://hehge.com/wp-content/uploads/sites/16/2023/05/MI_Finance_Negative_Landscape_0057.jpeg"
image_negative_thumbnail_id_2="110"
image_negative_url_2="https://hehge.com/wp-content/uploads/sites/16/2023/05/MI_Finance_Negative_Landscape_0066.jpeg"
image_neutral_thumbnail_id_1="549"
image_neutral_url_1="https://hehge.com/wp-content/uploads/sites/16/2023/06/MI_Finance_Neutral_Landscape_0050.jpeg"
image_neutral_thumbnail_id_2="532"
image_neutral_url_2="https://hehge.com/wp-content/uploads/sites/16/2023/06/MI_Finance_Neutral_Landscape_0067.jpeg"
image_positive_thumbnail_id_1="602"
image_positive_url_1="https://hehge.com/wp-content/uploads/sites/16/2023/06/MI_Finance_Positive_Landscape_0106.jpeg"
image_positive_thumbnail_id_2="643"
image_positive_url_2="https://hehge.com/wp-content/uploads/sites/16/2023/06/MI_Finance_Positive_Landscape_0065.jpeg"
image_professor_thumbnail_id_1="1195"
image_professor_url_1="https://hehge.com/wp-content/uploads/sites/16/2023/06/MI_Finance_Professor_Landscape_0029.jpeg"
image_professor_thumbnail_id_2="1167"
image_professor_url_2="https://hehge.com/wp-content/uploads/sites/16/2023/06/MI_Finance_Professor_Landscape_0001.jpeg"
