Symbol="RAND"
AssetType="Common Stock"
Name="Rand Capital Corp"
Description="None"
CIK="81955"
Exchange="NASDAQ"
Currency="USD"
Country="USA"
Sector="TECHNOLOGY"
Industry="GENERAL"
Address="NONE"
FiscalYearEnd="December"
LatestQuarter="2023-03-31"
MarketCapitalization="34895400"
EBITDA="4728400"
PERatio="20.48"
PEGRatio="0"
BookValue="23.0"
DividendPerShare="0.7"
DividendYield="0.072"
EPS="0.66"
RevenuePerShareTTM="2.515"
ProfitMargin="0.262"
OperatingMarginTTM="0.755"
ReturnOnAssetsTTM="0.0455"
ReturnOnEquityTTM="0.0285"
RevenueTTM="6491900"
GrossProfitTTM="5765200"
DilutedEPSTTM="0.66"
QuarterlyEarningsGrowthYOY="-0.661"
QuarterlyRevenueGrowthYOY="0.646"
AnalystTargetPrice="None"
TrailingPE="20.48"
ForwardPE="-"
PriceToSalesRatioTTM="7.27"
PriceToBookRatio="0.66"
EVToRevenue="-"
EVToEBITDA="-"
Beta="0.329"
num_52WeekHigh="17.52"
num_52WeekLow="12.42"
num_50DayMovingAverage="13.23"
num_200DayMovingAverage="13.79"
SharesOutstanding="2581000"
DividendDate="2023-06-14"
ExDividendDate="2023-05-30"
symbol="RAND"
open="13.89"
high="13.89"
low="13.89"
price="13.89"
volume="17.00"
latest_trading_day="2023-07-21"
previous_close="13.89"
change="0.00"
change_percent="0.0000%"
aroon_positive_momentum_days="36"
aroon_negative_momentum_days="0"
trend_strength="Absent or Weak Trend"
buying_signal="Weak Buy Signal"
volume_analysis="Target Volume"
value_analysis="Expected Range"
Aroon_change="FALSE"
Aroon_momentum="36"
Volume_recent_avg="588"
Change_recent_avg="0.01"
Delta_recent_avg="0.1"
Variance_recent_avg="0.05"
Change_ratio_recent_avg="-0.02"
RSI_change="FALSE"
ADX_change="FALSE"

event="FALSE"
Aroon_signal="positive"
Aroon_change="FALSE"
Aroon_momentum_positive="36"
Aroon_momentum_negative="64"
image_negative_thumbnail_id_1="1159"
image_negative_url_1="https://hehge.com/wp-content/uploads/sites/16/2023/06/MI_Finance_Negative_Landscape_0193.jpeg"
image_negative_thumbnail_id_2="501"
image_negative_url_2="https://hehge.com/wp-content/uploads/sites/16/2023/06/MI_Finance_Negative_Landscape_0104.jpeg"
image_neutral_thumbnail_id_1="586"
image_neutral_url_1="https://hehge.com/wp-content/uploads/sites/16/2023/06/MI_Finance_Neutral_Landscape_0013.jpeg"
image_neutral_thumbnail_id_2="562"
image_neutral_url_2="https://hehge.com/wp-content/uploads/sites/16/2023/06/MI_Finance_Neutral_Landscape_0037.jpeg"
image_positive_thumbnail_id_1="950"
image_positive_url_1="https://hehge.com/wp-content/uploads/sites/16/2023/06/MI_Finance_Positive_Landscape_0112.jpeg"
image_positive_thumbnail_id_2="644"
image_positive_url_2="https://hehge.com/wp-content/uploads/sites/16/2023/06/MI_Finance_Positive_Landscape_0064.jpeg"
image_professor_thumbnail_id_1="1184"
image_professor_url_1="https://hehge.com/wp-content/uploads/sites/16/2023/06/MI_Finance_Professor_Landscape_0018.jpeg"
image_professor_thumbnail_id_2="1193"
image_professor_url_2="https://hehge.com/wp-content/uploads/sites/16/2023/06/MI_Finance_Professor_Landscape_0027.jpeg"
