Symbol="TSP"
AssetType="Common Stock"
Name="Tusimple Holdings Inc"
Description="TuSimple Holdings Inc., an autonomous technology company, develops autonomous technology designed specifically for semi-trailers in the United States and internationally. The company is headquartered in San Diego, California."
CIK="1823593"
Exchange="NASDAQ"
Currency="USD"
Country="USA"
Sector="TECHNOLOGY"
Industry="SERVICES-COMPUTER INTEGRATED SYSTEMS DESIGN"
Address="9191 TOWNE CENTRE DRIVE, SUITE 600, SAN DIEGO, CA, US"
FiscalYearEnd="December"
LatestQuarter="2022-09-30"
MarketCapitalization="514614000"
EBITDA="-405008992"
PERatio="None"
PEGRatio="None"
BookValue="4.748"
DividendPerShare="0"
DividendYield="0"
EPS="-1.19"
RevenuePerShareTTM="0.043"
ProfitMargin="0"
OperatingMarginTTM="-43.5"
ReturnOnAssetsTTM="-0.197"
ReturnOnEquityTTM="-0.362"
RevenueTTM="9561000"
GrossProfitTTM="-6108000"
DilutedEPSTTM="-1.19"
QuarterlyEarningsGrowthYOY="0"
QuarterlyRevenueGrowthYOY="0.486"
AnalystTargetPrice="3.65"
TrailingPE="-"
ForwardPE="-"
PriceToSalesRatioTTM="37.67"
PriceToBookRatio="0.337"
EVToRevenue="35.8"
EVToEBITDA="1.606"
Beta="0.778"
num_52WeekHigh="10.85"
num_52WeekLow="0.75"
num_50DayMovingAverage="1.827"
num_200DayMovingAverage="2.455"
SharesOutstanding="201708000"
DividendDate="None"
ExDividendDate="None"
symbol="TSP"
open="2.25"
high="2.35"
low="2.20"
price="2.33"
volume="1063223.00"
latest_trading_day="2023-07-17"
previous_close="2.28"
change="0.05"
change_percent="2.1930%"
aroon_positive_momentum_days="53"
aroon_negative_momentum_days="0"
trend_strength="Absent or Weak Trend"
buying_signal="Weak Buy Signal"
volume_analysis="Target Volume"
value_analysis="Expected Range"
Aroon_change="FALSE"
Aroon_momentum="53"
Volume_recent_avg="2521099"
Change_recent_avg="0.01"
Delta_recent_avg="0.16"
Variance_recent_avg="0.08"
Change_ratio_recent_avg="0.06"
RSI_change="FALSE"
ADX_change="FALSE"

event="FALSE"
Aroon_signal="positive"
Aroon_change="FALSE"
Aroon_momentum_positive="53"
Aroon_momentum_negative="47"
image_negative_thumbnail_id_1="132"
image_negative_url_1="https://hehge.com/wp-content/uploads/sites/16/2023/05/MI_Finance_Negative_Landscape_0044.jpeg"
image_negative_thumbnail_id_2="93"
image_negative_url_2="https://hehge.com/wp-content/uploads/sites/16/2023/05/MI_Finance_Negative_Landscape_0083.jpeg"
image_neutral_thumbnail_id_1="597"
image_neutral_url_1="https://hehge.com/wp-content/uploads/sites/16/2023/06/MI_Finance_Neutral_Landscape_0002.jpeg"
image_neutral_thumbnail_id_2="534"
image_neutral_url_2="https://hehge.com/wp-content/uploads/sites/16/2023/06/MI_Finance_Neutral_Landscape_0065.jpeg"
image_positive_thumbnail_id_1="956"
image_positive_url_1="https://hehge.com/wp-content/uploads/sites/16/2023/06/MI_Finance_Positive_Landscape_0118.jpeg"
image_positive_thumbnail_id_2="965"
image_positive_url_2="https://hehge.com/wp-content/uploads/sites/16/2023/06/MI_Finance_Positive_Landscape_0127.jpeg"
image_professor_thumbnail_id_1="1186"
image_professor_url_1="https://hehge.com/wp-content/uploads/sites/16/2023/06/MI_Finance_Professor_Landscape_0020.jpeg"
image_professor_thumbnail_id_2="1175"
image_professor_url_2="https://hehge.com/wp-content/uploads/sites/16/2023/06/MI_Finance_Professor_Landscape_0009.jpeg"
