Symbol="CLBTW"
AssetType="Common Stock"
Name="Cellebrite DI Equity Warrants"
Description="Cellebrite DI Ltd. provides digital intelligence solutions for the public and private sectors globally. The company is headquartered in Petah Tikva, Israel."
CIK="1854587"
Exchange="NASDAQ"
Currency="USD"
Country="USA"
Sector="TECHNOLOGY"
Industry="SERVICES-PREPACKAGED SOFTWARE"
Address="94 SHLOMO SHMELZER ROAD, PETAH TIKVA, IL"
FiscalYearEnd="December"
LatestQuarter="2023-03-31"
MarketCapitalization="None"
EBITDA="32585000"
PERatio="18.75"
PEGRatio="None"
BookValue="0.593"
DividendPerShare="None"
DividendYield="0"
EPS="0.056"
RevenuePerShareTTM="1.703"
ProfitMargin="0.101"
OperatingMarginTTM="0.12"
ReturnOnAssetsTTM="0"
ReturnOnEquityTTM="0"
RevenueTTM="222860000"
GrossProfitTTM="0"
DilutedEPSTTM="0.056"
QuarterlyEarningsGrowthYOY="0"
QuarterlyRevenueGrowthYOY="0.293"
AnalystTargetPrice="None"
TrailingPE="18.75"
ForwardPE="-"
PriceToSalesRatioTTM="-"
PriceToBookRatio="-"
EVToRevenue="-"
EVToEBITDA="-"
Beta="None"
num_52WeekHigh="1.26"
num_52WeekLow="0.5"
num_50DayMovingAverage="0"
num_200DayMovingAverage="0"
SharesOutstanding="0"
DividendDate="None"
ExDividendDate="None"
symbol="CLBTW"
open="1.04"
high="1.10"
low="1.04"
price="1.10"
volume="4127.00"
latest_trading_day="2023-07-13"
previous_close="1.05"
change="0.05"
change_percent="4.7619%"
aroon_positive_momentum_days="81"
aroon_negative_momentum_days="0"
trend_strength="Absent or Weak Trend"
buying_signal="Strong Buy Signal"
volume_analysis="Target Volume"
value_analysis="Expected Range"
Aroon_change="FALSE"
Aroon_momentum="81"
Volume_recent_avg="30072"
Change_recent_avg="-0.01"
Delta_recent_avg="0.06"
Variance_recent_avg="0.03"
Change_ratio_recent_avg="-1.58"
RSI_change="FALSE"
ADX_change="FALSE"

event="FALSE"
Aroon_signal="positive"
Aroon_change="FALSE"
Aroon_momentum_positive="81"
Aroon_momentum_negative="19"
image_negative_thumbnail_id_1="119"
image_negative_url_1="https://hehge.com/wp-content/uploads/sites/16/2023/05/MI_Finance_Negative_Landscape_0057.jpeg"
image_negative_thumbnail_id_2="112"
image_negative_url_2="https://hehge.com/wp-content/uploads/sites/16/2023/05/MI_Finance_Negative_Landscape_0064.jpeg"
image_neutral_thumbnail_id_1="548"
image_neutral_url_1="https://hehge.com/wp-content/uploads/sites/16/2023/06/MI_Finance_Neutral_Landscape_0051.jpeg"
image_neutral_thumbnail_id_2="596"
image_neutral_url_2="https://hehge.com/wp-content/uploads/sites/16/2023/06/MI_Finance_Neutral_Landscape_0003.jpeg"
image_positive_thumbnail_id_1="988"
image_positive_url_1="https://hehge.com/wp-content/uploads/sites/16/2023/06/MI_Finance_Positive_Landscape_0150.jpeg"
image_positive_thumbnail_id_2="647"
image_positive_url_2="https://hehge.com/wp-content/uploads/sites/16/2023/06/MI_Finance_Positive_Landscape_0061.jpeg"
image_professor_thumbnail_id_1="1175"
image_professor_url_1="https://hehge.com/wp-content/uploads/sites/16/2023/06/MI_Finance_Professor_Landscape_0009.jpeg"
image_professor_thumbnail_id_2="1171"
image_professor_url_2="https://hehge.com/wp-content/uploads/sites/16/2023/06/MI_Finance_Professor_Landscape_0005.jpeg"
