Symbol="MRDB"
AssetType="Common Stock"
Name="MariaDB plc"
Description="None"
CIK="1929589"
Exchange="NYSE"
Currency="USD"
Country="USA"
Sector="TECHNOLOGY"
Industry="SERVICES-PREPACKAGED SOFTWARE"
Address="699 VETERANS BLVD, REDWOOD CITY, CA, UNITED STATES"
FiscalYearEnd="September"
LatestQuarter="2023-03-31"
MarketCapitalization="61059000"
EBITDA="-51785000"
PERatio="None"
PEGRatio="None"
BookValue="-0.299"
DividendPerShare="0"
DividendYield="0"
EPS="-0.79"
RevenuePerShareTTM="0.649"
ProfitMargin="-0.963"
OperatingMarginTTM="-1.08"
ReturnOnAssetsTTM="-0.595"
ReturnOnEquityTTM="0"
RevenueTTM="48570000"
GrossProfitTTM="30124000"
DilutedEPSTTM="-0.79"
QuarterlyEarningsGrowthYOY="0"
QuarterlyRevenueGrowthYOY="0.26"
AnalystTargetPrice="None"
TrailingPE="-"
ForwardPE="-"
PriceToSalesRatioTTM="-"
PriceToBookRatio="-"
EVToRevenue="-"
EVToEBITDA="-"
Beta="0.21"
num_52WeekHigh="14.45"
num_52WeekLow="0.781"
num_50DayMovingAverage="0.932"
num_200DayMovingAverage="3.795"
SharesOutstanding="66914000"
DividendDate="None"
ExDividendDate="None"
symbol="MRDB"
open="0.99"
high="1.00"
low="0.93"
price="0.99"
volume="7283.00"
latest_trading_day="2023-08-04"
previous_close="0.93"
change="0.06"
change_percent="5.9056%"
aroon_positive_momentum_days="0"
aroon_negative_momentum_days="100"
trend_strength="Absent or Weak Trend"
buying_signal="Weak Sell Signal"
volume_analysis="Trending High"
value_analysis="Bullish Trend"
Aroon_change="FALSE"
Aroon_momentum="0"
Volume_recent_avg="63414"
Change_recent_avg="-0.03"
Delta_recent_avg="0.11"
Variance_recent_avg="0.05"
Change_ratio_recent_avg="-2.05"
RSI_change="FALSE"
ADX_change="FALSE"
Aroon_signal="negative"
Aroon_change="FALSE"
Aroon_momentum_positive="0"
Aroon_momentum_negative="100"
image_negative_thumbnail_id_1="495"
image_negative_url_1="https://hehge.com/wp-content/uploads/sites/16/2023/06/MI_Finance_Negative_Landscape_0110.jpeg"
image_negative_thumbnail_id_2="105"
image_negative_url_2="https://hehge.com/wp-content/uploads/sites/16/2023/05/MI_Finance_Negative_Landscape_0071.jpeg"
image_neutral_thumbnail_id_1="583"
image_neutral_url_1="https://hehge.com/wp-content/uploads/sites/16/2023/06/MI_Finance_Neutral_Landscape_0016.jpeg"
image_neutral_thumbnail_id_2="531"
image_neutral_url_2="https://hehge.com/wp-content/uploads/sites/16/2023/06/MI_Finance_Neutral_Landscape_0068.jpeg"
image_positive_thumbnail_id_1="626"
image_positive_url_1="https://hehge.com/wp-content/uploads/sites/16/2023/06/MI_Finance_Positive_Landscape_0082.jpeg"
image_positive_thumbnail_id_2="637"
image_positive_url_2="https://hehge.com/wp-content/uploads/sites/16/2023/06/MI_Finance_Positive_Landscape_0071.jpeg"
image_professor_thumbnail_id_1="1174"
image_professor_url_1="https://hehge.com/wp-content/uploads/sites/16/2023/06/MI_Finance_Professor_Landscape_0008.jpeg"
image_professor_thumbnail_id_2="1195"
image_professor_url_2="https://hehge.com/wp-content/uploads/sites/16/2023/06/MI_Finance_Professor_Landscape_0029.jpeg"
