Symbol="ATUS"
AssetType="Common Stock"
Name="Altice USA Inc"
Description="Altice USA, Inc. provides broadband communications and video services in the United States, Canada, Puerto Rico, and the Virgin Islands. "
CIK="1702780"
Exchange="NYSE"
Currency="USD"
Country="USA"
Sector="TECHNOLOGY"
Industry="CABLE & OTHER PAY TELEVISION SERVICES"
Address="1 COURT SQUARE WEST, LONG ISLAND CITY, NY, US"
FiscalYearEnd="December"
LatestQuarter="2023-03-31"
MarketCapitalization="1366644000"
EBITDA="3622483000"
PERatio="45.36"
PEGRatio="0.699"
BookValue="-1.037"
DividendPerShare="0"
DividendYield="0"
EPS="0.07"
RevenuePerShareTTM="20.99"
ProfitMargin="0.0025"
OperatingMarginTTM="0.196"
ReturnOnAssetsTTM="0.0359"
ReturnOnEquityTTM="0.824"
RevenueTTM="9519740000"
GrossProfitTTM="6442021000"
DilutedEPSTTM="0.07"
QuarterlyEarningsGrowthYOY="-0.868"
QuarterlyRevenueGrowthYOY="-0.053"
AnalystTargetPrice="4.54"
TrailingPE="45.36"
ForwardPE="3.873"
PriceToSalesRatioTTM="0.183"
PriceToBookRatio="28.76"
EVToRevenue="2.872"
EVToEBITDA="7.22"
Beta="1.37"
num_52WeekHigh="13.17"
num_52WeekLow="2.01"
num_50DayMovingAverage="2.765"
num_200DayMovingAverage="4.191"
SharesOutstanding="270340000"
DividendDate="2018-06-06"
ExDividendDate="2018-06-07"
symbol="ATUS"
open="3.14"
high="3.25"
low="3.01"
price="3.22"
volume="4911418.00"
latest_trading_day="2023-07-05"
previous_close="3.19"
change="0.03"
change_percent="0.9404%"
aroon_positive_momentum_days="0"
aroon_negative_momentum_days="89"
trend_strength="Absent or Weak Trend"
buying_signal="Weak Sell Signal"
volume_analysis="Target Volume"
value_analysis="Expected Range"
Aroon_change="FALSE"
Aroon_momentum="11"
Volume_recent_avg="4785975"
Change_recent_avg="-0.01"
Delta_recent_avg="0.24"
Variance_recent_avg="0.12"
Change_ratio_recent_avg="-0.5"
RSI_change="FALSE"
ADX_change="FALSE"

event="FALSE"
Aroon_signal="negative"
Aroon_change="FALSE"
Aroon_momentum_positive="11"
Aroon_momentum_negative="89"
image_negative_thumbnail_id_1="491"
image_negative_url_1="https://hehge.com/wp-content/uploads/sites/16/2023/06/MI_Finance_Negative_Landscape_0114.jpeg"
image_negative_thumbnail_id_2="115"
image_negative_url_2="https://hehge.com/wp-content/uploads/sites/16/2023/05/MI_Finance_Negative_Landscape_0061.jpeg"
image_neutral_thumbnail_id_1="561"
image_neutral_url_1="https://hehge.com/wp-content/uploads/sites/16/2023/06/MI_Finance_Neutral_Landscape_0038.jpeg"
image_neutral_thumbnail_id_2="531"
image_neutral_url_2="https://hehge.com/wp-content/uploads/sites/16/2023/06/MI_Finance_Neutral_Landscape_0068.jpeg"
image_positive_thumbnail_id_1="653"
image_positive_url_1="https://hehge.com/wp-content/uploads/sites/16/2023/06/MI_Finance_Positive_Landscape_0055.jpeg"
image_positive_thumbnail_id_2="985"
image_positive_url_2="https://hehge.com/wp-content/uploads/sites/16/2023/06/MI_Finance_Positive_Landscape_0147.jpeg"
image_professor_thumbnail_id_1="1183"
image_professor_url_1="https://hehge.com/wp-content/uploads/sites/16/2023/06/MI_Finance_Professor_Landscape_0017.jpeg"
image_professor_thumbnail_id_2="1182"
image_professor_url_2="https://hehge.com/wp-content/uploads/sites/16/2023/06/MI_Finance_Professor_Landscape_0016.jpeg"
