Symbol="BKR"
AssetType="Common Stock"
Name="Baker Hughes Co"
Description="Baker Hughes Company is an American international industrial service company and one of the world's largest oil field services companies. The company provides the oil and gas industry with products and services for oil drilling, formation evaluation, completion, production and reservoir consulting. Baker Hughes is headquartered in Houston."
CIK="1701605"
Exchange="NASDAQ"
Currency="USD"
Country="USA"
Sector="TECHNOLOGY"
Industry="OIL & GAS FIELD MACHINERY & EQUIPMENT"
Address="17021 ALDINE WESTFIELD ROAD, HOUSTON, TX, US"
FiscalYearEnd="December"
LatestQuarter="2023-06-30"
MarketCapitalization="36019909000"
EBITDA="3092000000"
PERatio="30.81"
PEGRatio="1.317"
BookValue="14.31"
DividendPerShare="0"
DividendYield="0.0219"
EPS="1.15"
RevenuePerShareTTM="21.43"
ProfitMargin="0"
OperatingMarginTTM="0"
ReturnOnAssetsTTM="0.0364"
ReturnOnEquityTTM="-0.0049"
RevenueTTM="22037000000"
GrossProfitTTM="4431000000"
DilutedEPSTTM="1.15"
QuarterlyEarningsGrowthYOY="6.43"
QuarterlyRevenueGrowthYOY="0.182"
AnalystTargetPrice="39.04"
TrailingPE="30.81"
ForwardPE="16.29"
PriceToSalesRatioTTM="1.412"
PriceToBookRatio="1.919"
EVToRevenue="1.493"
EVToEBITDA="17.93"
Beta="1.496"
num_52WeekHigh="35.87"
num_52WeekLow="20.02"
num_50DayMovingAverage="30.56"
num_200DayMovingAverage="29.36"
SharesOutstanding="1012360000"
DividendDate="2023-06-09"
ExDividendDate="2023-05-26"
symbol="BKR"
open="34.84"
high="35.57"
low="34.42"
price="35.43"
volume="23644198.00"
latest_trading_day="2023-07-21"
previous_close="34.66"
change="0.77"
change_percent="2.2216%"
aroon_positive_momentum_days="43"
aroon_negative_momentum_days="0"
trend_strength="Absent or Weak Trend"
buying_signal="Strong Buy Signal"
volume_analysis="Trending Low"
value_analysis="Bearish Trend"
Aroon_change="FALSE"
Aroon_momentum="43"
Volume_recent_avg="7324922"
Change_recent_avg="0.06"
Delta_recent_avg="0.83"
Variance_recent_avg="0.41"
Change_ratio_recent_avg="0.18"
RSI_change="FALSE"
ADX_change="FALSE"

event="FALSE"
Aroon_signal="positive"
Aroon_change="FALSE"
Aroon_momentum_positive="43"
Aroon_momentum_negative="57"
image_negative_thumbnail_id_1="132"
image_negative_url_1="https://hehge.com/wp-content/uploads/sites/16/2023/05/MI_Finance_Negative_Landscape_0044.jpeg"
image_negative_thumbnail_id_2="1128"
image_negative_url_2="https://hehge.com/wp-content/uploads/sites/16/2023/06/MI_Finance_Negative_Landscape_0161.jpeg"
image_neutral_thumbnail_id_1="560"
image_neutral_url_1="https://hehge.com/wp-content/uploads/sites/16/2023/06/MI_Finance_Neutral_Landscape_0039.jpeg"
image_neutral_thumbnail_id_2="533"
image_neutral_url_2="https://hehge.com/wp-content/uploads/sites/16/2023/06/MI_Finance_Neutral_Landscape_0066.jpeg"
image_positive_thumbnail_id_1="964"
image_positive_url_1="https://hehge.com/wp-content/uploads/sites/16/2023/06/MI_Finance_Positive_Landscape_0126.jpeg"
image_positive_thumbnail_id_2="1166"
image_positive_url_2="https://hehge.com/wp-content/uploads/sites/16/2023/06/MI_Finance_Positive_Negative_0187.jpeg"
image_professor_thumbnail_id_1="1196"
image_professor_url_1="https://hehge.com/wp-content/uploads/sites/16/2023/06/MI_Finance_Professor_Landscape_0030.jpeg"
image_professor_thumbnail_id_2="1197"
image_professor_url_2="https://hehge.com/wp-content/uploads/sites/16/2023/06/MI_Finance_Professor_Landscape_0031.jpeg"
