Symbol="LBRDA"
AssetType="Common Stock"
Name="Liberty Broadband Srs A"
Description="Liberty Broadband Corporation, a cable operator, provides video, Internet and voice services to residential and small and medium business customers in the United States. The company is headquartered in Englewood, Colorado."
CIK="1611983"
Exchange="NASDAQ"
Currency="USD"
Country="USA"
Sector="TECHNOLOGY"
Industry="CABLE & OTHER PAY TELEVISION SERVICES"
Address="12300 LIBERTY BLVD, ENGLEWOOD, CO, US"
FiscalYearEnd="December"
LatestQuarter="2023-03-31"
MarketCapitalization="12023310000"
EBITDA="293000000"
PERatio="12.01"
PEGRatio="-657"
BookValue="58.59"
DividendPerShare="0"
DividendYield="0"
EPS="6.82"
RevenuePerShareTTM="6.48"
ProfitMargin="1.045"
OperatingMarginTTM="0.0376"
ReturnOnAssetsTTM="0.0015"
ReturnOnEquityTTM="0.113"
RevenueTTM="983000000"
GrossProfitTTM="722000000"
DilutedEPSTTM="6.82"
QuarterlyEarningsGrowthYOY="-0.734"
QuarterlyRevenueGrowthYOY="0.034"
AnalystTargetPrice="135"
TrailingPE="12.01"
ForwardPE="10.96"
PriceToSalesRatioTTM="10.76"
PriceToBookRatio="1.323"
EVToRevenue="15.48"
EVToEBITDA="6.95"
Beta="1.131"
num_52WeekHigh="123.74"
num_52WeekLow="68.15"
num_50DayMovingAverage="76.85"
num_200DayMovingAverage="81.53"
SharesOutstanding="18221600"
DividendDate="2021-01-15"
ExDividendDate="None"
symbol="LBRDA"
open="81.36"
high="83.15"
low="80.53"
price="80.86"
volume="190318.00"
latest_trading_day="2023-07-10"
previous_close="81.22"
change="-0.36"
change_percent="-0.4432%"
aroon_positive_momentum_days="0"
aroon_negative_momentum_days="69"
trend_strength="Absent or Weak Trend"
buying_signal="Weak Sell Signal"
volume_analysis="Target Volume"
value_analysis="Expected Range"
Aroon_change="FALSE"
Aroon_momentum="31"
Volume_recent_avg="144167"
Change_recent_avg="-0.04"
Delta_recent_avg="2.14"
Variance_recent_avg="1.07"
Change_ratio_recent_avg="-0.07"
RSI_change="FALSE"
ADX_change="FALSE"

event="FALSE"
Aroon_signal="negative"
Aroon_change="FALSE"
Aroon_momentum_positive="31"
Aroon_momentum_negative="69"
image_negative_thumbnail_id_1="172"
image_negative_url_1="https://hehge.com/wp-content/uploads/sites/16/2023/05/MI_Finance_Negative_Landscape_0004.jpeg"
image_negative_thumbnail_id_2="146"
image_negative_url_2="https://hehge.com/wp-content/uploads/sites/16/2023/05/MI_Finance_Negative_Landscape_0030.jpeg"
image_neutral_thumbnail_id_1="579"
image_neutral_url_1="https://hehge.com/wp-content/uploads/sites/16/2023/06/MI_Finance_Neutral_Landscape_0020.jpeg"
image_neutral_thumbnail_id_2="550"
image_neutral_url_2="https://hehge.com/wp-content/uploads/sites/16/2023/06/MI_Finance_Neutral_Landscape_0049.jpeg"
image_positive_thumbnail_id_1="623"
image_positive_url_1="https://hehge.com/wp-content/uploads/sites/16/2023/06/MI_Finance_Positive_Landscape_0085.jpeg"
image_positive_thumbnail_id_2="612"
image_positive_url_2="https://hehge.com/wp-content/uploads/sites/16/2023/06/MI_Finance_Positive_Landscape_0096.jpeg"
image_professor_thumbnail_id_1="1172"
image_professor_url_1="https://hehge.com/wp-content/uploads/sites/16/2023/06/MI_Finance_Professor_Landscape_0006.jpeg"
image_professor_thumbnail_id_2="1194"
image_professor_url_2="https://hehge.com/wp-content/uploads/sites/16/2023/06/MI_Finance_Professor_Landscape_0028.jpeg"
