Symbol="LBRDA"
AssetType="Common Stock"
Name="Liberty Broadband Srs A"
Description="Liberty Broadband Corporation, a cable operator, provides video, Internet and voice services to residential and small and medium business customers in the United States. The company is headquartered in Englewood, Colorado."
CIK="1611983"
Exchange="NASDAQ"
Currency="USD"
Country="USA"
Sector="TECHNOLOGY"
Industry="CABLE & OTHER PAY TELEVISION SERVICES"
Address="12300 LIBERTY BLVD, ENGLEWOOD, CO, US"
FiscalYearEnd="December"
LatestQuarter="2023-03-31"
MarketCapitalization="13415921000"
EBITDA="293000000"
PERatio="13.88"
PEGRatio="-657"
BookValue="58.59"
DividendPerShare="0"
DividendYield="0"
EPS="6.6"
RevenuePerShareTTM="6.48"
ProfitMargin="1.045"
OperatingMarginTTM="0.0376"
ReturnOnAssetsTTM="0.0015"
ReturnOnEquityTTM="0.113"
RevenueTTM="983000000"
GrossProfitTTM="722000000"
DilutedEPSTTM="6.6"
QuarterlyEarningsGrowthYOY="-0.734"
QuarterlyRevenueGrowthYOY="0.034"
AnalystTargetPrice="135"
TrailingPE="13.88"
ForwardPE="10.96"
PriceToSalesRatioTTM="10.76"
PriceToBookRatio="1.323"
EVToRevenue="15.48"
EVToEBITDA="6.95"
Beta="1.141"
num_52WeekHigh="120.71"
num_52WeekLow="68.15"
num_50DayMovingAverage="79.45"
num_200DayMovingAverage="82.12"
SharesOutstanding="18221600"
DividendDate="2021-01-15"
ExDividendDate="None"
symbol="LBRDA"
open="90.67"
high="93.67"
low="90.05"
price="92.56"
volume="126796.00"
latest_trading_day="2023-08-03"
previous_close="91.55"
change="1.01"
change_percent="1.1032%"
aroon_positive_momentum_days="25"
aroon_negative_momentum_days="0"
trend_strength="Absent or Weak Trend"
buying_signal="Weak Buy Signal"
volume_analysis="Target Volume"
value_analysis="Expected Range"
Aroon_change="FALSE"
Aroon_momentum="25"
Volume_recent_avg="148136"
Change_recent_avg="0.17"
Delta_recent_avg="2.1"
Variance_recent_avg="1.05"
Change_ratio_recent_avg="0.19"
RSI_change="FALSE"
ADX_change="FALSE"

event="FALSE"
Aroon_signal="positive"
Aroon_change="FALSE"
Aroon_momentum_positive="25"
Aroon_momentum_negative="75"
image_negative_thumbnail_id_1="487"
image_negative_url_1="https://hehge.com/wp-content/uploads/sites/16/2023/06/MI_Finance_Negative_Landscape_0118.jpeg"
image_negative_thumbnail_id_2="130"
image_negative_url_2="https://hehge.com/wp-content/uploads/sites/16/2023/05/MI_Finance_Negative_Landscape_0046.jpeg"
image_neutral_thumbnail_id_1="523"
image_neutral_url_1="https://hehge.com/wp-content/uploads/sites/16/2023/06/MI_Finance_Neutral_Landscape_0076.jpeg"
image_neutral_thumbnail_id_2="572"
image_neutral_url_2="https://hehge.com/wp-content/uploads/sites/16/2023/06/MI_Finance_Neutral_Landscape_0027.jpeg"
image_positive_thumbnail_id_1="671"
image_positive_url_1="https://hehge.com/wp-content/uploads/sites/16/2023/06/MI_Finance_Positive_Landscape_0037.jpeg"
image_positive_thumbnail_id_2="639"
image_positive_url_2="https://hehge.com/wp-content/uploads/sites/16/2023/06/MI_Finance_Positive_Landscape_0069.jpeg"
image_professor_thumbnail_id_1="1193"
image_professor_url_1="https://hehge.com/wp-content/uploads/sites/16/2023/06/MI_Finance_Professor_Landscape_0027.jpeg"
image_professor_thumbnail_id_2="1175"
image_professor_url_2="https://hehge.com/wp-content/uploads/sites/16/2023/06/MI_Finance_Professor_Landscape_0009.jpeg"
