Symbol="DOCN"
AssetType="Common Stock"
Name="DigitalOcean Holdings Inc"
Description="DigitalOcean Holdings, Inc. operates a cloud computing platform that provides platform infrastructure and tools for developers, startups, and small and medium-sized businesses in North America, Europe, Asia, and internationally. The company is headquartered in New York, New York."
CIK="1582961"
Exchange="NYSE"
Currency="USD"
Country="USA"
Sector="TECHNOLOGY"
Industry="SERVICES-COMPUTER PROGRAMMING, DATA PROCESSING, ETC."
Address="101 AVENUE OF THE AMERICAS, 10TH FLOOR, NEW YORK, NY, US"
FiscalYearEnd="December"
LatestQuarter="2023-03-31"
MarketCapitalization="4320136000"
EBITDA="81243000"
PERatio="None"
PEGRatio="1.871"
BookValue="-2.419"
DividendPerShare="0"
DividendYield="0"
EPS="-0.43"
RevenuePerShareTTM="6.27"
ProfitMargin="-0.0662"
OperatingMarginTTM="-0.0129"
ReturnOnAssetsTTM="-0.0028"
ReturnOnEquityTTM="-0.387"
RevenueTTM="614129000"
GrossProfitTTM="364395000"
DilutedEPSTTM="-0.43"
QuarterlyEarningsGrowthYOY="0"
QuarterlyRevenueGrowthYOY="0.297"
AnalystTargetPrice="42.44"
TrailingPE="-"
ForwardPE="25.06"
PriceToSalesRatioTTM="5.09"
PriceToBookRatio="93.63"
EVToRevenue="6.52"
EVToEBITDA="42.42"
Beta="1.15"
num_52WeekHigh="53.88"
num_52WeekLow="23.38"
num_50DayMovingAverage="41.04"
num_200DayMovingAverage="34.13"
SharesOutstanding="88600000"
DividendDate="None"
ExDividendDate="None"
symbol="DOCN"
open="49.50"
high="50.05"
low="48.24"
price="48.76"
volume="1125251.00"
latest_trading_day="2023-07-21"
previous_close="48.54"
change="0.22"
change_percent="0.4532%"
aroon_positive_momentum_days="87"
aroon_negative_momentum_days="0"
trend_strength="Absent or Weak Trend"
buying_signal="Strong Buy Signal"
volume_analysis="Target Volume"
value_analysis="Expected Range"
Aroon_change="FALSE"
Aroon_momentum="87"
Volume_recent_avg="1610300"
Change_recent_avg="0.18"
Delta_recent_avg="1.77"
Variance_recent_avg="0.89"
Change_ratio_recent_avg="0.44"
RSI_change="FALSE"
ADX_change="FALSE"

event="FALSE"
Aroon_signal="positive"
Aroon_change="FALSE"
Aroon_momentum_positive="87"
Aroon_momentum_negative="13"
image_negative_thumbnail_id_1="520"
image_negative_url_1="https://hehge.com/wp-content/uploads/sites/16/2023/06/MI_Finance_Negative_Landscape_0085.jpeg"
image_negative_thumbnail_id_2="516"
image_negative_url_2="https://hehge.com/wp-content/uploads/sites/16/2023/06/MI_Finance_Negative_Landscape_0089.jpeg"
image_neutral_thumbnail_id_1="559"
image_neutral_url_1="https://hehge.com/wp-content/uploads/sites/16/2023/06/MI_Finance_Neutral_Landscape_0040.jpeg"
image_neutral_thumbnail_id_2="577"
image_neutral_url_2="https://hehge.com/wp-content/uploads/sites/16/2023/06/MI_Finance_Neutral_Landscape_0022.jpeg"
image_positive_thumbnail_id_1="606"
image_positive_url_1="https://hehge.com/wp-content/uploads/sites/16/2023/06/MI_Finance_Positive_Landscape_0102.jpeg"
image_positive_thumbnail_id_2="639"
image_positive_url_2="https://hehge.com/wp-content/uploads/sites/16/2023/06/MI_Finance_Positive_Landscape_0069.jpeg"
image_professor_thumbnail_id_1="1189"
image_professor_url_1="https://hehge.com/wp-content/uploads/sites/16/2023/06/MI_Finance_Professor_Landscape_0023.jpeg"
image_professor_thumbnail_id_2="1168"
image_professor_url_2="https://hehge.com/wp-content/uploads/sites/16/2023/06/MI_Finance_Professor_Landscape_0002.jpeg"
