Symbol="LPSN"
AssetType="Common Stock"
Name="LivePerson Inc"
Description="LivePerson, Inc., offers conversational commerce solutions. The company is headquartered in New York, New York."
CIK="1102993"
Exchange="NASDAQ"
Currency="USD"
Country="USA"
Sector="TECHNOLOGY"
Industry="SERVICES-PREPACKAGED SOFTWARE"
Address="475 10TH AVENUE, 5TH FLOOR, NEW YORK, NY, US"
FiscalYearEnd="December"
LatestQuarter="2023-03-31"
MarketCapitalization="325334000"
EBITDA="-120419000"
PERatio="None"
PEGRatio="5.92"
BookValue="0.854"
DividendPerShare="0"
DividendYield="0"
EPS="-2.33"
RevenuePerShareTTM="6.61"
ProfitMargin="-0.361"
OperatingMarginTTM="-0.356"
ReturnOnAssetsTTM="-0.101"
ReturnOnEquityTTM="-1.449"
RevenueTTM="492264000"
GrossProfitTTM="330101000"
DilutedEPSTTM="-2.33"
QuarterlyEarningsGrowthYOY="0"
QuarterlyRevenueGrowthYOY="-0.173"
AnalystTargetPrice="4.72"
TrailingPE="-"
ForwardPE="21.83"
PriceToSalesRatioTTM="1.595"
PriceToBookRatio="10.0"
EVToRevenue="2.413"
EVToEBITDA="-7.56"
Beta="1.559"
num_52WeekHigh="18.17"
num_52WeekLow="3.19"
num_50DayMovingAverage="4.163"
num_200DayMovingAverage="8.57"
SharesOutstanding="78965000"
DividendDate="None"
ExDividendDate="None"
symbol="LPSN"
open="4.10"
high="4.34"
low="4.10"
price="4.24"
volume="1173607.00"
latest_trading_day="2023-07-07"
previous_close="4.12"
change="0.12"
change_percent="2.9126%"
aroon_positive_momentum_days="0"
aroon_negative_momentum_days="88"
trend_strength="Absent or Weak Trend"
buying_signal="Weak Sell Signal"
volume_analysis="Target Volume"
value_analysis="Expected Range"
Aroon_change="FALSE"
Aroon_momentum="12"
Volume_recent_avg="2273258"
Change_recent_avg="-0.04"
Delta_recent_avg="0.45"
Variance_recent_avg="0.22"
Change_ratio_recent_avg="-0.67"
RSI_change="FALSE"
ADX_change="FALSE"

event="FALSE"
Aroon_signal="negative"
Aroon_change="FALSE"
Aroon_momentum_positive="12"
Aroon_momentum_negative="88"
image_negative_thumbnail_id_1="171"
image_negative_url_1="https://hehge.com/wp-content/uploads/sites/16/2023/05/MI_Finance_Negative_Landscape_0005.jpeg"
image_negative_thumbnail_id_2="161"
image_negative_url_2="https://hehge.com/wp-content/uploads/sites/16/2023/05/MI_Finance_Negative_Landscape_0015.jpeg"
image_neutral_thumbnail_id_1="547"
image_neutral_url_1="https://hehge.com/wp-content/uploads/sites/16/2023/06/MI_Finance_Neutral_Landscape_0052.jpeg"
image_neutral_thumbnail_id_2="574"
image_neutral_url_2="https://hehge.com/wp-content/uploads/sites/16/2023/06/MI_Finance_Neutral_Landscape_0025.jpeg"
image_positive_thumbnail_id_1="975"
image_positive_url_1="https://hehge.com/wp-content/uploads/sites/16/2023/06/MI_Finance_Positive_Landscape_0137.jpeg"
image_positive_thumbnail_id_2="970"
image_positive_url_2="https://hehge.com/wp-content/uploads/sites/16/2023/06/MI_Finance_Positive_Landscape_0132.jpeg"
image_professor_thumbnail_id_1="1188"
image_professor_url_1="https://hehge.com/wp-content/uploads/sites/16/2023/06/MI_Finance_Professor_Landscape_0022.jpeg"
image_professor_thumbnail_id_2="1193"
image_professor_url_2="https://hehge.com/wp-content/uploads/sites/16/2023/06/MI_Finance_Professor_Landscape_0027.jpeg"
