Symbol="LSPD"
AssetType="Common Stock"
Name="Lightspeed Commerce Inc"
Description="Lightspeed POS Inc. provides a software-as-a-service (SaaS) platform that enables commerce for small and medium-sized businesses, retailers, restaurants, and golf course operators in Canada, the United States, Germany, Australia, and internationally. The company is headquartered in Montral, Canada."
CIK="1823306"
Exchange="NYSE"
Currency="USD"
Country="USA"
Sector="TECHNOLOGY"
Industry="SERVICES-PREPACKAGED SOFTWARE"
Address="700 SAINT-ANTOINE STREET EAST, SUITE 300, MONTRÉAL, QUÉBEC, DE, CA"
FiscalYearEnd="March"
LatestQuarter="2023-03-31"
MarketCapitalization="2784932000"
EBITDA="-208620992"
PERatio="None"
PEGRatio="None"
BookValue="16.52"
DividendPerShare="0"
DividendYield="0"
EPS="-7.2"
RevenuePerShareTTM="4.857"
ProfitMargin="-1.465"
OperatingMarginTTM="-0.373"
ReturnOnAssetsTTM="-0.0542"
ReturnOnEquityTTM="-0.363"
RevenueTTM="730506000"
GrossProfitTTM="271173000"
DilutedEPSTTM="-7.2"
QuarterlyEarningsGrowthYOY="0"
QuarterlyRevenueGrowthYOY="0.257"
AnalystTargetPrice="19.14"
TrailingPE="-"
ForwardPE="-"
PriceToSalesRatioTTM="3.346"
PriceToBookRatio="0.693"
EVToRevenue="2.206"
EVToEBITDA="-5.81"
Beta="2.652"
num_52WeekHigh="25.34"
num_52WeekLow="12.45"
num_50DayMovingAverage="15.17"
num_200DayMovingAverage="15.64"
SharesOutstanding="151854000"
DividendDate="None"
ExDividendDate="None"
symbol="LSPD"
open="18.44"
high="18.44"
low="17.65"
price="17.77"
volume="717567.00"
latest_trading_day="2023-07-14"
previous_close="18.45"
change="-0.68"
change_percent="-3.6856%"
aroon_positive_momentum_days="49"
aroon_negative_momentum_days="0"
trend_strength="Absent or Weak Trend"
buying_signal="Weak Buy Signal"
volume_analysis="Target Volume"
value_analysis="Expected Range"
Aroon_change="FALSE"
Aroon_momentum="49"
Volume_recent_avg="979927"
Change_recent_avg="0.03"
Delta_recent_avg="0.59"
Variance_recent_avg="0.3"
Change_ratio_recent_avg="0.14"
RSI_change="FALSE"
ADX_change="FALSE"

event="FALSE"
Aroon_signal="positive"
Aroon_change="FALSE"
Aroon_momentum_positive="49"
Aroon_momentum_negative="51"
image_negative_thumbnail_id_1="129"
image_negative_url_1="https://hehge.com/wp-content/uploads/sites/16/2023/05/MI_Finance_Negative_Landscape_0047.jpeg"
image_negative_thumbnail_id_2="93"
image_negative_url_2="https://hehge.com/wp-content/uploads/sites/16/2023/05/MI_Finance_Negative_Landscape_0083.jpeg"
image_neutral_thumbnail_id_1="561"
image_neutral_url_1="https://hehge.com/wp-content/uploads/sites/16/2023/06/MI_Finance_Neutral_Landscape_0038.jpeg"
image_neutral_thumbnail_id_2="586"
image_neutral_url_2="https://hehge.com/wp-content/uploads/sites/16/2023/06/MI_Finance_Neutral_Landscape_0013.jpeg"
image_positive_thumbnail_id_1="998"
image_positive_url_1="https://hehge.com/wp-content/uploads/sites/16/2023/06/MI_Finance_Positive_Landscape_0160.jpeg"
image_positive_thumbnail_id_2="616"
image_positive_url_2="https://hehge.com/wp-content/uploads/sites/16/2023/06/MI_Finance_Positive_Landscape_0092.jpeg"
image_professor_thumbnail_id_1="1191"
image_professor_url_1="https://hehge.com/wp-content/uploads/sites/16/2023/06/MI_Finance_Professor_Landscape_0025.jpeg"
image_professor_thumbnail_id_2="1180"
image_professor_url_2="https://hehge.com/wp-content/uploads/sites/16/2023/06/MI_Finance_Professor_Landscape_0014.jpeg"
