Symbol="VRSN"
AssetType="Common Stock"
Name="VeriSign Inc"
Description="Verisign Inc. is an American company based in Reston, Virginia, United States that operates a diverse array of network infrastructure, including two of the Internet's thirteen root nameservers. Verisign also offers a range of security services, including managed DNS, distributed denial-of-service (DDoS) attack mitigation and cyber-threat reporting."
CIK="1014473"
Exchange="NASDAQ"
Currency="USD"
Country="USA"
Sector="TECHNOLOGY"
Industry="SERVICES-COMPUTER PROGRAMMING SERVICES"
Address="12061 BLUEMONT WAY, ATTN: GENERAL COUNSEL, RESTON, VA, US"
FiscalYearEnd="December"
LatestQuarter="2023-03-31"
MarketCapitalization="22412249000"
EBITDA="1006200000"
PERatio="33.16"
PEGRatio="3.26"
BookValue="-15.28"
DividendPerShare="0"
DividendYield="0"
EPS="6.45"
RevenuePerShareTTM="13.53"
ProfitMargin="0.482"
OperatingMarginTTM="0.665"
ReturnOnAssetsTTM="0.322"
ReturnOnEquityTTM="0"
RevenueTTM="1442400000"
GrossProfitTTM="1224200000"
DilutedEPSTTM="6.45"
QuarterlyEarningsGrowthYOY="0.189"
QuarterlyRevenueGrowthYOY="0.05"
AnalystTargetPrice="234.7"
TrailingPE="33.16"
ForwardPE="26.11"
PriceToSalesRatioTTM="15.16"
PriceToBookRatio="-"
EVToRevenue="15.59"
EVToEBITDA="22.34"
Beta="0.984"
num_52WeekHigh="229.72"
num_52WeekLow="169.24"
num_50DayMovingAverage="221.84"
num_200DayMovingAverage="207.0"
SharesOutstanding="104096000"
DividendDate="2011-05-18"
ExDividendDate="2011-05-05"
symbol="VRSN"
open="214.41"
high="215.20"
low="213.40"
price="213.89"
volume="468056.00"
latest_trading_day="2023-07-21"
previous_close="213.60"
change="0.29"
change_percent="0.1358%"
aroon_positive_momentum_days="64"
aroon_negative_momentum_days="0"
trend_strength="Absent or Weak Trend"
buying_signal="Weak Buy Signal"
volume_analysis="Target Volume"
value_analysis="Expected Range"
Aroon_change="FALSE"
Aroon_momentum="64"
Volume_recent_avg="484966"
Change_recent_avg="0.37"
Delta_recent_avg="3.33"
Variance_recent_avg="1.67"
Change_ratio_recent_avg="0.17"
RSI_change="FALSE"
ADX_change="FALSE"

event="FALSE"
Aroon_signal="positive"
Aroon_change="FALSE"
Aroon_momentum_positive="64"
Aroon_momentum_negative="36"
image_negative_thumbnail_id_1="512"
image_negative_url_1="https://hehge.com/wp-content/uploads/sites/16/2023/06/MI_Finance_Negative_Landscape_0093.jpeg"
image_negative_thumbnail_id_2="107"
image_negative_url_2="https://hehge.com/wp-content/uploads/sites/16/2023/05/MI_Finance_Negative_Landscape_0069.jpeg"
image_neutral_thumbnail_id_1="563"
image_neutral_url_1="https://hehge.com/wp-content/uploads/sites/16/2023/06/MI_Finance_Neutral_Landscape_0036.jpeg"
image_neutral_thumbnail_id_2="575"
image_neutral_url_2="https://hehge.com/wp-content/uploads/sites/16/2023/06/MI_Finance_Neutral_Landscape_0024.jpeg"
image_positive_thumbnail_id_1="1001"
image_positive_url_1="https://hehge.com/wp-content/uploads/sites/16/2023/06/MI_Finance_Positive_Landscape_0163.jpeg"
image_positive_thumbnail_id_2="653"
image_positive_url_2="https://hehge.com/wp-content/uploads/sites/16/2023/06/MI_Finance_Positive_Landscape_0055.jpeg"
image_professor_thumbnail_id_1="1200"
image_professor_url_1="https://hehge.com/wp-content/uploads/sites/16/2023/06/MI_Finance_Professor_Landscape_0034.jpeg"
image_professor_thumbnail_id_2="1196"
image_professor_url_2="https://hehge.com/wp-content/uploads/sites/16/2023/06/MI_Finance_Professor_Landscape_0030.jpeg"
