Symbol="CRKN"
AssetType="Common Stock"
Name="Crown Electrokinetics Corp."
Description="Crown Electrokinetics Corp. The company is headquartered in Corvallis, Oregon."
CIK="1761696"
Exchange="NASDAQ"
Currency="USD"
Country="USA"
Sector="TECHNOLOGY"
Industry="SERVICES-COMPUTER PROGRAMMING, DATA PROCESSING, ETC."
Address="1110 NE CIRCLE BLVD, CORVALLIS, OR, US"
FiscalYearEnd="March"
LatestQuarter="2023-03-31"
MarketCapitalization="5575900"
EBITDA="-14089000"
PERatio="None"
PEGRatio="None"
BookValue="0.177"
DividendPerShare="0"
DividendYield="0"
EPS="-0.61"
RevenuePerShareTTM="0.001"
ProfitMargin="0"
OperatingMarginTTM="-666.68"
ReturnOnAssetsTTM="-0.693"
ReturnOnEquityTTM="-1.789"
RevenueTTM="22000"
GrossProfitTTM="-520000"
DilutedEPSTTM="-0.61"
QuarterlyEarningsGrowthYOY="0"
QuarterlyRevenueGrowthYOY="-1"
AnalystTargetPrice="11"
TrailingPE="-"
ForwardPE="7.75"
PriceToSalesRatioTTM="529.84"
PriceToBookRatio="1.133"
EVToRevenue="1670.6"
EVToEBITDA="-0.14"
Beta="0.923"
num_52WeekHigh="0.986"
num_52WeekLow="0.05"
num_50DayMovingAverage="0.145"
num_200DayMovingAverage="0.198"
SharesOutstanding="63652000"
DividendDate="2021-01-26"
ExDividendDate="None"
symbol="CRKN"
open="0.09"
high="0.09"
low="0.08"
price="0.09"
volume="3181557.00"
latest_trading_day="2023-07-18"
previous_close="0.09"
change="0.00"
change_percent="0.4566%"
aroon_positive_momentum_days="37"
aroon_negative_momentum_days="0"
trend_strength="Absent or Weak Trend"
buying_signal="High Volatility / Hold Signal"
volume_analysis="Target Volume"
value_analysis="Expected Range"
Aroon_change="FALSE"
Aroon_momentum="37"
Volume_recent_avg="8852807"
Change_recent_avg="0.01"
Delta_recent_avg="0.02"
Variance_recent_avg="0.01"
Change_ratio_recent_avg="-1.76"
RSI_change="FALSE"
ADX_change="FALSE"

event="FALSE"
Aroon_signal="positive"
Aroon_change="FALSE"
Aroon_momentum_positive="37"
Aroon_momentum_negative="63"
image_negative_thumbnail_id_1="157"
image_negative_url_1="https://hehge.com/wp-content/uploads/sites/16/2023/05/MI_Finance_Negative_Landscape_0019.jpeg"
image_negative_thumbnail_id_2="1122"
image_negative_url_2="https://hehge.com/wp-content/uploads/sites/16/2023/06/MI_Finance_Negative_Landscape_0155.jpeg"
image_neutral_thumbnail_id_1="554"
image_neutral_url_1="https://hehge.com/wp-content/uploads/sites/16/2023/06/MI_Finance_Neutral_Landscape_0045.jpeg"
image_neutral_thumbnail_id_2="541"
image_neutral_url_2="https://hehge.com/wp-content/uploads/sites/16/2023/06/MI_Finance_Neutral_Landscape_0058.jpeg"
image_positive_thumbnail_id_1="665"
image_positive_url_1="https://hehge.com/wp-content/uploads/sites/16/2023/06/MI_Finance_Positive_Landscape_0043.jpeg"
image_positive_thumbnail_id_2="705"
image_positive_url_2="https://hehge.com/wp-content/uploads/sites/16/2023/06/MI_Finance_Positive_Landscape_0003.jpeg"
image_professor_thumbnail_id_1="1169"
image_professor_url_1="https://hehge.com/wp-content/uploads/sites/16/2023/06/MI_Finance_Professor_Landscape_0003.jpeg"
image_professor_thumbnail_id_2="1190"
image_professor_url_2="https://hehge.com/wp-content/uploads/sites/16/2023/06/MI_Finance_Professor_Landscape_0024.jpeg"
