Symbol="MDRX"
AssetType="Common Stock"
Name="Allscripts Healthcare Solutions Inc"
Description="Allscripts Healthcare Solutions, Inc. provides information technology solutions and services to healthcare organizations in the United States, Canada, and internationally. The company is headquartered in Chicago, Illinois."
CIK="1124804"
Exchange="NASDAQ"
Currency="USD"
Country="USA"
Sector="TECHNOLOGY"
Industry="SERVICES-COMPUTER INTEGRATED SYSTEMS DESIGN"
Address="222 MERCHANDISE MART PLAZA, SUITE 2024, CHICAGO, IL, US"
FiscalYearEnd="December"
LatestQuarter="2022-09-30"
MarketCapitalization="1460806000"
EBITDA="115354000"
PERatio="15.73"
PEGRatio="2.424"
BookValue="10.77"
DividendPerShare="0"
DividendYield="0"
EPS="0.85"
RevenuePerShareTTM="13.29"
ProfitMargin="0.0397"
OperatingMarginTTM="0.0472"
ReturnOnAssetsTTM="0.0216"
ReturnOnEquityTTM="0.0893"
RevenueTTM="1529003000"
GrossProfitTTM="738265000"
DilutedEPSTTM="0.85"
QuarterlyEarningsGrowthYOY="-0.018"
QuarterlyRevenueGrowthYOY="0.05"
AnalystTargetPrice="18.44"
TrailingPE="15.73"
ForwardPE="19.38"
PriceToSalesRatioTTM="1.296"
PriceToBookRatio="1.71"
EVToRevenue="1.137"
EVToEBITDA="5.79"
Beta="0.952"
num_52WeekHigh="19.77"
num_52WeekLow="11.3"
num_50DayMovingAverage="12.46"
num_200DayMovingAverage="14.83"
SharesOutstanding="109260000"
DividendDate="2008-10-17"
ExDividendDate="2008-10-07"
symbol="MDRX"
open="13.28"
high="13.38"
low="13.10"
price="13.37"
volume="647444.00"
latest_trading_day="2023-08-03"
previous_close="13.30"
change="0.07"
change_percent="0.5263%"
aroon_positive_momentum_days="19"
aroon_negative_momentum_days="0"
trend_strength="Absent or Weak Trend"
buying_signal="Weak Buy Signal"
volume_analysis="Target Volume"
value_analysis="Expected Range"
Aroon_change="FALSE"
Aroon_momentum="19"
Volume_recent_avg="1014533"
Change_recent_avg="-0.01"
Delta_recent_avg="0.35"
Variance_recent_avg="0.18"
Change_ratio_recent_avg="-0.08"
RSI_change="FALSE"
ADX_change="FALSE"

event="FALSE"
Aroon_signal="positive"
Aroon_change="FALSE"
Aroon_momentum_positive="19"
Aroon_momentum_negative="81"
image_negative_thumbnail_id_1="107"
image_negative_url_1="https://hehge.com/wp-content/uploads/sites/16/2023/05/MI_Finance_Negative_Landscape_0069.jpeg"
image_negative_thumbnail_id_2="492"
image_negative_url_2="https://hehge.com/wp-content/uploads/sites/16/2023/06/MI_Finance_Negative_Landscape_0113.jpeg"
image_neutral_thumbnail_id_1="586"
image_neutral_url_1="https://hehge.com/wp-content/uploads/sites/16/2023/06/MI_Finance_Neutral_Landscape_0013.jpeg"
image_neutral_thumbnail_id_2="594"
image_neutral_url_2="https://hehge.com/wp-content/uploads/sites/16/2023/06/MI_Finance_Neutral_Landscape_0005.jpeg"
image_positive_thumbnail_id_1="667"
image_positive_url_1="https://hehge.com/wp-content/uploads/sites/16/2023/06/MI_Finance_Positive_Landscape_0041.jpeg"
image_positive_thumbnail_id_2="1166"
image_positive_url_2="https://hehge.com/wp-content/uploads/sites/16/2023/06/MI_Finance_Positive_Negative_0187.jpeg"
image_professor_thumbnail_id_1="1192"
image_professor_url_1="https://hehge.com/wp-content/uploads/sites/16/2023/06/MI_Finance_Professor_Landscape_0026.jpeg"
image_professor_thumbnail_id_2="1185"
image_professor_url_2="https://hehge.com/wp-content/uploads/sites/16/2023/06/MI_Finance_Professor_Landscape_0019.jpeg"
