Symbol="SMAR"
AssetType="Common Stock"
Name="Smartsheet Inc"
Description="Smartsheet Inc. provides a cloud-based platform for job execution. The company is headquartered in Bellevue, Washington."
CIK="1366561"
Exchange="NYSE"
Currency="USD"
Country="USA"
Sector="TECHNOLOGY"
Industry="SERVICES-PREPACKAGED SOFTWARE"
Address="10500 NE 8TH STREET, SUITE 1300, BELLEVUE, WA, US"
FiscalYearEnd="January"
LatestQuarter="2023-04-30"
MarketCapitalization="5558093000"
EBITDA="-173316992"
PERatio="None"
PEGRatio="None"
BookValue="3.822"
DividendPerShare="0"
DividendYield="0"
EPS="-1.33"
RevenuePerShareTTM="6.24"
ProfitMargin="-0.214"
OperatingMarginTTM="-0.233"
ReturnOnAssetsTTM="-0.114"
ReturnOnEquityTTM="-0.354"
RevenueTTM="818491000"
GrossProfitTTM="601630000"
DilutedEPSTTM="-1.33"
QuarterlyEarningsGrowthYOY="0"
QuarterlyRevenueGrowthYOY="0.306"
AnalystTargetPrice="50.77"
TrailingPE="-"
ForwardPE="1250"
PriceToSalesRatioTTM="7.61"
PriceToBookRatio="10.39"
EVToRevenue="6.39"
EVToEBITDA="-22.25"
Beta="0.989"
num_52WeekHigh="52.81"
num_52WeekLow="25.09"
num_50DayMovingAverage="42.22"
num_200DayMovingAverage="40.69"
SharesOutstanding="133608000"
DividendDate="None"
ExDividendDate="None"
symbol="SMAR"
open="42.10"
high="42.38"
low="40.92"
price="41.60"
volume="737275.00"
latest_trading_day="2023-08-04"
previous_close="41.42"
change="0.18"
change_percent="0.4346%"
aroon_positive_momentum_days="0"
aroon_negative_momentum_days="39"
trend_strength="Absent or Weak Trend"
buying_signal="High Volatility / Hold Signal"
volume_analysis="Target Volume"
value_analysis="Expected Range"
Aroon_change="FALSE"
Aroon_momentum="61"
Volume_recent_avg="1518753"
Change_recent_avg="0.01"
Delta_recent_avg="1.68"
Variance_recent_avg="0.84"
Change_ratio_recent_avg="-0.01"
RSI_change="FALSE"
ADX_change="FALSE"

event="FALSE"
Aroon_signal="negative"
Aroon_change="FALSE"
Aroon_momentum_positive="61"
Aroon_momentum_negative="39"
image_negative_thumbnail_id_1="1125"
image_negative_url_1="https://hehge.com/wp-content/uploads/sites/16/2023/06/MI_Finance_Negative_Landscape_0158.jpeg"
image_negative_thumbnail_id_2="1165"
image_negative_url_2="https://hehge.com/wp-content/uploads/sites/16/2023/06/MI_Finance_Negative_Landscape_0199.jpeg"
image_neutral_thumbnail_id_1="584"
image_neutral_url_1="https://hehge.com/wp-content/uploads/sites/16/2023/06/MI_Finance_Neutral_Landscape_0015.jpeg"
image_neutral_thumbnail_id_2="569"
image_neutral_url_2="https://hehge.com/wp-content/uploads/sites/16/2023/06/MI_Finance_Neutral_Landscape_0030.jpeg"
image_positive_thumbnail_id_1="611"
image_positive_url_1="https://hehge.com/wp-content/uploads/sites/16/2023/06/MI_Finance_Positive_Landscape_0097.jpeg"
image_positive_thumbnail_id_2="647"
image_positive_url_2="https://hehge.com/wp-content/uploads/sites/16/2023/06/MI_Finance_Positive_Landscape_0061.jpeg"
image_professor_thumbnail_id_1="1173"
image_professor_url_1="https://hehge.com/wp-content/uploads/sites/16/2023/06/MI_Finance_Professor_Landscape_0007.jpeg"
image_professor_thumbnail_id_2="1187"
image_professor_url_2="https://hehge.com/wp-content/uploads/sites/16/2023/06/MI_Finance_Professor_Landscape_0021.jpeg"
