Symbol="LIVE"
AssetType="Common Stock"
Name="Live Ventures Inc"
Description="Live Ventures Incorporated is engaged in flooring manufacturing, steel fabrication and retail businesses in the United States. The company is headquartered in Las Vegas, Nevada."
CIK="1045742"
Exchange="NASDAQ"
Currency="USD"
Country="USA"
Sector="TECHNOLOGY"
Industry="SERVICES-COMPUTER PROGRAMMING SERVICES"
Address="6240 MCLEOD DRIVE, SUITE 120, LAS VEGAS, NV, US"
FiscalYearEnd="September"
LatestQuarter="2023-03-31"
MarketCapitalization="87884000"
EBITDA="31920000"
PERatio="13.36"
PEGRatio="0"
BookValue="32.75"
DividendPerShare="0"
DividendYield="0"
EPS="2.06"
RevenuePerShareTTM="97.7"
ProfitMargin="0.0207"
OperatingMarginTTM="0.0712"
ReturnOnAssetsTTM="0.0455"
ReturnOnEquityTTM="0.063"
RevenueTTM="302157000"
GrossProfitTTM="97827000"
DilutedEPSTTM="2.06"
QuarterlyEarningsGrowthYOY="-0.899"
QuarterlyRevenueGrowthYOY="0.307"
AnalystTargetPrice="138"
TrailingPE="13.36"
ForwardPE="4.354"
PriceToSalesRatioTTM="0.269"
PriceToBookRatio="0.77"
EVToRevenue="0.703"
EVToEBITDA="3.336"
Beta="1.151"
num_52WeekHigh="40.38"
num_52WeekLow="22.81"
num_50DayMovingAverage="26.08"
num_200DayMovingAverage="28.94"
SharesOutstanding="3192300"
DividendDate="2016-12-08"
ExDividendDate="2005-07-12"
symbol="LIVE"
open="26.11"
high="28.20"
low="26.11"
price="27.53"
volume="17140.00"
latest_trading_day="2023-07-25"
previous_close="26.24"
change="1.29"
change_percent="4.9162%"
aroon_positive_momentum_days="0"
aroon_negative_momentum_days="64"
trend_strength="Absent or Weak Trend"
buying_signal="Weak Sell Signal"
volume_analysis="Target Volume"
value_analysis="Expected Range"
Aroon_change="FALSE"
Aroon_momentum="36"
Volume_recent_avg="4174"
Change_recent_avg="0.04"
Delta_recent_avg="1.05"
Variance_recent_avg="0.53"
Change_ratio_recent_avg="0.09"
RSI_change="FALSE"
ADX_change="FALSE"

event="FALSE"
Aroon_signal="negative"
Aroon_change="FALSE"
Aroon_momentum_positive="36"
Aroon_momentum_negative="64"
image_negative_thumbnail_id_1="487"
image_negative_url_1="https://hehge.com/wp-content/uploads/sites/16/2023/06/MI_Finance_Negative_Landscape_0118.jpeg"
image_negative_thumbnail_id_2="96"
image_negative_url_2="https://hehge.com/wp-content/uploads/sites/16/2023/05/MI_Finance_Negative_Landscape_0080.jpeg"
image_neutral_thumbnail_id_1="555"
image_neutral_url_1="https://hehge.com/wp-content/uploads/sites/16/2023/06/MI_Finance_Neutral_Landscape_0044.jpeg"
image_neutral_thumbnail_id_2="589"
image_neutral_url_2="https://hehge.com/wp-content/uploads/sites/16/2023/06/MI_Finance_Neutral_Landscape_0010.jpeg"
image_positive_thumbnail_id_1="685"
image_positive_url_1="https://hehge.com/wp-content/uploads/sites/16/2023/06/MI_Finance_Positive_Landscape_0023.jpeg"
image_positive_thumbnail_id_2="672"
image_positive_url_2="https://hehge.com/wp-content/uploads/sites/16/2023/06/MI_Finance_Positive_Landscape_0036.jpeg"
image_professor_thumbnail_id_1="1200"
image_professor_url_1="https://hehge.com/wp-content/uploads/sites/16/2023/06/MI_Finance_Professor_Landscape_0034.jpeg"
image_professor_thumbnail_id_2="1201"
image_professor_url_2="https://hehge.com/wp-content/uploads/sites/16/2023/06/MI_Finance_Professor_Landscape_0035.jpeg"
