Symbol="ENOV"
AssetType="Common Stock"
Name="Enovis Corp"
Description="Enovis Corporation is a global medical technology company. The company is headquartered in Wilmington, Delaware."
CIK="1420800"
Exchange="NYSE"
Currency="USD"
Country="USA"
Sector="TECHNOLOGY"
Industry="PUMPS & PUMPING EQUIPMENT"
Address="420 NATIONAL BUSINESS PARKWAY, 5TH FLOOR, ANNAPOLIS JUNCTION, MD, US"
FiscalYearEnd="December"
LatestQuarter="2023-03-31"
MarketCapitalization="3503028000"
EBITDA="196718000"
PERatio="None"
PEGRatio="1.096"
BookValue="63.19"
DividendPerShare="0"
DividendYield="0"
EPS="-0.43"
RevenuePerShareTTM="29.42"
ProfitMargin="-0.0324"
OperatingMarginTTM="-0.0056"
ReturnOnAssetsTTM="-0.0009"
ReturnOnEquityTTM="-0.0057"
RevenueTTM="1593795000"
GrossProfitTTM="883885000"
DilutedEPSTTM="-0.43"
QuarterlyEarningsGrowthYOY="1.531"
QuarterlyRevenueGrowthYOY="0.082"
AnalystTargetPrice="67.33"
TrailingPE="-"
ForwardPE="22.03"
PriceToSalesRatioTTM="0.734"
PriceToBookRatio="0.878"
EVToRevenue="0.819"
EVToEBITDA="5.79"
Beta="2.129"
num_52WeekHigh="66.71"
num_52WeekLow="43.88"
num_50DayMovingAverage="57.98"
num_200DayMovingAverage="55.3"
SharesOutstanding="54496000"
DividendDate="None"
ExDividendDate="None"
symbol="ENOV"
open="64.44"
high="65.61"
low="64.22"
price="64.35"
volume="419901.00"
latest_trading_day="2023-07-10"
previous_close="64.28"
change="0.07"
change_percent="0.1089%"
aroon_positive_momentum_days="55"
aroon_negative_momentum_days="0"
trend_strength="Absent or Weak Trend"
buying_signal="Weak Buy Signal"
volume_analysis="Target Volume"
value_analysis="Expected Range"
Aroon_change="FALSE"
Aroon_momentum="55"
Volume_recent_avg="440595"
Change_recent_avg="0.08"
Delta_recent_avg="1.36"
Variance_recent_avg="0.68"
Change_ratio_recent_avg="0.13"
RSI_change="FALSE"
ADX_change="FALSE"

event="FALSE"
Aroon_signal="positive"
Aroon_change="FALSE"
Aroon_momentum_positive="55"
Aroon_momentum_negative="45"
image_negative_thumbnail_id_1="173"
image_negative_url_1="https://hehge.com/wp-content/uploads/sites/16/2023/05/MI_Finance_Negative_Landscape_0003.jpeg"
image_negative_thumbnail_id_2="1154"
image_negative_url_2="https://hehge.com/wp-content/uploads/sites/16/2023/06/MI_Finance_Negative_Landscape_0188.jpeg"
image_neutral_thumbnail_id_1="565"
image_neutral_url_1="https://hehge.com/wp-content/uploads/sites/16/2023/06/MI_Finance_Neutral_Landscape_0034.jpeg"
image_neutral_thumbnail_id_2="557"
image_neutral_url_2="https://hehge.com/wp-content/uploads/sites/16/2023/06/MI_Finance_Neutral_Landscape_0042.jpeg"
image_positive_thumbnail_id_1="976"
image_positive_url_1="https://hehge.com/wp-content/uploads/sites/16/2023/06/MI_Finance_Positive_Landscape_0138.jpeg"
image_positive_thumbnail_id_2="949"
image_positive_url_2="https://hehge.com/wp-content/uploads/sites/16/2023/06/MI_Finance_Positive_Landscape_0111.jpeg"
image_professor_thumbnail_id_1="1197"
image_professor_url_1="https://hehge.com/wp-content/uploads/sites/16/2023/06/MI_Finance_Professor_Landscape_0031.jpeg"
image_professor_thumbnail_id_2="1202"
image_professor_url_2="https://hehge.com/wp-content/uploads/sites/16/2023/06/MI_Finance_Professor_Landscape_0036.jpeg"
