Symbol="OCCIN"
AssetType="Preferred Stock"
Name="OFS Credit Company Inc Preferred Series E"
Description="None"
CIK="1716951"
Exchange="NASDAQ"
Currency="USD"
Country="USA"
Sector="TECHNOLOGY"
Industry="GENERAL"
Address="NONE"
FiscalYearEnd="October"
LatestQuarter="2022-10-31"
MarketCapitalization="None"
EBITDA="None"
PERatio="44.23"
PEGRatio="None"
BookValue="8.48"
DividendPerShare="2.2"
DividendYield="0.0579"
EPS="0.501"
RevenuePerShareTTM="2.657"
ProfitMargin="-0.5"
OperatingMarginTTM="0.679"
ReturnOnAssetsTTM="0.0745"
ReturnOnEquityTTM="-0.147"
RevenueTTM="28741500"
GrossProfitTTM="26221600"
DilutedEPSTTM="0.501"
QuarterlyEarningsGrowthYOY="-0.984"
QuarterlyRevenueGrowthYOY="0.192"
AnalystTargetPrice="None"
TrailingPE="44.23"
ForwardPE="-"
PriceToSalesRatioTTM="-"
PriceToBookRatio="-"
EVToRevenue="-"
EVToEBITDA="-"
Beta="1.378"
num_52WeekHigh="23.4"
num_52WeekLow="19.51"
num_50DayMovingAverage="22.27"
num_200DayMovingAverage="22.45"
SharesOutstanding="0"
DividendDate="2024-01-31"
ExDividendDate="2023-07-21"
symbol="OCCIN"
open="22.54"
high="22.54"
low="22.54"
price="22.54"
volume="2.00"
latest_trading_day="2023-07-20"
previous_close="22.54"
change="0.00"
change_percent="0.0000%"
aroon_positive_momentum_days="59"
aroon_negative_momentum_days="0"
trend_strength="Strong Trend"
buying_signal="Weak Buy Signal"
volume_analysis="Target Volume"
value_analysis="Expected Range"
Aroon_change="TRUE"
Aroon_momentum="59"
Volume_recent_avg="538"
Change_recent_avg="0.09"
Delta_recent_avg="0.12"
Variance_recent_avg="0.06"
Change_ratio_recent_avg="0.39"
RSI_change="FALSE"
ADX_change="FALSE"
Aroon_signal="positive"
Aroon_change="TRUE"
Aroon_momentum_positive="59"
Aroon_momentum_negative="41"
image_negative_thumbnail_id_1="1162"
image_negative_url_1="https://hehge.com/wp-content/uploads/sites/16/2023/06/MI_Finance_Negative_Landscape_0196.jpeg"
image_negative_thumbnail_id_2="1118"
image_negative_url_2="https://hehge.com/wp-content/uploads/sites/16/2023/06/MI_Finance_Negative_Landscape_0151.jpeg"
image_neutral_thumbnail_id_1="595"
image_neutral_url_1="https://hehge.com/wp-content/uploads/sites/16/2023/06/MI_Finance_Neutral_Landscape_0004.jpeg"
image_neutral_thumbnail_id_2="545"
image_neutral_url_2="https://hehge.com/wp-content/uploads/sites/16/2023/06/MI_Finance_Neutral_Landscape_0054.jpeg"
image_positive_thumbnail_id_1="987"
image_positive_url_1="https://hehge.com/wp-content/uploads/sites/16/2023/06/MI_Finance_Positive_Landscape_0149.jpeg"
image_positive_thumbnail_id_2="652"
image_positive_url_2="https://hehge.com/wp-content/uploads/sites/16/2023/06/MI_Finance_Positive_Landscape_0056.jpeg"
image_professor_thumbnail_id_1="1197"
image_professor_url_1="https://hehge.com/wp-content/uploads/sites/16/2023/06/MI_Finance_Professor_Landscape_0031.jpeg"
image_professor_thumbnail_id_2="1182"
image_professor_url_2="https://hehge.com/wp-content/uploads/sites/16/2023/06/MI_Finance_Professor_Landscape_0016.jpeg"
