Symbol="SAI"
AssetType="Common Stock"
Name="SAI.TECH Global Corporation"
Description="None"
CIK="1847075"
Exchange="NASDAQ"
Currency="USD"
Country="USA"
Sector="TECHNOLOGY"
Industry="SERVICES-COMPUTER PROCESSING & DATA PREPARATION"
Address="437 MADISON AVENUE, 27TH FLOOR, NEW YORK, NY, US"
FiscalYearEnd="December"
LatestQuarter="2022-12-31"
MarketCapitalization="33960800"
EBITDA="-5008000"
PERatio="None"
PEGRatio="None"
BookValue="0.885"
DividendPerShare="0"
DividendYield="0"
EPS="-0.45"
RevenuePerShareTTM="0.553"
ProfitMargin="-0.832"
OperatingMarginTTM="-0.612"
ReturnOnAssetsTTM="-0.249"
ReturnOnEquityTTM="-0.582"
RevenueTTM="10638000"
GrossProfitTTM="1140000"
DilutedEPSTTM="-0.45"
QuarterlyEarningsGrowthYOY="0"
QuarterlyRevenueGrowthYOY="-0.418"
AnalystTargetPrice="None"
TrailingPE="-"
ForwardPE="-"
PriceToSalesRatioTTM="-"
PriceToBookRatio="-"
EVToRevenue="-"
EVToEBITDA="-"
Beta="1.709"
num_52WeekHigh="7.35"
num_52WeekLow="1"
num_50DayMovingAverage="1.925"
num_200DayMovingAverage="2.212"
SharesOutstanding="13315900"
DividendDate="None"
ExDividendDate="None"
symbol="SAI"
open="1.39"
high="1.65"
low="1.36"
price="1.48"
volume="440631.00"
latest_trading_day="2023-07-11"
previous_close="1.38"
change="0.10"
change_percent="6.9751%"
aroon_positive_momentum_days="61"
aroon_negative_momentum_days="0"
trend_strength="Absent or Weak Trend"
buying_signal="High Volatility / Hold Signal"
volume_analysis="Target Volume"
value_analysis="Expected Range"
Aroon_change="FALSE"
Aroon_momentum="61"
Volume_recent_avg="1455057"
Change_recent_avg="-0.03"
Delta_recent_avg="0.3"
Variance_recent_avg="0.15"
Change_ratio_recent_avg="-1.49"
RSI_change="FALSE"
ADX_change="FALSE"

event="FALSE"
Aroon_signal="positive"
Aroon_change="FALSE"
Aroon_momentum_positive="61"
Aroon_momentum_negative="39"
image_negative_thumbnail_id_1="1110"
image_negative_url_1="https://hehge.com/wp-content/uploads/sites/16/2023/06/MI_Finance_Negative_Landscape_0143.jpeg"
image_negative_thumbnail_id_2="490"
image_negative_url_2="https://hehge.com/wp-content/uploads/sites/16/2023/06/MI_Finance_Negative_Landscape_0115.jpeg"
image_neutral_thumbnail_id_1="589"
image_neutral_url_1="https://hehge.com/wp-content/uploads/sites/16/2023/06/MI_Finance_Neutral_Landscape_0010.jpeg"
image_neutral_thumbnail_id_2="591"
image_neutral_url_2="https://hehge.com/wp-content/uploads/sites/16/2023/06/MI_Finance_Neutral_Landscape_0008.jpeg"
image_positive_thumbnail_id_1="611"
image_positive_url_1="https://hehge.com/wp-content/uploads/sites/16/2023/06/MI_Finance_Positive_Landscape_0097.jpeg"
image_positive_thumbnail_id_2="956"
image_positive_url_2="https://hehge.com/wp-content/uploads/sites/16/2023/06/MI_Finance_Positive_Landscape_0118.jpeg"
image_professor_thumbnail_id_1="1181"
image_professor_url_1="https://hehge.com/wp-content/uploads/sites/16/2023/06/MI_Finance_Professor_Landscape_0015.jpeg"
image_professor_thumbnail_id_2="1192"
image_professor_url_2="https://hehge.com/wp-content/uploads/sites/16/2023/06/MI_Finance_Professor_Landscape_0026.jpeg"
