Symbol="BL"
AssetType="Common Stock"
Name="Blackline Inc"
Description="BlackLine, Inc. offers cloud-based solutions to automate and streamline accounting and finance operations in the United States and internationally. The company is headquartered in Woodland Hills, California."
CIK="1666134"
Exchange="NASDAQ"
Currency="USD"
Country="USA"
Sector="TECHNOLOGY"
Industry="SERVICES-PREPACKAGED SOFTWARE"
Address="21300 VICTORY BOULEVARD, 12TH FLOOR, WOODLAND HILLS, CA, US"
FiscalYearEnd="December"
LatestQuarter="2023-03-31"
MarketCapitalization="3427849000"
EBITDA="-17812000"
PERatio="None"
PEGRatio="5.49"
BookValue="1.934"
DividendPerShare="0"
DividendYield="0"
EPS="-0.51"
RevenuePerShareTTM="9.06"
ProfitMargin="-0.058"
OperatingMarginTTM="-0.0921"
ReturnOnAssetsTTM="-0.0164"
ReturnOnEquityTTM="-0.229"
RevenueTTM="541686000"
GrossProfitTTM="394908000"
DilutedEPSTTM="-0.51"
QuarterlyEarningsGrowthYOY="0"
QuarterlyRevenueGrowthYOY="0.156"
AnalystTargetPrice="62.38"
TrailingPE="-"
ForwardPE="153.85"
PriceToSalesRatioTTM="8.08"
PriceToBookRatio="54.45"
EVToRevenue="9.23"
EVToEBITDA="-149.2"
Beta="0.879"
num_52WeekHigh="77.9"
num_52WeekLow="48.73"
num_50DayMovingAverage="53.49"
num_200DayMovingAverage="61.76"
SharesOutstanding="60488000"
DividendDate="None"
ExDividendDate="None"
symbol="BL"
open="56.64"
high="57.19"
low="56.27"
price="57.06"
volume="440925.00"
latest_trading_day="2023-07-18"
previous_close="56.79"
change="0.27"
change_percent="0.4754%"
aroon_positive_momentum_days="0"
aroon_negative_momentum_days="89"
trend_strength="Absent or Weak Trend"
buying_signal="Weak Sell Signal"
volume_analysis="Target Volume"
value_analysis="Expected Range"
Aroon_change="FALSE"
Aroon_momentum="11"
Volume_recent_avg="602422"
Change_recent_avg="-0.18"
Delta_recent_avg="2.0"
Variance_recent_avg="1.0"
Change_ratio_recent_avg="-0.32"
RSI_change="FALSE"
ADX_change="FALSE"

event="FALSE"
Aroon_signal="negative"
Aroon_change="FALSE"
Aroon_momentum_positive="11"
Aroon_momentum_negative="89"
image_negative_thumbnail_id_1="163"
image_negative_url_1="https://hehge.com/wp-content/uploads/sites/16/2023/05/MI_Finance_Negative_Landscape_0013.jpeg"
image_negative_thumbnail_id_2="118"
image_negative_url_2="https://hehge.com/wp-content/uploads/sites/16/2023/05/MI_Finance_Negative_Landscape_0058.jpeg"
image_neutral_thumbnail_id_1="538"
image_neutral_url_1="https://hehge.com/wp-content/uploads/sites/16/2023/06/MI_Finance_Neutral_Landscape_0061.jpeg"
image_neutral_thumbnail_id_2="533"
image_neutral_url_2="https://hehge.com/wp-content/uploads/sites/16/2023/06/MI_Finance_Neutral_Landscape_0066.jpeg"
image_positive_thumbnail_id_1="627"
image_positive_url_1="https://hehge.com/wp-content/uploads/sites/16/2023/06/MI_Finance_Positive_Landscape_0081.jpeg"
image_positive_thumbnail_id_2="679"
image_positive_url_2="https://hehge.com/wp-content/uploads/sites/16/2023/06/MI_Finance_Positive_Landscape_0029.jpeg"
image_professor_thumbnail_id_1="1193"
image_professor_url_1="https://hehge.com/wp-content/uploads/sites/16/2023/06/MI_Finance_Professor_Landscape_0027.jpeg"
image_professor_thumbnail_id_2="1171"
image_professor_url_2="https://hehge.com/wp-content/uploads/sites/16/2023/06/MI_Finance_Professor_Landscape_0005.jpeg"
