Symbol="S"
AssetType="Common Stock"
Name="SentinelOne Inc"
Description="SentinelOne, Inc. is a cybersecurity provider in the United States. The company is headquartered in Mountain View, California."
CIK="1583708"
Exchange="NYSE"
Currency="USD"
Country="USA"
Sector="TECHNOLOGY"
Industry="SERVICES-PREPACKAGED SOFTWARE"
Address="444 CASTRO STREET, SUITE 400, MOUNTAIN VIEW, CA, US"
FiscalYearEnd="January"
LatestQuarter="2023-04-30"
MarketCapitalization="4222711000"
EBITDA="-391823008"
PERatio="None"
PEGRatio="None"
BookValue="5.55"
DividendPerShare="0"
DividendYield="0"
EPS="-1.34"
RevenuePerShareTTM="1.69"
ProfitMargin="-0.829"
OperatingMarginTTM="-0.889"
ReturnOnAssetsTTM="-0.126"
ReturnOnEquityTTM="-0.246"
RevenueTTM="477317000"
GrossProfitTTM="278002000"
DilutedEPSTTM="-1.34"
QuarterlyEarningsGrowthYOY="0"
QuarterlyRevenueGrowthYOY="0.705"
AnalystTargetPrice="18.19"
TrailingPE="-"
ForwardPE="-"
PriceToSalesRatioTTM="11.28"
PriceToBookRatio="2.627"
EVToRevenue="10.35"
EVToEBITDA="-10.99"
Beta="0.268"
num_52WeekHigh="30"
num_52WeekLow="12.43"
num_50DayMovingAverage="16.48"
num_200DayMovingAverage="16.94"
SharesOutstanding="238496000"
DividendDate="None"
ExDividendDate="None"
symbol="S"
open="15.07"
high="15.27"
low="14.41"
price="14.46"
volume="6746869.00"
latest_trading_day="2023-07-14"
previous_close="15.11"
change="-0.65"
change_percent="-4.3018%"
aroon_positive_momentum_days="0"
aroon_negative_momentum_days="30"
trend_strength="Absent or Weak Trend"
buying_signal="High Volatility / Hold Signal"
volume_analysis="Target Volume"
value_analysis="Expected Range"
Aroon_change="FALSE"
Aroon_momentum="70"
Volume_recent_avg="7842632"
Change_recent_avg="0.03"
Delta_recent_avg="0.78"
Variance_recent_avg="0.39"
Change_ratio_recent_avg="0.13"
RSI_change="FALSE"
ADX_change="FALSE"

event="FALSE"
Aroon_signal="negative"
Aroon_change="FALSE"
Aroon_momentum_positive="70"
Aroon_momentum_negative="30"
image_negative_thumbnail_id_1="1129"
image_negative_url_1="https://hehge.com/wp-content/uploads/sites/16/2023/06/MI_Finance_Negative_Landscape_0162.jpeg"
image_negative_thumbnail_id_2="1136"
image_negative_url_2="https://hehge.com/wp-content/uploads/sites/16/2023/06/MI_Finance_Negative_Landscape_0169.jpeg"
image_neutral_thumbnail_id_1="539"
image_neutral_url_1="https://hehge.com/wp-content/uploads/sites/16/2023/06/MI_Finance_Neutral_Landscape_0060.jpeg"
image_neutral_thumbnail_id_2="587"
image_neutral_url_2="https://hehge.com/wp-content/uploads/sites/16/2023/06/MI_Finance_Neutral_Landscape_0012.jpeg"
image_positive_thumbnail_id_1="666"
image_positive_url_1="https://hehge.com/wp-content/uploads/sites/16/2023/06/MI_Finance_Positive_Landscape_0042.jpeg"
image_positive_thumbnail_id_2="647"
image_positive_url_2="https://hehge.com/wp-content/uploads/sites/16/2023/06/MI_Finance_Positive_Landscape_0061.jpeg"
image_professor_thumbnail_id_1="1187"
image_professor_url_1="https://hehge.com/wp-content/uploads/sites/16/2023/06/MI_Finance_Professor_Landscape_0021.jpeg"
image_professor_thumbnail_id_2="1202"
image_professor_url_2="https://hehge.com/wp-content/uploads/sites/16/2023/06/MI_Finance_Professor_Landscape_0036.jpeg"
