Symbol="LIQT"
AssetType="Common Stock"
Name="LiqTech International Inc"
Description="LiqTech International, Inc., a cleantech company, designs, develops, produces, markets and sells automated filtration systems and applications of ceramic silicon carbide liquid and diesel particulate air filters in the United States, Canada, Europe, Asia and South America. . The company is headquartered in Ballerup, Denmark."
CIK="1307579"
Exchange="NASDAQ"
Currency="USD"
Country="USA"
Sector="TECHNOLOGY"
Industry="MISC INDUSTRIAL & COMMERCIAL MACHINERY & EQUIPMENT"
Address="INDUSTRIPARKEN 22C, BALLERUP, DK"
FiscalYearEnd="December"
LatestQuarter="2023-03-31"
MarketCapitalization="21037100"
EBITDA="-6903433"
PERatio="None"
PEGRatio="-0.21"
BookValue="3.797"
DividendPerShare="0"
DividendYield="0"
EPS="-2.21"
RevenuePerShareTTM="3.163"
ProfitMargin="-0.783"
OperatingMarginTTM="-0.581"
ReturnOnAssetsTTM="-0.15"
ReturnOnEquityTTM="-0.845"
RevenueTTM="16356700"
GrossProfitTTM="567140"
DilutedEPSTTM="-2.21"
QuarterlyEarningsGrowthYOY="4.592"
QuarterlyRevenueGrowthYOY="0.103"
AnalystTargetPrice="16"
TrailingPE="-"
ForwardPE="-"
PriceToSalesRatioTTM="0.947"
PriceToBookRatio="0.721"
EVToRevenue="0.653"
EVToEBITDA="-1.389"
Beta="1.136"
num_52WeekHigh="4.665"
num_52WeekLow="2.8"
num_50DayMovingAverage="3.399"
num_200DayMovingAverage="3.475"
SharesOutstanding="5658900"
DividendDate="2019-04-09"
ExDividendDate="None"
symbol="LIQT"
open="3.50"
high="3.90"
low="3.50"
price="3.72"
volume="26094.00"
latest_trading_day="2023-07-28"
previous_close="3.65"
change="0.07"
change_percent="1.8493%"
aroon_positive_momentum_days="58"
aroon_negative_momentum_days="0"
trend_strength="Absent or Weak Trend"
buying_signal="Weak Buy Signal"
volume_analysis="Target Volume"
value_analysis="Expected Range"
Aroon_change="FALSE"
Aroon_momentum="58"
Volume_recent_avg="49137"
Change_recent_avg="0.02"
Delta_recent_avg="0.11"
Variance_recent_avg="0.05"
Change_ratio_recent_avg="0.92"
RSI_change="FALSE"
ADX_change="FALSE"

event="FALSE"
Aroon_signal="positive"
Aroon_change="FALSE"
Aroon_momentum_positive="58"
Aroon_momentum_negative="42"
image_negative_thumbnail_id_1="1161"
image_negative_url_1="https://hehge.com/wp-content/uploads/sites/16/2023/06/MI_Finance_Negative_Landscape_0195.jpeg"
image_negative_thumbnail_id_2="514"
image_negative_url_2="https://hehge.com/wp-content/uploads/sites/16/2023/06/MI_Finance_Negative_Landscape_0091.jpeg"
image_neutral_thumbnail_id_1="572"
image_neutral_url_1="https://hehge.com/wp-content/uploads/sites/16/2023/06/MI_Finance_Neutral_Landscape_0027.jpeg"
image_neutral_thumbnail_id_2="541"
image_neutral_url_2="https://hehge.com/wp-content/uploads/sites/16/2023/06/MI_Finance_Neutral_Landscape_0058.jpeg"
image_positive_thumbnail_id_1="995"
image_positive_url_1="https://hehge.com/wp-content/uploads/sites/16/2023/06/MI_Finance_Positive_Landscape_0157.jpeg"
image_positive_thumbnail_id_2="676"
image_positive_url_2="https://hehge.com/wp-content/uploads/sites/16/2023/06/MI_Finance_Positive_Landscape_0032.jpeg"
image_professor_thumbnail_id_1="1198"
image_professor_url_1="https://hehge.com/wp-content/uploads/sites/16/2023/06/MI_Finance_Professor_Landscape_0032.jpeg"
image_professor_thumbnail_id_2="1183"
image_professor_url_2="https://hehge.com/wp-content/uploads/sites/16/2023/06/MI_Finance_Professor_Landscape_0017.jpeg"
