Symbol="GAINL"
AssetType="Common Stock"
Name="Gladstone Investment Corporation 8.00% Notes due 2028"
Description="None"
CIK="1321741"
Exchange="NASDAQ"
Currency="USD"
Country="USA"
Sector="TECHNOLOGY"
Industry="GENERAL"
Address="NONE"
FiscalYearEnd="March"
LatestQuarter="2021-06-30"
MarketCapitalization="358338000"
EBITDA="None"
PERatio="9.3"
PEGRatio="None"
BookValue="12.66"
DividendPerShare="0.84"
DividendYield="0.0335"
EPS="2.697"
RevenuePerShareTTM="1.926"
ProfitMargin="1.401"
OperatingMarginTTM="0.425"
ReturnOnAssetsTTM="0.0265"
ReturnOnEquityTTM="0.229"
RevenueTTM="63946000"
GrossProfitTTM="56627000"
DilutedEPSTTM="2.697"
QuarterlyEarningsGrowthYOY="1204.12"
QuarterlyRevenueGrowthYOY="0.684"
AnalystTargetPrice="None"
TrailingPE="9.3"
ForwardPE="-"
PriceToSalesRatioTTM="-"
PriceToBookRatio="-"
EVToRevenue="-"
EVToEBITDA="-"
Beta="1.545"
num_52WeekHigh="25.15"
num_52WeekLow="24.06"
num_50DayMovingAverage="25.41"
num_200DayMovingAverage="25.52"
SharesOutstanding="32822500"
DividendDate="2021-09-30"
ExDividendDate="2021-09-21"
symbol="GAINL"
open="25.01"
high="25.15"
low="25.00"
price="25.10"
volume="17559.00"
latest_trading_day="2023-07-14"
previous_close="25.10"
change="0.00"
change_percent="0.0000%"
aroon_positive_momentum_days="0"
aroon_negative_momentum_days="0"
trend_strength="nan"
buying_signal="nan"
volume_analysis="nan"
value_analysis="nan"
Aroon_change="TRUE"
Aroon_momentum="0"
Volume_recent_avg="40694"
Change_recent_avg="-0.02"
Delta_recent_avg="0.11"
Variance_recent_avg="0.05"
Change_ratio_recent_avg="-0.07"
RSI_change="FALSE"
ADX_change="FALSE"
Aroon_signal="negative"
Aroon_change="FALSE"
Aroon_momentum_positive="0"
Aroon_momentum_negative="0"
image_negative_thumbnail_id_1="1157"
image_negative_url_1="https://hehge.com/wp-content/uploads/sites/16/2023/06/MI_Finance_Negative_Landscape_0191.jpeg"
image_negative_thumbnail_id_2="1126"
image_negative_url_2="https://hehge.com/wp-content/uploads/sites/16/2023/06/MI_Finance_Negative_Landscape_0159.jpeg"
image_neutral_thumbnail_id_1="552"
image_neutral_url_1="https://hehge.com/wp-content/uploads/sites/16/2023/06/MI_Finance_Neutral_Landscape_0047.jpeg"
image_neutral_thumbnail_id_2="572"
image_neutral_url_2="https://hehge.com/wp-content/uploads/sites/16/2023/06/MI_Finance_Neutral_Landscape_0027.jpeg"
image_positive_thumbnail_id_1="948"
image_positive_url_1="https://hehge.com/wp-content/uploads/sites/16/2023/06/MI_Finance_Positive_Landscape_0110.jpeg"
image_positive_thumbnail_id_2="1166"
image_positive_url_2="https://hehge.com/wp-content/uploads/sites/16/2023/06/MI_Finance_Positive_Negative_0187.jpeg"
image_professor_thumbnail_id_1="1196"
image_professor_url_1="https://hehge.com/wp-content/uploads/sites/16/2023/06/MI_Finance_Professor_Landscape_0030.jpeg"
image_professor_thumbnail_id_2="1195"
image_professor_url_2="https://hehge.com/wp-content/uploads/sites/16/2023/06/MI_Finance_Professor_Landscape_0029.jpeg"
