Symbol="WPRT"
AssetType="Common Stock"
Name="Westport Fuel Systems Inc"
Description="Westport Fuel Systems Inc. designs, manufactures and supplies alternative fuel systems and components for use in transportation applications worldwide. The company is headquartered in Vancouver, Canada."
CIK="1370416"
Exchange="NASDAQ"
Currency="USD"
Country="USA"
Sector="TECHNOLOGY"
Industry="ENGINES & TURBINES"
Address="101-1750 WEST 75TH AVENUE, VANCOUVER, BC, CA"
FiscalYearEnd="December"
LatestQuarter="2023-03-31"
MarketCapitalization="188581000"
EBITDA="-30584000"
PERatio="None"
PEGRatio="-0.22"
BookValue="11.41"
DividendPerShare="0"
DividendYield="0"
EPS="-3.68"
RevenuePerShareTTM="18.17"
ProfitMargin="-0.164"
OperatingMarginTTM="-0.135"
ReturnOnAssetsTTM="-0.0613"
ReturnOnEquityTTM="-0.232"
RevenueTTM="311394000"
GrossProfitTTM="36202000"
DilutedEPSTTM="-3.68"
QuarterlyEarningsGrowthYOY="0.027"
QuarterlyRevenueGrowthYOY="0.074"
AnalystTargetPrice="23.03"
TrailingPE="-"
ForwardPE="144.93"
PriceToSalesRatioTTM="0.456"
PriceToBookRatio="0.75"
EVToRevenue="0.409"
EVToEBITDA="26.59"
Beta="2.737"
num_52WeekHigh="16"
num_52WeekLow="6.4"
num_50DayMovingAverage="8.34"
num_200DayMovingAverage="8.9"
SharesOutstanding="17175000"
DividendDate="None"
ExDividendDate="None"
symbol="WPRT"
open="10.93"
high="11.38"
low="10.71"
price="11.18"
volume="48698.00"
latest_trading_day="2023-08-01"
previous_close="10.98"
change="0.20"
change_percent="1.8215%"
aroon_positive_momentum_days="36"
aroon_negative_momentum_days="0"
trend_strength="Absent or Weak Trend"
buying_signal="Weak Buy Signal"
volume_analysis="Target Volume"
value_analysis="Expected Range"
Aroon_change="FALSE"
Aroon_momentum="36"
Volume_recent_avg="321481"
Change_recent_avg="0.04"
Delta_recent_avg="0.28"
Variance_recent_avg="0.14"
Change_ratio_recent_avg="-0.11"
RSI_change="FALSE"
ADX_change="FALSE"

event="FALSE"
Aroon_signal="positive"
Aroon_change="FALSE"
Aroon_momentum_positive="36"
Aroon_momentum_negative="64"
image_negative_thumbnail_id_1="99"
image_negative_url_1="https://hehge.com/wp-content/uploads/sites/16/2023/05/MI_Finance_Negative_Landscape_0077.jpeg"
image_negative_thumbnail_id_2="502"
image_negative_url_2="https://hehge.com/wp-content/uploads/sites/16/2023/06/MI_Finance_Negative_Landscape_0103.jpeg"
image_neutral_thumbnail_id_1="587"
image_neutral_url_1="https://hehge.com/wp-content/uploads/sites/16/2023/06/MI_Finance_Neutral_Landscape_0012.jpeg"
image_neutral_thumbnail_id_2="553"
image_neutral_url_2="https://hehge.com/wp-content/uploads/sites/16/2023/06/MI_Finance_Neutral_Landscape_0046.jpeg"
image_positive_thumbnail_id_1="696"
image_positive_url_1="https://hehge.com/wp-content/uploads/sites/16/2023/06/MI_Finance_Positive_Landscape_0012.jpeg"
image_positive_thumbnail_id_2="675"
image_positive_url_2="https://hehge.com/wp-content/uploads/sites/16/2023/06/MI_Finance_Positive_Landscape_0033.jpeg"
image_professor_thumbnail_id_1="1172"
image_professor_url_1="https://hehge.com/wp-content/uploads/sites/16/2023/06/MI_Finance_Professor_Landscape_0006.jpeg"
image_professor_thumbnail_id_2="1174"
image_professor_url_2="https://hehge.com/wp-content/uploads/sites/16/2023/06/MI_Finance_Professor_Landscape_0008.jpeg"
