Symbol="RNG"
AssetType="Common Stock"
Name="Ringcentral Inc"
Description="RingCentral, Inc. offers software-as-a-service solutions that enable businesses to communicate, collaborate, and connect in North America. The company is headquartered in Belmont, California."
CIK="1384905"
Exchange="NYSE"
Currency="USD"
Country="USA"
Sector="TECHNOLOGY"
Industry="SERVICES-COMPUTER PROCESSING & DATA PREPARATION"
Address="20 DAVIS DRIVE, BELMONT, CA, US"
FiscalYearEnd="December"
LatestQuarter="2023-03-31"
MarketCapitalization="3273649000"
EBITDA="-51441000"
PERatio="None"
PEGRatio="0.438"
BookValue="-4.937"
DividendPerShare="0"
DividendYield="0"
EPS="-8.09"
RevenuePerShareTTM="21.51"
ProfitMargin="-0.381"
OperatingMarginTTM="-0.143"
ReturnOnAssetsTTM="-0.0798"
ReturnOnEquityTTM="-6.89"
RevenueTTM="2054363000"
GrossProfitTTM="1346599000"
DilutedEPSTTM="-8.09"
QuarterlyEarningsGrowthYOY="0"
QuarterlyRevenueGrowthYOY="0.141"
AnalystTargetPrice="46.16"
TrailingPE="-"
ForwardPE="14.6"
PriceToSalesRatioTTM="2.018"
PriceToBookRatio="102.83"
EVToRevenue="2.922"
EVToEBITDA="-12.19"
Beta="0.879"
num_52WeekHigh="59.63"
num_52WeekLow="25.32"
num_50DayMovingAverage="31.56"
num_200DayMovingAverage="34.36"
SharesOutstanding="86105000"
DividendDate="None"
ExDividendDate="None"
symbol="RNG"
open="34.30"
high="35.42"
low="34.19"
price="35.12"
volume="1427692.00"
latest_trading_day="2023-07-11"
previous_close="34.09"
change="1.03"
change_percent="3.0214%"
aroon_positive_momentum_days="43"
aroon_negative_momentum_days="0"
trend_strength="Absent or Weak Trend"
buying_signal="Weak Buy Signal"
volume_analysis="Target Volume"
value_analysis="Expected Range"
Aroon_change="FALSE"
Aroon_momentum="43"
Volume_recent_avg="2107125"
Change_recent_avg="-0.04"
Delta_recent_avg="1.47"
Variance_recent_avg="0.73"
Change_ratio_recent_avg="-0.2"
RSI_change="FALSE"
ADX_change="FALSE"

event="FALSE"
Aroon_signal="positive"
Aroon_change="FALSE"
Aroon_momentum_positive="43"
Aroon_momentum_negative="57"
image_negative_thumbnail_id_1="121"
image_negative_url_1="https://hehge.com/wp-content/uploads/sites/16/2023/05/MI_Finance_Negative_Landscape_0055.jpeg"
image_negative_thumbnail_id_2="1160"
image_negative_url_2="https://hehge.com/wp-content/uploads/sites/16/2023/06/MI_Finance_Negative_Landscape_0194.jpeg"
image_neutral_thumbnail_id_1="549"
image_neutral_url_1="https://hehge.com/wp-content/uploads/sites/16/2023/06/MI_Finance_Neutral_Landscape_0050.jpeg"
image_neutral_thumbnail_id_2="527"
image_neutral_url_2="https://hehge.com/wp-content/uploads/sites/16/2023/06/MI_Finance_Neutral_Landscape_0072.jpeg"
image_positive_thumbnail_id_1="984"
image_positive_url_1="https://hehge.com/wp-content/uploads/sites/16/2023/06/MI_Finance_Positive_Landscape_0146.jpeg"
image_positive_thumbnail_id_2="702"
image_positive_url_2="https://hehge.com/wp-content/uploads/sites/16/2023/06/MI_Finance_Positive_Landscape_0006.jpeg"
image_professor_thumbnail_id_1="1171"
image_professor_url_1="https://hehge.com/wp-content/uploads/sites/16/2023/06/MI_Finance_Professor_Landscape_0005.jpeg"
image_professor_thumbnail_id_2="1204"
image_professor_url_2="https://hehge.com/wp-content/uploads/sites/16/2023/06/MI_Finance_Professor_Landscape_0038.jpeg"
